 4146 root         RT   0    0    0    0 S 13.3   0.0   0:08.02 [UVCG]
 4460 root          0 -20    0    0    0 I 10.0   0.0   0:03.07 [kworker/u33:4-uvcgadget]
 1296 root         20   0  11G  52M  48M S 10.0   1.0   1:01.45 vendor.qti.hardware.umd-camera-service
  186 root          0 -20    0    0    0 I 10.0   0.0   0:03.45 [kworker/u33:1-uvcgadget]
  164 root         20   0    0    0    0 I  6.6   0.0   0:01.23 [kworker/u32:7-crm_workq-icp_command_queue]
   85 root         20   0    0    0    0 I  6.6   0.0   0:01.12 [kworker/u32:2-crm_workq-cam_lrme_device_submi]
 4409 root         20   0  10G 4.5M 4.0M S  3.3   0.0   0:01.79 logcat -v time -s UmdVideoData UmdCamera UMD umd
 4693 root         20   0  10G 4.8M 4.5M S  0.0   0.0   0:00.01 grep -E umd|UVCG|uvcgadget|kworker
 4457 root          0 -20    0    0    0 I  0.0   0.0   0:00.27 [kworker/u33:3-uvcgadget]
 4132 u0_a134      20   0  16G 127M  74M S  0.0   2.5   0:00.13 org.codeaurora.umdadaptor
 3963 root          0 -20    0    0    0 I  0.0   0.0   0:00.00 [kworker/R-tc956xmac_mbx_wq]
 3719 root          0 -20    0    0    0 I  0.0   0.0   0:02.74 [kworker/u33:2-HIPRIO_SYNC_WORK_QUEUE]
 1995 root          0 -20    0    0    0 I  0.0   0.0   0:00.00 [kworker/7:19H]
 1994 root          0 -20    0    0    0 I  0.0   0.0   0:00.00 [kworker/7:18H]
 1993 root          0 -20    0    0    0 I  0.0   0.0   0:00.00 [kworker/7:17H-kverityd]
 1992 root          0 -20    0    0    0 I  0.0   0.0   0:00.00 [kworker/7:16H-kverityd]
 1991 root          0 -20    0    0    0 I  0.0   0.0   0:00.00 [kworker/7:15H-kverityd]
 1990 root          0 -20    0    0    0 I  0.0   0.0   0:00.00 [kworker/7:14H-kverityd]
 1989 root          0 -20    0    0    0 I  0.0   0.0   0:00.00 [kworker/7:13H-kverityd]
 1988 root          0 -20    0    0    0 I  0.0   0.0   0:00.00 [kworker/7:12H-kverityd]
 1987 root          0 -20    0    0    0 I  0.0   0.0   0:00.00 [kworker/7:11H-kverityd]
 1986 root          0 -20    0    0    0 I  0.0   0.0   0:00.00 [kworker/7:10H-kverityd]
 1985 root          0 -20    0    0    0 I  0.0   0.0   0:00.00 [kworker/7:9H-kverityd]
 1984 root          0 -20    0    0    0 I  0.0   0.0   0:00.00 [kworker/7:8H-kverityd]
 1983 root          0 -20    0    0    0 I  0.0   0.0   0:00.00 [kworker/7:7H-kverityd]
 1982 root          0 -20    0    0    0 I  0.0   0.0   0:00.00 [kworker/7:6H-kverityd]
 1981 root          0 -20    0    0    0 I  0.0   0.0   0:00.00 [kworker/7:5H-kverityd]
 1980 root          0 -20    0    0    0 I  0.0   0.0   0:00.00 [kworker/7:4H-kverityd]
 1478 root         20   0    0    0    0 I  0.0   0.0   0:00.00 [kworker/0:15-rcu_gp]
 1468 root         20   0    0    0    0 I  0.0   0.0   0:00.14 [kworker/0:14-events]
 1458 root         20   0    0    0    0 I  0.0   0.0   0:00.00 [kworker/0:13]
 1457 root         20   0    0    0    0 I  0.0   0.0   0:00.00 [kworker/0:12-device_link_wq]
 1456 root         20   0    0    0    0 I  0.0   0.0   0:00.00 [kworker/0:11-device_link_wq]
 1443 root         20   0    0    0    0 I  0.0   0.0   0:00.00 [kworker/0:10-device_link_wq]
 1442 root         20   0    0    0    0 I  0.0   0.0   0:00.00 [kworker/0:9-device_link_wq]
 1403 root         20   0    0    0    0 I  0.0   0.0   0:00.00 [kworker/0:8-device_link_wq]
 1402 root         20   0    0    0    0 I  0.0   0.0   0:00.00 [kworker/0:7-device_link_wq]
 1295 root         20   0  11G  17M  15M S  0.0   0.3   0:00.04 vendor.qti.hardware.umd-audio-service
 1169 root          0 -20    0    0    0 I  0.0   0.0   0:00.00 [kworker/R-soc:qcom,pmic_glink:qcom,ucsi-c]
 1134 root         20   0    0    0    0 I  0.0   0.0   0:00.00 [kworker/0:6-device_link_wq]
 1133 root         20   0    0    0    0 I  0.0   0.0   0:00.00 [kworker/0:5-device_link_wq]
 1131 root         20   0    0    0    0 I  0.0   0.0   0:00.00 [kworker/0:4-device_link_wq]
 1124 root          0 -20    0    0    0 I  0.0   0.0   0:00.00 [kworker/R-qdss_sw]
 1123 root          0 -20    0    0    0 I  0.0   0.0   0:00.00 [kworker/R-qdss_mdm]
 1122 root          0 -20    0    0    0 I  0.0   0.0   0:00.00 [kworker/R-qdss]
 1118 root          0 -20    0    0    0 I  0.0   0.0   0:00.00 [kworker/R-at_usb2]
 1117 root          0 -20    0    0    0 I  0.0   0.0   0:00.00 [kworker/R-at_usb1]
 1116 root          0 -20    0    0    0 I  0.0   0.0   0:00.00 [kworker/R-at_usb0]
 1111 root          0 -20    0    0    0 I  0.0   0.0   0:00.00 [kworker/R-pdr_notifier_wq]
 1110 root          0 -20    0    0    0 I  0.0   0.0   0:00.00 [kworker/R-pdr_notifier_wq]
 1109 root          0 -20    0    0    0 I  0.0   0.0   0:00.00 [kworker/R-pdr_notifier_wq]
 1104 root          0 -20    0    0    0 I  0.0   0.0   0:00.00 [kworker/R-pdr_notifier_wq]
  985 root          0 -20    0    0    0 I  0.0   0.0   0:00.00 [kworker/R-ext4-rsv-conversion]
  984 root          0 -20    0    0    0 I  0.0   0.0   0:00.00 [kworker/R-ext4-rsv-conversion]
  983 root          0 -20    0    0    0 I  0.0   0.0   0:00.00 [kworker/R-kverityd]
  982 root          0 -20    0    0    0 I  0.0   0.0   0:00.00 [kworker/R-ext4-rsv-conversion]
  981 root          0 -20    0    0    0 I  0.0   0.0   0:00.00 [kworker/R-kverityd]
  980 root          0 -20    0    0    0 I  0.0   0.0   0:00.00 [kworker/R-kverityd]
  979 root          0 -20    0    0    0 I  0.0   0.0   0:00.00 [kworker/R-ext4-rsv-conversion]
  978 root          0 -20    0    0    0 I  0.0   0.0   0:00.00 [kworker/R-ext4-rsv-conversion]
  977 root          0 -20    0    0    0 I  0.0   0.0   0:00.00 [kworker/R-kverityd]
  976 root          0 -20    0    0    0 I  0.0   0.0   0:00.00 [kworker/R-kverityd]
  975 root          0 -20    0    0    0 I  0.0   0.0   0:00.00 [kworker/R-ext4-rsv-conversion]
  974 root          0 -20    0    0    0 I  0.0   0.0   0:00.00 [kworker/R-ext4-rsv-conversion]
  973 root          0 -20    0    0    0 I  0.0   0.0   0:00.00 [kworker/R-ext4-rsv-conversion]
  972 root          0 -20    0    0    0 I  0.0   0.0   0:00.00 [kworker/R-ext4-rsv-conversion]
  971 root          0 -20    0    0    0 I  0.0   0.0   0:00.00 [kworker/R-ext4-rsv-conversion]
  970 root          0 -20    0    0    0 I  0.0   0.0   0:00.00 [kworker/R-kverityd]
  969 root          0 -20    0    0    0 I  0.0   0.0   0:00.00 [kworker/R-kverityd]
  968 root          0 -20    0    0    0 I  0.0   0.0   0:00.00 [kworker/R-ext4-rsv-conversion]
  967 root          0 -20    0    0    0 I  0.0   0.0   0:00.00 [kworker/R-ext4-rsv-conversion]
  966 root          0 -20    0    0    0 I  0.0   0.0   0:00.00 [kworker/R-ext4-rsv-conversion]
  965 root          0 -20    0    0    0 I  0.0   0.0   0:00.00 [kworker/R-ext4-rsv-conversion]
  964 root          0 -20    0    0    0 I  0.0   0.0   0:00.00 [kworker/R-ext4-rsv-conversion]
  963 root          0 -20    0    0    0 I  0.0   0.0   0:00.00 [kworker/R-ext4-rsv-conversion]
  962 root          0 -20    0    0    0 I  0.0   0.0   0:00.00 [kworker/R-ext4-rsv-conversion]
  961 root          0 -20    0    0    0 I  0.0   0.0   0:00.00 [kworker/R-ext4-rsv-conversion]
  960 root          0 -20    0    0    0 I  0.0   0.0   0:00.00 [kworker/R-ext4-rsv-conversion]
  959 root          0 -20    0    0    0 I  0.0   0.0   0:00.00 [kworker/R-ext4-rsv-conversion]
  958 root          0 -20    0    0    0 I  0.0   0.0   0:00.00 [kworker/R-ext4-rsv-conversion]
  957 root          0 -20    0    0    0 I  0.0   0.0   0:00.00 [kworker/R-ext4-rsv-conversion]
  956 root          0 -20    0    0    0 I  0.0   0.0   0:00.00 [kworker/R-ext4-rsv-conversion]
  955 root          0 -20    0    0    0 I  0.0   0.0   0:00.00 [kworker/R-ext4-rsv-conversion]
  954 root          0 -20    0    0    0 I  0.0   0.0   0:00.00 [kworker/R-ext4-rsv-conversion]
  953 root          0 -20    0    0    0 I  0.0   0.0   0:00.00 [kworker/R-kverityd]
  952 root          0 -20    0    0    0 I  0.0   0.0   0:00.00 [kworker/R-kverityd]
  951 root          0 -20    0    0    0 I  0.0   0.0   0:00.00 [kworker/R-kverityd]
  950 root          0 -20    0    0    0 I  0.0   0.0   0:00.00 [kworker/R-kverityd]
  949 root          0 -20    0    0    0 I  0.0   0.0   0:00.00 [kworker/R-kverityd]
  948 root          0 -20    0    0    0 I  0.0   0.0   0:00.00 [kworker/R-kverityd]
  947 root          0 -20    0    0    0 I  0.0   0.0   0:00.00 [kworker/R-kverityd]
  946 root          0 -20    0    0    0 I  0.0   0.0   0:00.00 [kworker/R-kverityd]
  945 root          0 -20    0    0    0 I  0.0   0.0   0:00.00 [kworker/R-ext4-rsv-conversion]
  944 root          0 -20    0    0    0 I  0.0   0.0   0:00.00 [kworker/R-kverityd]
  943 root          0 -20    0    0    0 I  0.0   0.0   0:00.00 [kworker/R-kverityd]
  942 root          0 -20    0    0    0 I  0.0   0.0   0:00.00 [kworker/R-kverityd]
  941 root          0 -20    0    0    0 I  0.0   0.0   0:00.00 [kworker/R-kverityd]
  940 root          0 -20    0    0    0 I  0.0   0.0   0:00.00 [kworker/R-kverityd]
  939 root          0 -20    0    0    0 I  0.0   0.0   0:00.00 [kworker/R-ext4-rsv-conversion]
  938 root          0 -20    0    0    0 I  0.0   0.0   0:00.00 [kworker/R-ext4-rsv-conversion]
  937 root          0 -20    0    0    0 I  0.0   0.0   0:00.00 [kworker/R-kverityd]
  936 root          0 -20    0    0    0 I  0.0   0.0   0:00.00 [kworker/R-ext4-rsv-conversion]
  935 root          0 -20    0    0    0 I  0.0   0.0   0:00.00 [kworker/R-ext4-rsv-conversion]
  934 root          0 -20    0    0    0 I  0.0   0.0   0:00.00 [kworker/R-ext4-rsv-conversion]
  933 root          0 -20    0    0    0 I  0.0   0.0   0:00.00 [kworker/R-kverityd]
  932 root          0 -20    0    0    0 I  0.0   0.0   0:00.00 [kworker/R-ext4-rsv-conversion]
  931 root          0 -20    0    0    0 I  0.0   0.0   0:00.00 [kworker/R-kverityd]
  930 root          0 -20    0    0    0 I  0.0   0.0   0:00.00 [kworker/R-ext4-rsv-conversion]
  929 root          0 -20    0    0    0 I  0.0   0.0   0:00.00 [kworker/R-kverityd]
  928 root          0 -20    0    0    0 I  0.0   0.0   0:00.00 [kworker/R-kverityd]
  927 root          0 -20    0    0    0 I  0.0   0.0   0:00.00 [kworker/R-ext4-rsv-conversion]
  926 root          0 -20    0    0    0 I  0.0   0.0   0:00.00 [kworker/R-dio/dm-5]
  925 root          0 -20    0    0    0 I  0.0   0.0   0:00.00 [kworker/R-ext4-rsv-conversion]
  924 root          0 -20    0    0    0 I  0.0   0.0   0:00.00 [kworker/R-kverityd]
  923 root          0 -20    0    0    0 I  0.0   0.0   0:00.00 [kworker/R-kverityd]
  922 root          0 -20    0    0    0 I  0.0   0.0   0:00.00 [kworker/R-kverityd]
  921 root          0 -20    0    0    0 I  0.0   0.0   0:00.00 [kworker/R-ext4-rsv-conversion]
  920 root          0 -20    0    0    0 I  0.0   0.0   0:00.00 [kworker/R-ext4-rsv-conversion]
  919 root          0 -20    0    0    0 I  0.0   0.0   0:00.00 [kworker/R-ext4-rsv-conversion]
  918 root          0 -20    0    0    0 I  0.0   0.0   0:00.00 [kworker/R-ext4-rsv-conversion]
  917 root          0 -20    0    0    0 I  0.0   0.0   0:00.00 [kworker/R-ext4-rsv-conversion]
  916 root          0 -20    0    0    0 I  0.0   0.0   0:00.00 [kworker/R-ext4-rsv-conversion]
  915 root          0 -20    0    0    0 I  0.0   0.0   0:00.00 [kworker/R-ext4-rsv-conversion]
  914 root          0 -20    0    0    0 I  0.0   0.0   0:00.00 [kworker/R-ext4-rsv-conversion]
  913 root          0 -20    0    0    0 I  0.0   0.0   0:00.00 [kworker/R-ext4-rsv-conversion]
  912 root          0 -20    0    0    0 I  0.0   0.0   0:00.00 [kworker/R-ext4-rsv-conversion]
  902 root          0 -20    0    0    0 I  0.0   0.0   0:00.00 [kworker/R-dio/dm-4]
  899 root          0 -20    0    0    0 I  0.0   0.0   0:00.00 [kworker/R-dio/dm-54]
  702 root          0 -20    0    0    0 I  0.0   0.0   0:00.00 [kworker/R-sdm_dp_audio_notify]
  699 root          0 -20    0    0    0 I  0.0   0.0   0:00.00 [kworker/R-drm_dp]
  696 root          0 -20    0    0    0 I  0.0   0.0   0:00.00 [kworker/R-drm_dp]
  695 root          0 -20    0    0    0 I  0.0   0.0   0:00.00 [kworker/R-dsi_post_cmd_tx_workq]
  681 root          0 -20    0    0    0 I  0.0   0.0   0:00.00 [kworker/R-kgsl_devfreq_wq]
  663 root          0 -20    0    0    0 I  0.0   0.0   0:00.00 [kworker/R-kgsl-lockless-work]
  662 root          0 -20    0    0    0 I  0.0   0.0   0:00.00 [kworker/R-kgsl-workqueue]
  646 root          0 -20    0    0    0 I  0.0   0.0   0:00.00 [kworker/R-cam_cci_wq]
  645 root          0 -20    0    0    0 I  0.0   0.0   0:00.00 [kworker/R-cam_cci_wq]
  643 root          0 -20    0    0    0 I  0.0   0.0   0:00.00 [kworker/R-cam_cci_wq]
  642 root          0 -20    0    0    0 I  0.0   0.0   0:00.00 [kworker/R-cam_cci_wq]
  637 root          0 -20    0    0    0 I  0.0   0.0   0:00.00 [kworker/R-batch_workq]
  636 root          0 -20    0    0    0 I  0.0   0.0   0:00.00 [kworker/R-pm_workq]
  634 root          0 -20    0    0    0 I  0.0   0.0   0:00.00 [kworker/R-qcom,cam170-cpas-cdm003]
  633 root          0 -20    0    0    0 I  0.0   0.0   0:00.00 [kworker/R-qcom,cam170-cpas-cdm002]
  632 root          0 -20    0    0    0 I  0.0   0.0   0:00.00 [kworker/R-qcom,cam170-cpas-cdm001]
  631 root          0 -20    0    0    0 I  0.0   0.0   0:00.00 [kworker/R-qcom,cam170-cpas-cdm000]
  629 root          0 -20    0    0    0 I  0.0   0.0   0:00.00 [kworker/R-qcom,cam_virtual_cdm]
  628 root          0 -20    0    0    0 I  0.0   0.0   0:00.00 [kworker/R-cam-cpas]
  617 root          0 -20    0    0    0 I  0.0   0.0   0:00.00 [kworker/R-qcrypto_seq_response_wq]
  601 root          0 -20    0    0    0 I  0.0   0.0   0:00.00 [kworker/R-cds_recovery_workqueue]
  592 root          0 -20    0    0    0 I  0.0   0.0   0:00.00 [kworker/7:3H-kverityd]
  577 root          0 -20    0    0    0 I  0.0   0.0   0:00.00 [kworker/R-kdmflush/254:54]
  565 root          0 -20    0    0    0 I  0.0   0.0   0:00.00 [kworker/R-ext4-rsv-conversion]
  563 root          0 -20    0    0    0 I  0.0   0.0   0:00.00 [kworker/4:3H]
  557 root          0 -20    0    0    0 I  0.0   0.0   0:00.00 [kworker/6:3H]
  556 root          0 -20    0    0    0 I  0.0   0.0   0:00.00 [kworker/R-ext4-rsv-conversion]
  549 root          0 -20    0    0    0 I  0.0   0.0   0:00.01 [kworker/7:2H-kblockd]
  548 root          0 -20    0    0    0 I  0.0   0.0   0:00.00 [kworker/6:2H-kblockd]
  547 root          0 -20    0    0    0 I  0.0   0.0   0:00.00 [kworker/5:2H]
  546 root          0 -20    0    0    0 I  0.0   0.0   0:00.00 [kworker/4:2H-kblockd]
  545 root          0 -20    0    0    0 I  0.0   0.0   0:00.00 [kworker/3:2H]
  544 root          0 -20    0    0    0 I  0.0   0.0   0:00.00 [kworker/2:2H]
  543 root          0 -20    0    0    0 I  0.0   0.0   0:00.00 [kworker/0:3H]
  542 root          0 -20    0    0    0 I  0.0   0.0   0:00.00 [kworker/1:2H]
  541 root          0 -20    0    0    0 I  0.0   0.0   0:00.02 [kworker/0:2H-kverityd]
  535 root         20   0    0    0    0 I  0.0   0.0   0:00.00 [kworker/5:14]
  534 root         20   0    0    0    0 I  0.0   0.0   0:00.00 [kworker/5:13]
  531 root         20   0    0    0    0 I  0.0   0.0   0:00.00 [kworker/6:20]
  530 root         20   0    0    0    0 I  0.0   0.0   0:00.00 [kworker/6:19-rcu_gp]
  529 root         20   0    0    0    0 I  0.0   0.0   0:00.00 [kworker/6:18-pm]
  528 root         20   0    0    0    0 I  0.0   0.0   0:00.01 [kworker/6:17-mm_percpu_wq]
  527 root         20   0    0    0    0 I  0.0   0.0   0:00.00 [kworker/6:16-events]
  526 root         20   0    0    0    0 I  0.0   0.0   0:00.00 [kworker/6:15-device_link_wq]
  525 root         20   0    0    0    0 I  0.0   0.0   0:00.00 [kworker/0:3-device_link_wq]
  523 root         20   0    0    0    0 I  0.0   0.0   0:00.00 [kworker/6:14-cgroup_release]
  522 root         20   0    0    0    0 I  0.0   0.0   0:00.00 [kworker/6:13-rcu_gp]
  521 root         20   0    0    0    0 I  0.0   0.0   0:00.00 [kworker/6:12-device_link_wq]
  520 root         20   0    0    0    0 I  0.0   0.0   0:00.00 [kworker/6:11-device_link_wq]
  519 root         20   0    0    0    0 I  0.0   0.0   0:00.00 [kworker/6:10-device_link_wq]
  518 root         20   0    0    0    0 I  0.0   0.0   0:00.00 [kworker/6:9-device_link_wq]
  517 root         20   0    0    0    0 I  0.0   0.0   0:00.00 [kworker/6:8-device_link_wq]
  516 root         20   0    0    0    0 I  0.0   0.0   0:00.03 [kworker/5:12-mm_percpu_wq]
  515 root         20   0    0    0    0 I  0.0   0.0   0:00.00 [kworker/5:11-rcu_gp]
  514 root         20   0    0    0    0 I  0.0   0.0   0:00.00 [kworker/6:7-device_link_wq]
  513 root         20   0    0    0    0 I  0.0   0.0   0:00.00 [kworker/5:10-device_link_wq]
  512 root         20   0    0    0    0 I  0.0   0.0   0:00.00 [kworker/6:6-device_link_wq]
  511 root         20   0    0    0    0 I  0.0   0.0   0:00.00 [kworker/5:9-device_link_wq]
  510 root         20   0    0    0    0 I  0.0   0.0   0:00.00 [kworker/5:8-device_link_wq]
  509 root         20   0    0    0    0 I  0.0   0.0   0:00.00 [kworker/6:5-device_link_wq]
  508 root         20   0    0    0    0 I  0.0   0.0   0:00.00 [kworker/6:4-device_link_wq]
  506 root         20   0    0    0    0 I  0.0   0.0   0:00.00 [kworker/5:7-device_link_wq]
  498 root         20   0    0    0    0 I  0.0   0.0   0:00.02 [kworker/4:6-mm_percpu_wq]
  495 root         20   0    0    0    0 I  0.0   0.0   0:00.00 [kworker/4:5-device_link_wq]
  494 root         20   0    0    0    0 I  0.0   0.0   0:00.00 [kworker/4:4-rcu_gp]
  493 root         20   0    0    0    0 I  0.0   0.0   0:00.00 [kworker/4:3-device_link_wq]
  489 root          0 -20    0    0    0 I  0.0   0.0   0:00.00 [kworker/R-cfg80211]
  471 root          0 -20    0    0    0 I  0.0   0.0   0:00.00 [kworker/R-rq_stats]
  467 root          0 -20    0    0    0 I  0.0   0.0   0:00.00 [kworker/R-k_ipa_usb]
  463 root         20   0    0    0    0 I  0.0   0.0   0:00.00 [kworker/1:4]
  452 root          0 -20    0    0    0 I  0.0   0.0   0:00.00 [kworker/R-ngd_master]
  451 root          0 -20    0    0    0 I  0.0   0.0   0:00.00 [kworker/R-pdr_notifier_wq]
  447 root          0 -20    0    0    0 I  0.0   0.0   0:00.00 [kworker/R-memlat_wq]
  440 root          0 -20    0    0    0 I  0.0   0.0   0:00.00 [kworker/R-bwmon_wq]
  437 root         20   0    0    0    0 I  0.0   0.0   0:00.00 [kworker/7:17]
  436 root         20   0    0    0    0 I  0.0   0.0   0:00.00 [kworker/7:16]
  435 root         20   0    0    0    0 I  0.0   0.0   0:00.00 [kworker/7:15-events]
  434 root         20   0    0    0    0 I  0.0   0.0   0:00.03 [kworker/7:14-events]
  433 root         20   0    0    0    0 I  0.0   0.0   0:00.00 [kworker/7:13-device_link_wq]
  432 root         20   0    0    0    0 I  0.0   0.0   0:00.06 [kworker/7:12-events]
  431 root         20   0    0    0    0 I  0.0   0.0   0:00.00 [kworker/7:11-device_link_wq]
  430 root         20   0    0    0    0 I  0.0   0.0   0:00.00 [kworker/7:10-device_link_wq]
  429 root         20   0    0    0    0 I  0.0   0.0   0:00.00 [kworker/7:9-device_link_wq]
  428 root         20   0    0    0    0 I  0.0   0.0   0:00.00 [kworker/7:8-device_link_wq]
  427 root         20   0    0    0    0 I  0.0   0.0   0:00.00 [kworker/7:7-device_link_wq]
  426 root         20   0    0    0    0 I  0.0   0.0   0:00.00 [kworker/7:6-device_link_wq]
  425 root         20   0    0    0    0 I  0.0   0.0   0:00.00 [kworker/7:5-device_link_wq]
  424 root         20   0    0    0    0 I  0.0   0.0   0:00.00 [kworker/7:4-rcu_gp]
  423 root         20   0    0    0    0 I  0.0   0.0   0:00.00 [kworker/7:3-rcu_gp]
  420 root          0 -20    0    0    0 I  0.0   0.0   0:00.00 [kworker/R-byte-cntr]
  409 root          0 -20    0    0    0 I  0.0   0.0   0:00.00 [kworker/R-cpucp_wq]
  408 root          0 -20    0    0    0 I  0.0   0.0   0:00.00 [kworker/R-cdsprm-wq-delay]
  403 root          0 -20    0    0    0 I  0.0   0.0   0:00.00 [kworker/R-pmic_glink_rx]
  402 root         20   0    0    0    0 I  0.0   0.0   0:00.00 [kworker/1:3-rcu_gp]
  401 root         20   0    0    0    0 I  0.0   0.0   0:00.08 [kworker/1:2-events]
  400 root          0 -20    0    0    0 I  0.0   0.0   0:00.00 [kworker/R-pdr_notifier_wq]
  399 root          0 -20    0    0    0 I  0.0   0.0   0:00.00 [kworker/R-pmic_glink_rx]
  397 root         20   0    0    0    0 I  0.0   0.0   0:00.61 [kworker/u32:9-ufs_clkscaling_0]
  396 root         20   0    0    0    0 I  0.0   0.0   0:00.00 [kworker/5:6-rcu_gp]
  395 root         20   0    0    0    0 I  0.0   0.0   0:00.00 [kworker/5:5-rcu_gp]
  394 root         20   0    0    0    0 I  0.0   0.0   0:00.00 [kworker/5:4-device_link_wq]
  393 root         20   0    0    0    0 I  0.0   0.0   0:00.00 [kworker/5:3-device_link_wq]
  392 root          0 -20    0    0    0 I  0.0   0.0   0:00.00 [kworker/R-mpcie_wq]
  390 root         20   0    0    0    0 I  0.0   0.0   0:00.00 [kworker/3:4-rcu_gp]
  389 root         20   0    0    0    0 I  0.0   0.0   0:00.00 [kworker/3:3]
  339 root         20   0    0    0    0 I  0.0   0.0   0:00.00 [kworker/4:2-device_link_wq]
  304 root          0 -20    0    0    0 I  0.0   0.0   0:00.00 [kworker/R-ext4-rsv-conversion]
  302 root          0 -20    0    0    0 I  0.0   0.0   0:00.00 [kworker/R-ext4-rsv-conversion]
  298 root          0 -20    0    0    0 I  0.0   0.0   0:00.00 [kworker/R-ext4-rsv-conversion]
  295 root          0 -20    0    0    0 I  0.0   0.0   0:00.00 [kworker/R-dio/dm-2]
  290 root          0 -20    0    0    0 I  0.0   0.0   0:00.00 [kworker/R-kdmflush/254:53]
  289 root          0 -20    0    0    0 I  0.0   0.0   0:00.00 [kworker/R-kdmflush/254:52]
  287 root          0 -20    0    0    0 I  0.0   0.0   0:00.00 [kworker/R-kdmflush/254:50]
  283 root          0 -20    0    0    0 I  0.0   0.0   0:00.00 [kworker/R-kdmflush/254:46]
  282 root          0 -20    0    0    0 I  0.0   0.0   0:00.00 [kworker/R-kdmflush/254:45]
  281 root          0 -20    0    0    0 I  0.0   0.0   0:00.00 [kworker/R-kdmflush/254:44]
  280 root          0 -20    0    0    0 I  0.0   0.0   0:00.00 [kworker/R-kdmflush/254:43]
  276 root          0 -20    0    0    0 I  0.0   0.0   0:00.00 [kworker/R-kdmflush/254:39]
  275 root          0 -20    0    0    0 I  0.0   0.0   0:00.00 [kworker/R-kdmflush/254:38]
  274 root          0 -20    0    0    0 I  0.0   0.0   0:00.00 [kworker/R-kdmflush/254:37]
  272 root          0 -20    0    0    0 I  0.0   0.0   0:00.00 [kworker/R-kdmflush/254:35]
  271 root          0 -20    0    0    0 I  0.0   0.0   0:00.00 [kworker/R-kdmflush/254:34]
  270 root          0 -20    0    0    0 I  0.0   0.0   0:00.00 [kworker/R-kdmflush/254:33]
  269 root          0 -20    0    0    0 I  0.0   0.0   0:00.00 [kworker/R-kdmflush/254:32]
  267 root          0 -20    0    0    0 I  0.0   0.0   0:00.00 [kworker/R-kdmflush/254:30]
  265 root          0 -20    0    0    0 I  0.0   0.0   0:00.00 [kworker/R-kdmflush/254:28]
  264 root          0 -20    0    0    0 I  0.0   0.0   0:00.00 [kworker/R-kdmflush/254:27]
  263 root          0 -20    0    0    0 I  0.0   0.0   0:00.00 [kworker/R-kdmflush/254:26]
  262 root          0 -20    0    0    0 I  0.0   0.0   0:00.00 [kworker/R-kdmflush/254:25]
  261 root          0 -20    0    0    0 I  0.0   0.0   0:00.00 [kworker/R-kdmflush/254:24]
  259 root          0 -20    0    0    0 I  0.0   0.0   0:00.00 [kworker/R-kdmflush/254:22]
  257 root          0 -20    0    0    0 I  0.0   0.0   0:00.00 [kworker/R-kdmflush/254:20]
  255 root          0 -20    0    0    0 I  0.0   0.0   0:00.00 [kworker/R-kdmflush/254:18]
  253 root          0 -20    0    0    0 I  0.0   0.0   0:00.00 [kworker/R-kdmflush/254:16]
  250 root          0 -20    0    0    0 I  0.0   0.0   0:00.00 [kworker/R-kdmflush/254:13]
  248 root          0 -20    0    0    0 I  0.0   0.0   0:00.00 [kworker/R-kdmflush/254:11]
  246 root          0 -20    0    0    0 I  0.0   0.0   0:00.00 [kworker/R-kdmflush/254:9]
  245 root          0 -20    0    0    0 I  0.0   0.0   0:00.00 [kworker/R-kdmflush/254:8]
  225 root          0 -20    0    0    0 I  0.0   0.0   0:00.02 [kworker/2:1H-kblockd]
  212 root          0 -20    0    0    0 I  0.0   0.0   0:00.02 [kworker/3:1H-events_highpri]
  195 root          0 -20    0    0    0 I  0.0   0.0   0:00.00 [kworker/5:1H-kverityd]
  185 root          0 -20    0    0    0 I  0.0   0.0   0:00.00 [kworker/R-kdmflush/254:7]
  184 root          0 -20    0    0    0 I  0.0   0.0   0:00.00 [kworker/R-ext4-rsv-conversion]
  183 root          0 -20    0    0    0 I  0.0   0.0   0:00.00 [kworker/R-ext4-rsv-conversion]
  182 root          0 -20    0    0    0 I  0.0   0.0   0:00.00 [kworker/R-ext4-rsv-conversion]
  181 root          0 -20    0    0    0 I  0.0   0.0   0:00.00 [kworker/R-ext4-rsv-conversion]
  180 root          0 -20    0    0    0 I  0.0   0.0   0:00.00 [kworker/R-ext4-rsv-conversion]
  179 root          0 -20    0    0    0 I  0.0   0.0   0:00.00 [kworker/R-ext4-rsv-conversion]
  178 root          0 -20    0    0    0 I  0.0   0.0   0:00.00 [kworker/R-ext4-rsv-conversion]
  177 root          0 -20    0    0    0 I  0.0   0.0   0:00.00 [kworker/R-kdmflush/254:6]
  176 root          0 -20    0    0    0 I  0.0   0.0   0:00.00 [kworker/R-kdmflush/254:5]
  175 root          0 -20    0    0    0 I  0.0   0.0   0:00.00 [kworker/R-kdmflush/254:4]
  174 root          0 -20    0    0    0 I  0.0   0.0   0:00.00 [kworker/R-kdmflush/254:3]
  173 root          0 -20    0    0    0 I  0.0   0.0   0:00.00 [kworker/R-kdmflush/254:2]
  172 root          0 -20    0    0    0 I  0.0   0.0   0:00.00 [kworker/R-kdmflush/254:1]
  171 root          0 -20    0    0    0 I  0.0   0.0   0:00.00 [kworker/R-kdmflush/254:0]
  166 root          0 -20    0    0    0 I  0.0   0.0   0:00.02 [kworker/1:1H-events_highpri]
  165 root         20   0    0    0    0 I  0.0   0.0   0:00.00 [kworker/u32:8-async]
  163 root         20   0    0    0    0 I  0.0   0.0   0:00.00 [kworker/5:2-device_link_wq]
  162 root          0 -20    0    0    0 I  0.0   0.0   0:00.00 [kworker/R-ufs_clkscaling_0]
  160 root          0 -20    0    0    0 I  0.0   0.0   0:00.00 [kworker/R-ufs_clk_gating_0]
  159 root          0 -20    0    0    0 I  0.0   0.0   0:00.00 [kworker/R-ufs_eh_wq_0]
  158 root          0 -20    0    0    0 I  0.0   0.0   0:00.00 [kworker/R-qc_ufs_qos_swq]
  157 root          0 -20    0    0    0 I  0.0   0.0   0:00.00 [kworker/R-scsi_tmf_0]
  156 root          0 -20    0    0    0 I  0.0   0.0   0:00.01 [kworker/4:1H-kverityd]
  151 root          0 -20    0    0    0 I  0.0   0.0   0:00.00 [kworker/R-sdhci]
  150 root          0 -20    0    0    0 I  0.0   0.0   0:00.00 [kworker/R-sdhci_msm_generic_swq]
  147 root          0 -20    0    0    0 I  0.0   0.0   0:00.05 [kworker/6:1H-events_highpri]
  145 root         20   0    0    0    0 I  0.0   0.0   0:00.00 [kworker/2:7-events]
  144 root         20   0    0    0    0 I  0.0   0.0   0:00.15 [kworker/2:6-events]
  143 root         20   0    0    0    0 I  0.0   0.0   0:00.00 [kworker/2:5-rcu_gp]
  142 root         20   0    0    0    0 I  0.0   0.0   0:00.00 [kworker/2:4-device_link_wq]
  136 root         20   0    0    0    0 I  0.0   0.0   0:00.03 [kworker/0:2-device_link_wq]
  135 root         20   0    0    0    0 I  0.0   0.0   0:00.00 [kworker/6:3-device_link_wq]
  132 root         20   0    0    0    0 I  0.0   0.0   0:00.16 [kworker/u32:6-loop46]
  131 root         20   0    0    0    0 I  0.0   0.0   0:00.00 [kworker/2:3-device_link_wq]
  130 root         20   0    0    0    0 I  0.0   0.0   0:00.00 [kworker/2:2-rcu_gp]
  129 root         20   0    0    0    0 I  0.0   0.0   0:01.82 [kworker/u32:5-crm_workq-jpeg_message_queue]
  126 root         20   0    0    0    0 I  0.0   0.0   0:00.00 [kworker/1:1-rcu_gp]
  125 root         20   0    0    0    0 I  0.0   0.0   0:02.30 [kworker/u32:4-crm_workq-jpeg_message_queue]
  123 root         20   0    0    0    0 I  0.0   0.0   0:00.00 [kworker/6:2-device_link_wq]
  122 root         20   0    0    0    0 I  0.0   0.0   0:00.11 [kworker/3:2-cgroup_free]
  121 root         20   0    0    0    0 I  0.0   0.0   0:00.00 [kworker/5:1-device_link_wq]
  120 root         20   0    0    0    0 I  0.0   0.0   0:00.00 [kworker/3:1-mm_percpu_wq]
  111 root          0 -20    0    0    0 I  0.0   0.0   0:00.03 [kworker/0:1H-events_highpri]
  109 root          0 -20    0    0    0 I  0.0   0.0   0:00.00 [kworker/R-ipv6_addrconf]
  108 root          0 -20    0    0    0 I  0.0   0.0   0:00.00 [kworker/R-mld]
  104 root          0 -20    0    0    0 I  0.0   0.0   0:00.00 [kworker/R-dm_bufio_cache]
  103 root          0 -20    0    0    0 I  0.0   0.0   0:00.00 [kworker/R-uas]
  102 root          0 -20    0    0    0 I  0.0   0.0   0:00.00 [kworker/R-vfio-irqfd-cleanup]
  101 root          0 -20    0    0    0 I  0.0   0.0   0:00.00 [kworker/R-nvme-delete-wq]
  100 root          0 -20    0    0    0 I  0.0   0.0   0:00.00 [kworker/R-nvme-reset-wq]
   99 root          0 -20    0    0    0 I  0.0   0.0   0:00.00 [kworker/R-nvme-wq]
   98 root         20   0    0    0    0 I  0.0   0.0   0:00.00 [kworker/7:2-device_link_wq]
   97 root         20   0    0    0    0 I  0.0   0.0   0:00.00 [kworker/4:1-device_link_wq]
   96 root          0 -20    0    0    0 I  0.0   0.0   0:00.49 [kworker/u33:0-uvcgadget]
   94 root         20   0    0    0    0 I  0.0   0.0   0:00.00 [kworker/2:1-device_link_wq]
   93 root          0 -20    0    0    0 I  0.0   0.0   0:00.00 [kworker/7:1H-kverityd]
   92 root         20   0    0    0    0 I  0.0   0.0   0:00.01 [kworker/7:1-device_link_wq]
   91 root         20   0    0    0    0 I  0.0   0.0   0:00.00 [kworker/6:1-device_link_wq]
   90 root          0 -20    0    0    0 I  0.0   0.0   0:00.00 [kworker/R-quota_events_unbound]
   88 root          0 -20    0    0    0 I  0.0   0.0   0:00.00 [kworker/R-devfreq_wq]
   87 root          0 -20    0    0    0 I  0.0   0.0   0:00.00 [kworker/R-edac-poller]
   86 root         20   0    0    0    0 I  0.0   0.0   0:00.10 [kworker/u32:3-async]
   84 root          0 -20    0    0    0 I  0.0   0.0   0:00.00 [kworker/R-kblockd]
   81 root          0 -20    0    0    0 I  0.0   0.0   0:00.00 [kworker/R-writeback]
   77 root          0 -20    0    0    0 I  0.0   0.0   0:00.00 [kworker/R-inet_frag_wq]
   75 root          0 -20    0    0    0 I  0.0   0.0   0:00.04 [kworker/7:0H-kverityd]
   74 root         20   0    0    0    0 I  0.0   0.0   0:00.00 [kworker/7:0-device_link_wq]
   68 root          0 -20    0    0    0 I  0.0   0.0   0:00.00 [kworker/6:0H-kverityd]
   67 root         20   0    0    0    0 I  0.0   0.0   0:00.00 [kworker/6:0-device_link_wq]
   61 root          0 -20    0    0    0 I  0.0   0.0   0:00.04 [kworker/5:0H-kverityd]
   60 root         20   0    0    0    0 I  0.0   0.0   0:00.00 [kworker/5:0-device_link_wq]
   53 root          0 -20    0    0    0 I  0.0   0.0   0:00.04 [kworker/4:0H-kblockd]
   52 root         20   0    0    0    0 I  0.0   0.0   0:00.00 [kworker/4:0-cgroup_release]
   46 root          0 -20    0    0    0 I  0.0   0.0   0:00.02 [kworker/3:0H-kblockd]
   45 root         20   0    0    0    0 I  0.0   0.0   0:00.00 [kworker/3:0-device_link_wq]
   39 root          0 -20    0    0    0 I  0.0   0.0   0:00.00 [kworker/2:0H-events_highpri]
   38 root         20   0    0    0    0 I  0.0   0.0   0:00.00 [kworker/2:0-device_link_wq]
   32 root          0 -20    0    0    0 I  0.0   0.0   0:00.28 [kworker/1:0H-kblockd]
   31 root         20   0    0    0    0 I  0.0   0.0   0:00.07 [kworker/1:0-pm]
   15 root         20   0    0    0    0 I  0.0   0.0   0:00.10 [kworker/u32:1-loop14]
   13 root          0 -20    0    0    0 I  0.0   0.0   0:00.00 [kworker/R-mm_percpu_wq]
   12 root         20   0    0    0    0 I  0.0   0.0   0:00.12 [kworker/u32:0-loop11]
   11 root          0 -20    0    0    0 I  0.0   0.0   0:00.01 [kworker/0:0H-kblockd]
   10 root         20   0    0    0    0 I  0.0   0.0   0:00.04 [kworker/0:1-device_link_wq]
    9 root         20   0    0    0    0 I  0.0   0.0   0:00.09 [kworker/0:0-mm_percpu_wq]
    8 root          0 -20    0    0    0 I  0.0   0.0   0:00.00 [kworker/R-netns]
    7 root          0 -20    0    0    0 I  0.0   0.0   0:00.00 [kworker/R-slub_flushwq]
    6 root          0 -20    0    0    0 I  0.0   0.0   0:00.00 [kworker/R-sync_wq]
    5 root          0 -20    0    0    0 I  0.0   0.0   0:00.00 [kworker/R-rcu_gp]
    4 root          0 -20    0    0    0 I  0.0   0.0   0:00.00 [kworker/R-kvfree_rcu_reclaim]
