07-08 11:24:40.146  1253  5760 I UmdCamera: Stream setup: 640x360@30.00 - YUYV
07-08 11:24:40.150  1253  5760 D UmdCamera: Stream ON
07-08 11:24:40.150  1253  5761 D UmdCamera: CAMERA_START
07-08 11:24:40.151  1253  5761 D UmdCamera: Camera start
07-08 11:24:40.153  1253  5761 I UmdVideoData: Initializing YUY2 processor
07-08 11:24:40.157  1253  5761 I CameraAdaptor: ConfigureStreamsLocked: operation_mode: 0x0 
07-08 11:24:40.647  1253  5761 I UmdCamera: Setting AE_TARGET_FPS_RANGE to [30, 30] in capture request
07-08 11:24:40.858  1253  1253 D UmdCamera: ShutterCb 
07-08 11:24:40.891  1253  1253 D UmdCamera: ShutterCb 
07-08 11:24:40.917  1253  5761 D UmdCamera: CAMERA_SUBMIT_REQUEST
07-08 11:24:40.918  1253  5761 D UmdCamera: Camera submit request
07-08 11:24:40.919  1253  5761 D UmdCamera: CAMERA_SUBMIT_REQUEST
07-08 11:24:40.920  1253  5761 D UmdCamera: Camera submit request
07-08 11:24:40.958  1253  1253 D UmdCamera: ShutterCb 
07-08 11:24:40.986  1253  5761 D UmdCamera: CAMERA_SUBMIT_REQUEST
07-08 11:24:40.987  1253  5761 D UmdCamera: Camera submit request
07-08 11:24:40.992  1253  1253 D UmdCamera: ShutterCb 
07-08 11:24:41.023  1253  5761 D UmdCamera: CAMERA_SUBMIT_REQUEST
07-08 11:24:41.023  1253  5761 D UmdCamera: Camera submit request
07-08 11:24:41.059  1253  1253 D UmdCamera: ShutterCb 
07-08 11:24:41.095  1253  1253 D UmdCamera: ShutterCb 
07-08 11:24:41.104  1253  5761 D UmdCamera: CAMERA_SUBMIT_REQUEST
07-08 11:24:41.104  1253  5761 D UmdCamera: Camera submit request
07-08 11:24:41.122  1253  5761 D UmdCamera: CAMERA_SUBMIT_REQUEST
07-08 11:24:41.122  1253  5761 D UmdCamera: Camera submit request
07-08 11:24:41.159  1253  1253 D UmdCamera: ShutterCb 
07-08 11:24:41.190  1253  5761 D UmdCamera: CAMERA_SUBMIT_REQUEST
07-08 11:24:41.190  1253  5761 D UmdCamera: Camera submit request
07-08 11:24:41.198  1253  1253 D UmdCamera: ShutterCb 
07-08 11:24:41.227  1253  5761 D UmdCamera: CAMERA_SUBMIT_REQUEST
07-08 11:24:41.227  1253  5761 D UmdCamera: Camera submit request
07-08 11:24:41.260  1253  1253 D UmdCamera: ShutterCb 
07-08 11:24:41.289  1253  5761 D UmdCamera: CAMERA_SUBMIT_REQUEST
07-08 11:24:41.289  1253  5761 D UmdCamera: Camera submit request
07-08 11:24:41.295  1253  1253 D UmdCamera: ShutterCb 
07-08 11:24:41.322  1253  5761 D UmdCamera: CAMERA_SUBMIT_REQUEST
07-08 11:24:41.323  1253  5761 D UmdCamera: Camera submit request
07-08 11:24:41.360  1253  1253 D UmdCamera: ShutterCb 
07-08 11:24:41.393  1253  5761 D UmdCamera: CAMERA_SUBMIT_REQUEST
07-08 11:24:41.393  1253  5761 D UmdCamera: Camera submit request
07-08 11:24:41.396  1253  1253 D UmdCamera: ShutterCb 
07-08 11:24:41.420  1253  5761 D UmdCamera: CAMERA_SUBMIT_REQUEST
07-08 11:24:41.420  1253  5761 D UmdCamera: Camera submit request
07-08 11:24:41.461  1253  1253 D UmdCamera: ShutterCb 
07-08 11:24:41.495  1253  1253 D UmdCamera: ShutterCb 
07-08 11:24:41.501  1253  5761 D UmdCamera: CAMERA_SUBMIT_REQUEST
07-08 11:24:41.501  1253  5761 D UmdCamera: Camera submit request
07-08 11:24:41.523  1253  5761 D UmdCamera: CAMERA_SUBMIT_REQUEST
07-08 11:24:41.523  1253  5761 D UmdCamera: Camera submit request
07-08 11:24:41.528  1253  1253 D UmdCamera: ShutterCb 
07-08 11:24:41.565  1253  5761 D UmdCamera: CAMERA_SUBMIT_REQUEST
07-08 11:24:41.565  1253  5761 D UmdCamera: Camera submit request
07-08 11:24:41.595  1253  1253 D UmdCamera: ShutterCb 
07-08 11:24:41.624  1253  5761 D UmdCamera: CAMERA_SUBMIT_REQUEST
07-08 11:24:41.624  1253  5761 D UmdCamera: Camera submit request
07-08 11:24:41.632  1253  1253 D UmdCamera: ShutterCb 
07-08 11:24:41.653  1253  5761 D UmdCamera: CAMERA_SUBMIT_REQUEST
07-08 11:24:41.653  1253  5761 D UmdCamera: Camera submit request
07-08 11:24:41.696  1253  1253 D UmdCamera: ShutterCb 
07-08 11:24:41.724  1253  5761 D UmdCamera: CAMERA_SUBMIT_REQUEST
07-08 11:24:41.724  1253  5761 D UmdCamera: Camera submit request
07-08 11:24:41.731  1253  1253 D UmdCamera: ShutterCb 
07-08 11:24:41.756  1253  5761 D UmdCamera: CAMERA_SUBMIT_REQUEST
07-08 11:24:41.756  1253  5761 D UmdCamera: Camera submit request
07-08 11:24:41.797  1253  1253 D UmdCamera: ShutterCb 
07-08 11:24:41.830  1253  5761 D UmdCamera: CAMERA_SUBMIT_REQUEST
07-08 11:24:41.832  1253  5761 D UmdCamera: Camera submit request
07-08 11:24:41.837  1253  1253 D UmdCamera: ShutterCb 
07-08 11:24:41.856  1253  5761 D UmdCamera: CAMERA_SUBMIT_REQUEST
07-08 11:24:41.856  1253  5761 D UmdCamera: Camera submit request
07-08 11:24:41.897  1253  1253 D UmdCamera: ShutterCb 
07-08 11:24:41.926  1253  5761 D UmdCamera: CAMERA_SUBMIT_REQUEST
07-08 11:24:41.927  1253  5761 D UmdCamera: Camera submit request
07-08 11:24:41.934  1253  1253 D UmdCamera: ShutterCb 
07-08 11:24:41.956  1253  5761 D UmdCamera: CAMERA_SUBMIT_REQUEST
07-08 11:24:41.956  1253  5761 D UmdCamera: Camera submit request
07-08 11:24:41.998  1253  1253 D UmdCamera: ShutterCb 
07-08 11:24:42.032  1253  1253 D UmdCamera: ShutterCb 
07-08 11:24:42.042  1253  5761 D UmdCamera: CAMERA_SUBMIT_REQUEST
07-08 11:24:42.042  1253  5761 D UmdCamera: Camera submit request
07-08 11:24:42.058  1253  5761 D UmdCamera: CAMERA_SUBMIT_REQUEST
07-08 11:24:42.058  1253  5761 D UmdCamera: Camera submit request
07-08 11:24:42.099  1253  1253 D UmdCamera: ShutterCb 
07-08 11:24:42.124  1253  5761 D UmdCamera: CAMERA_SUBMIT_REQUEST
07-08 11:24:42.124  1253  5761 D UmdCamera: Camera submit request
07-08 11:24:42.132  1253  1253 D UmdCamera: ShutterCb 
07-08 11:24:42.166  1253  1253 D UmdCamera: ShutterCb 
07-08 11:24:42.171  1253  5761 D UmdCamera: CAMERA_SUBMIT_REQUEST
07-08 11:24:42.171  1253  5761 D UmdCamera: Camera submit request
07-08 11:24:42.196  1253  5761 D UmdCamera: CAMERA_SUBMIT_REQUEST
07-08 11:24:42.197  1253  5761 D UmdCamera: Camera submit request
07-08 11:24:42.202  1253  1253 D UmdCamera: ShutterCb 
07-08 11:24:42.232  1253  5761 D UmdCamera: CAMERA_SUBMIT_REQUEST
07-08 11:24:42.232  1253  5761 D UmdCamera: Camera submit request
07-08 11:24:42.233  1253  1253 D UmdCamera: ShutterCb 
07-08 11:24:42.262  1253  5761 D UmdCamera: CAMERA_SUBMIT_REQUEST
07-08 11:24:42.262  1253  5761 D UmdCamera: Camera submit request
07-08 11:24:42.271  1253  1253 D UmdCamera: ShutterCb 
07-08 11:24:42.300  1253  1253 D UmdCamera: ShutterCb 
07-08 11:24:42.310  1253  5761 D UmdCamera: CAMERA_SUBMIT_REQUEST
07-08 11:24:42.310  1253  5761 D UmdCamera: Camera submit request
07-08 11:24:42.335  1253  5761 D UmdCamera: CAMERA_SUBMIT_REQUEST
07-08 11:24:42.336  1253  5761 D UmdCamera: Camera submit request
07-08 11:24:42.339  1253  1253 D UmdCamera: ShutterCb 
07-08 11:24:42.360  1253  5761 D UmdCamera: CAMERA_SUBMIT_REQUEST
07-08 11:24:42.360  1253  5761 D UmdCamera: Camera submit request
07-08 11:24:42.369  1253  1253 D UmdCamera: ShutterCb 
07-08 11:24:42.402  1253  1253 D UmdCamera: ShutterCb 
07-08 11:24:42.407  1253  5761 D UmdCamera: CAMERA_SUBMIT_REQUEST
07-08 11:24:42.407  1253  5761 D UmdCamera: Camera submit request
07-08 11:24:42.436  1253  1253 D UmdCamera: ShutterCb 
07-08 11:24:42.439  1253  5761 D UmdCamera: CAMERA_SUBMIT_REQUEST
07-08 11:24:42.439  1253  5761 D UmdCamera: Camera submit request
07-08 11:24:42.466  1253  5761 D UmdCamera: CAMERA_SUBMIT_REQUEST
07-08 11:24:42.466  1253  5761 D UmdCamera: Camera submit request
07-08 11:24:42.467  1253  1253 D UmdCamera: ShutterCb 
07-08 11:24:42.494  1253  5761 D UmdCamera: CAMERA_SUBMIT_REQUEST
07-08 11:24:42.494  1253  5761 D UmdCamera: Camera submit request
07-08 11:24:42.501  1253  1253 D UmdCamera: ShutterCb 
07-08 11:24:42.535  1253  5761 D UmdCamera: CAMERA_SUBMIT_REQUEST
07-08 11:24:42.535  1253  5761 D UmdCamera: Camera submit request
07-08 11:24:42.543  1253  1253 D UmdCamera: ShutterCb 
07-08 11:24:42.561  1253  5761 D UmdCamera: CAMERA_SUBMIT_REQUEST
07-08 11:24:42.561  1253  5761 D UmdCamera: Camera submit request
07-08 11:24:42.568  1253  1253 D UmdCamera: ShutterCb 
07-08 11:24:42.597  1253  5761 D UmdCamera: CAMERA_SUBMIT_REQUEST
07-08 11:24:42.597  1253  5761 D UmdCamera: Camera submit request
07-08 11:24:42.602  1253  1253 D UmdCamera: ShutterCb 
07-08 11:24:42.636  1253  5761 D UmdCamera: CAMERA_SUBMIT_REQUEST
07-08 11:24:42.636  1253  5761 D UmdCamera: Camera submit request
07-08 11:24:42.638  1253  1253 D UmdCamera: ShutterCb 
07-08 11:24:42.662  1253  5761 D UmdCamera: CAMERA_SUBMIT_REQUEST
07-08 11:24:42.662  1253  5761 D UmdCamera: Camera submit request
07-08 11:24:42.669  1253  1253 D UmdCamera: ShutterCb 
07-08 11:24:42.701  1253  5761 D UmdCamera: CAMERA_SUBMIT_REQUEST
07-08 11:24:42.702  1253  5761 D UmdCamera: Camera submit request
07-08 11:24:42.703  1253  1253 D UmdCamera: ShutterCb 
07-08 11:24:42.728  1253  5761 D UmdCamera: CAMERA_SUBMIT_REQUEST
07-08 11:24:42.728  1253  5761 D UmdCamera: Camera submit request
07-08 11:24:42.736  1253  1253 D UmdCamera: ShutterCb 
07-08 11:24:42.770  1253  1253 D UmdCamera: ShutterCb 
07-08 11:24:42.772  1253  5761 D UmdCamera: CAMERA_SUBMIT_REQUEST
07-08 11:24:42.772  1253  5761 D UmdCamera: Camera submit request
07-08 11:24:42.799  1253  5761 D UmdCamera: CAMERA_SUBMIT_REQUEST
07-08 11:24:42.799  1253  5761 D UmdCamera: Camera submit request
07-08 11:24:42.804  1253  1253 D UmdCamera: ShutterCb 
07-08 11:24:42.838  1253  1253 D UmdCamera: ShutterCb 
07-08 11:24:42.839  1253  5761 D UmdCamera: CAMERA_SUBMIT_REQUEST
07-08 11:24:42.841  1253  5761 D UmdCamera: Camera submit request
07-08 11:24:42.866  1253  5761 D UmdCamera: CAMERA_SUBMIT_REQUEST
07-08 11:24:42.866  1253  5761 D UmdCamera: Camera submit request
07-08 11:24:42.872  1253  1253 D UmdCamera: ShutterCb 
07-08 11:24:42.903  1253  5761 D UmdCamera: CAMERA_SUBMIT_REQUEST
07-08 11:24:42.903  1253  5761 D UmdCamera: Camera submit request
07-08 11:24:42.904  1253  1308 D UmdCamera: ShutterCb 
07-08 11:24:42.936  1253  5761 D UmdCamera: CAMERA_SUBMIT_REQUEST
07-08 11:24:42.938  1253  5761 D UmdCamera: Camera submit request
07-08 11:24:42.940  1253  1308 D UmdCamera: ShutterCb 
07-08 11:24:42.969  1253  5761 D UmdCamera: CAMERA_SUBMIT_REQUEST
07-08 11:24:42.969  1253  5761 D UmdCamera: Camera submit request
07-08 11:24:42.971  1253  1308 D UmdCamera: ShutterCb 
07-08 11:24:43.001  1253  5761 D UmdCamera: CAMERA_SUBMIT_REQUEST
07-08 11:24:43.001  1253  5761 D UmdCamera: Camera submit request
07-08 11:24:43.005  1253  1308 D UmdCamera: ShutterCb 
07-08 11:24:43.034  1253  5761 D UmdCamera: CAMERA_SUBMIT_REQUEST
07-08 11:24:43.034  1253  5761 D UmdCamera: Camera submit request
07-08 11:24:43.038  1253  1308 D UmdCamera: ShutterCb 
07-08 11:24:43.067  1253  5761 D UmdCamera: CAMERA_SUBMIT_REQUEST
07-08 11:24:43.067  1253  5761 D UmdCamera: Camera submit request
07-08 11:24:43.073  1253  1308 D UmdCamera: ShutterCb 
07-08 11:24:43.105  1253  1308 D UmdCamera: ShutterCb 
07-08 11:24:43.108  1253  5761 D UmdCamera: CAMERA_SUBMIT_REQUEST
07-08 11:24:43.115  1253  5761 D UmdCamera: Camera submit request
07-08 11:24:43.135  1253  5761 D UmdCamera: CAMERA_SUBMIT_REQUEST
07-08 11:24:43.135  1253  5761 D UmdCamera: Camera submit request
07-08 11:24:43.140  1253  1308 D UmdCamera: ShutterCb 
07-08 11:24:43.169  1253  5761 D UmdCamera: CAMERA_SUBMIT_REQUEST
07-08 11:24:43.169  1253  5761 D UmdCamera: Camera submit request
07-08 11:24:43.184  1253  1308 D UmdCamera: ShutterCb 
07-08 11:24:43.207  1253  5761 D UmdCamera: CAMERA_SUBMIT_REQUEST
07-08 11:24:43.207  1253  5761 D UmdCamera: Camera submit request
07-08 11:24:43.208  1253  1308 D UmdCamera: ShutterCb 
07-08 11:24:43.237  1253  5761 D UmdCamera: CAMERA_SUBMIT_REQUEST
07-08 11:24:43.239  1253  5761 D UmdCamera: Camera submit request
07-08 11:24:43.240  1253  1308 D UmdCamera: ShutterCb 
07-08 11:24:43.268  1253  5761 D UmdCamera: CAMERA_SUBMIT_REQUEST
07-08 11:24:43.268  1253  5761 D UmdCamera: Camera submit request
07-08 11:24:43.273  1253  1308 D UmdCamera: ShutterCb 
07-08 11:24:43.302  1253  5761 D UmdCamera: CAMERA_SUBMIT_REQUEST
07-08 11:24:43.302  1253  5761 D UmdCamera: Camera submit request
07-08 11:24:43.309  1253  1308 D UmdCamera: ShutterCb 
07-08 11:24:43.339  1253  5761 D UmdCamera: CAMERA_SUBMIT_REQUEST
07-08 11:24:43.339  1253  5761 D UmdCamera: Camera submit request
07-08 11:24:43.341  1253  1308 D UmdCamera: ShutterCb 
07-08 11:24:43.372  1253  5761 D UmdCamera: CAMERA_SUBMIT_REQUEST
07-08 11:24:43.372  1253  5761 D UmdCamera: Camera submit request
07-08 11:24:43.377  1253  1308 D UmdCamera: ShutterCb 
07-08 11:24:43.403  1253  5761 D UmdCamera: CAMERA_SUBMIT_REQUEST
07-08 11:24:43.407  1253  5761 D UmdCamera: Camera submit request
07-08 11:24:43.408  1253  1308 D UmdCamera: ShutterCb 
07-08 11:24:43.441  1253  5761 D UmdCamera: CAMERA_SUBMIT_REQUEST
07-08 11:24:43.441  1253  5761 D UmdCamera: Camera submit request
07-08 11:24:43.443  1253  1308 D UmdCamera: ShutterCb 
07-08 11:24:43.474  1253  5761 D UmdCamera: CAMERA_SUBMIT_REQUEST
07-08 11:24:43.474  1253  5761 D UmdCamera: Camera submit request
07-08 11:24:43.474  1253  1308 D UmdCamera: ShutterCb 
07-08 11:24:43.510  1253  5761 D UmdCamera: CAMERA_SUBMIT_REQUEST
07-08 11:24:43.510  1253  5761 D UmdCamera: Camera submit request
07-08 11:24:43.511  1253  1308 D UmdCamera: ShutterCb 
07-08 11:24:43.535  1253  5761 D UmdCamera: CAMERA_SUBMIT_REQUEST
07-08 11:24:43.535  1253  5761 D UmdCamera: Camera submit request
07-08 11:24:43.542  1253  1308 D UmdCamera: ShutterCb 
07-08 11:24:43.569  1253  5761 D UmdCamera: CAMERA_SUBMIT_REQUEST
07-08 11:24:43.569  1253  5761 D UmdCamera: Camera submit request
07-08 11:24:43.575  1253  1308 D UmdCamera: ShutterCb 
07-08 11:24:43.605  1253  5761 D UmdCamera: CAMERA_SUBMIT_REQUEST
07-08 11:24:43.605  1253  5761 D UmdCamera: Camera submit request
07-08 11:24:43.609  1253  1308 D UmdCamera: ShutterCb 
07-08 11:24:43.642  1253  1308 D UmdCamera: ShutterCb 
07-08 11:24:43.665  1253  5761 D UmdCamera: CAMERA_SUBMIT_REQUEST
07-08 11:24:43.665  1253  5761 D UmdCamera: Camera submit request
07-08 11:24:43.677  1253  5761 D UmdCamera: CAMERA_SUBMIT_REQUEST
07-08 11:24:43.677  1253  5761 D UmdCamera: Camera submit request
07-08 11:24:43.679  1253  1308 D UmdCamera: ShutterCb 
07-08 11:24:43.708  1253  5761 D UmdCamera: CAMERA_SUBMIT_REQUEST
07-08 11:24:43.708  1253  5761 D UmdCamera: Camera submit request
07-08 11:24:43.718  1253  1253 D UmdCamera: ShutterCb 
07-08 11:24:43.743  1253  1253 D UmdCamera: ShutterCb 
07-08 11:24:43.746  1253  5761 D UmdCamera: CAMERA_SUBMIT_REQUEST
07-08 11:24:43.746  1253  5761 D UmdCamera: Camera submit request
07-08 11:24:43.777  1253  1308 D UmdCamera: ShutterCb 
07-08 11:24:43.778  1253  5761 D UmdCamera: CAMERA_SUBMIT_REQUEST
07-08 11:24:43.779  1253  5761 D UmdCamera: Camera submit request
07-08 11:24:43.804  1253  5761 D UmdCamera: CAMERA_SUBMIT_REQUEST
07-08 11:24:43.804  1253  5761 D UmdCamera: Camera submit request
07-08 11:24:43.810  1253  1308 D UmdCamera: ShutterCb 
07-08 11:24:43.844  1253  1308 D UmdCamera: ShutterCb 
07-08 11:24:43.845  1253  5761 D UmdCamera: CAMERA_SUBMIT_REQUEST
07-08 11:24:43.850  1253  5761 D UmdCamera: Camera submit request
07-08 11:24:43.876  1253  5761 D UmdCamera: CAMERA_SUBMIT_REQUEST
07-08 11:24:43.876  1253  5761 D UmdCamera: Camera submit request
07-08 11:24:43.882  1253  1253 D UmdCamera: ShutterCb 
07-08 11:24:43.908  1253  5761 D UmdCamera: CAMERA_SUBMIT_REQUEST
07-08 11:24:43.908  1253  5761 D UmdCamera: Camera submit request
07-08 11:24:43.911  1253  1253 D UmdCamera: ShutterCb 
07-08 11:24:43.942  1253  5761 D UmdCamera: CAMERA_SUBMIT_REQUEST
07-08 11:24:43.942  1253  5761 D UmdCamera: Camera submit request
07-08 11:24:43.946  1253  1253 D UmdCamera: ShutterCb 
07-08 11:24:43.974  1253  5761 D UmdCamera: CAMERA_SUBMIT_REQUEST
07-08 11:24:43.974  1253  5761 D UmdCamera: Camera submit request
07-08 11:24:43.978  1253  1308 D UmdCamera: ShutterCb 
07-08 11:24:44.005  1253  5761 D UmdCamera: CAMERA_SUBMIT_REQUEST
07-08 11:24:44.006  1253  5761 D UmdCamera: Camera submit request
07-08 11:24:44.012  1253  1308 D UmdCamera: ShutterCb 
07-08 11:24:44.045  1253  1308 D UmdCamera: ShutterCb 
07-08 11:24:44.048  1253  5761 D UmdCamera: CAMERA_SUBMIT_REQUEST
07-08 11:24:44.049  1253  5761 D UmdCamera: Camera submit request
07-08 11:24:44.074  1253  5761 D UmdCamera: CAMERA_SUBMIT_REQUEST
07-08 11:24:44.075  1253  5761 D UmdCamera: Camera submit request
07-08 11:24:44.080  1253  1308 D UmdCamera: ShutterCb 
07-08 11:24:44.110  1253  5761 D UmdCamera: CAMERA_SUBMIT_REQUEST
07-08 11:24:44.110  1253  5761 D UmdCamera: Camera submit request
07-08 11:24:44.115  1253  1308 D UmdCamera: ShutterCb 
07-08 11:24:44.140  1253  5761 D UmdCamera: CAMERA_SUBMIT_REQUEST
07-08 11:24:44.140  1253  5761 D UmdCamera: Camera submit request
07-08 11:24:44.146  1253  1308 D UmdCamera: ShutterCb 
07-08 11:24:44.175  1253  5761 D UmdCamera: CAMERA_SUBMIT_REQUEST
07-08 11:24:44.175  1253  5761 D UmdCamera: Camera submit request
07-08 11:24:44.181  1253  1308 D UmdCamera: ShutterCb 
07-08 11:24:44.211  1253  5761 D UmdCamera: CAMERA_SUBMIT_REQUEST
07-08 11:24:44.211  1253  5761 D UmdCamera: Camera submit request
07-08 11:24:44.213  1253  1308 D UmdCamera: ShutterCb 
07-08 11:24:44.241  1253  5761 D UmdCamera: CAMERA_SUBMIT_REQUEST
07-08 11:24:44.246  1253  1308 D UmdCamera: ShutterCb 
07-08 11:24:44.247  1253  5761 D UmdCamera: Camera submit request
07-08 11:24:44.281  1253  5761 D UmdCamera: CAMERA_SUBMIT_REQUEST
07-08 11:24:44.282  1253  1308 D UmdCamera: ShutterCb 
07-08 11:24:44.281  1253  5761 D UmdCamera: Camera submit request
07-08 11:24:44.310  1253  5761 D UmdCamera: CAMERA_SUBMIT_REQUEST
07-08 11:24:44.310  1253  5761 D UmdCamera: Camera submit request
07-08 11:24:44.315  1253  1308 D UmdCamera: ShutterCb 
07-08 11:24:44.341  1253  5761 D UmdCamera: CAMERA_SUBMIT_REQUEST
07-08 11:24:44.342  1253  5761 D UmdCamera: Camera submit request
07-08 11:24:44.347  1253  1308 D UmdCamera: ShutterCb 
07-08 11:24:44.375  1253  5761 D UmdCamera: CAMERA_SUBMIT_REQUEST
07-08 11:24:44.375  1253  5761 D UmdCamera: Camera submit request
07-08 11:24:44.381  1253  1308 D UmdCamera: ShutterCb 
07-08 11:24:44.406  1253  5761 D UmdCamera: CAMERA_SUBMIT_REQUEST
07-08 11:24:44.408  1253  5761 D UmdCamera: Camera submit request
07-08 11:24:44.414  1253  1308 D UmdCamera: ShutterCb 
07-08 11:24:44.440  1253  5761 D UmdCamera: CAMERA_SUBMIT_REQUEST
07-08 11:24:44.440  1253  5761 D UmdCamera: Camera submit request
07-08 11:24:44.448  1253  1308 D UmdCamera: ShutterCb 
07-08 11:24:44.481  1253  1308 D UmdCamera: ShutterCb 
07-08 11:24:44.484  1253  5761 D UmdCamera: CAMERA_SUBMIT_REQUEST
07-08 11:24:44.484  1253  5761 D UmdCamera: Camera submit request
07-08 11:24:44.511  1253  5761 D UmdCamera: CAMERA_SUBMIT_REQUEST
07-08 11:24:44.511  1253  5761 D UmdCamera: Camera submit request
07-08 11:24:44.516  1253  1308 D UmdCamera: ShutterCb 
07-08 11:24:44.551  1253  5761 D UmdCamera: CAMERA_SUBMIT_REQUEST
07-08 11:24:44.551  1253  5761 D UmdCamera: Camera submit request
07-08 11:24:44.554  1253  1308 D UmdCamera: ShutterCb 
07-08 11:24:44.579  1253  5761 D UmdCamera: CAMERA_SUBMIT_REQUEST
07-08 11:24:44.579  1253  5761 D UmdCamera: Camera submit request
07-08 11:24:44.585  1253  1308 D UmdCamera: ShutterCb 
07-08 11:24:44.615  1253  5761 D UmdCamera: CAMERA_SUBMIT_REQUEST
07-08 11:24:44.615  1253  5761 D UmdCamera: Camera submit request
07-08 11:24:44.624  1253  1308 D UmdCamera: ShutterCb 
07-08 11:24:44.645  1253  5761 D UmdCamera: CAMERA_SUBMIT_REQUEST
07-08 11:24:44.645  1253  5761 D UmdCamera: Camera submit request
07-08 11:24:44.650  1253  1308 D UmdCamera: ShutterCb 
07-08 11:24:44.678  1253  5761 D UmdCamera: CAMERA_SUBMIT_REQUEST
07-08 11:24:44.678  1253  5761 D UmdCamera: Camera submit request
07-08 11:24:44.685  1253  1308 D UmdCamera: ShutterCb 
07-08 11:24:44.715  1253  5761 D UmdCamera: CAMERA_SUBMIT_REQUEST
07-08 11:24:44.715  1253  5761 D UmdCamera: Camera submit request
07-08 11:24:44.720  1253  1308 D UmdCamera: ShutterCb 
07-08 11:24:44.747  1253  5761 D UmdCamera: CAMERA_SUBMIT_REQUEST
07-08 11:24:44.747  1253  5761 D UmdCamera: Camera submit request
07-08 11:24:44.750  1253  1308 D UmdCamera: ShutterCb 
07-08 11:24:44.783  1253  5761 D UmdCamera: CAMERA_SUBMIT_REQUEST
07-08 11:24:44.783  1253  5761 D UmdCamera: Camera submit request
07-08 11:24:44.785  1253  1308 D UmdCamera: ShutterCb 
07-08 11:24:44.814  1253  5761 D UmdCamera: CAMERA_SUBMIT_REQUEST
07-08 11:24:44.814  1253  5761 D UmdCamera: Camera submit request
07-08 11:24:44.818  1253  1308 D UmdCamera: ShutterCb 
07-08 11:24:44.845  1253  5761 D UmdCamera: CAMERA_SUBMIT_REQUEST
07-08 11:24:44.845  1253  5761 D UmdCamera: Camera submit request
07-08 11:24:44.852  1253  1308 D UmdCamera: ShutterCb 
07-08 11:24:44.879  1253  5761 D UmdCamera: CAMERA_SUBMIT_REQUEST
07-08 11:24:44.883  1253  5761 D UmdCamera: Camera submit request
07-08 11:24:44.885  1253  1308 D UmdCamera: ShutterCb 
07-08 11:24:44.916  1253  5761 D UmdCamera: CAMERA_SUBMIT_REQUEST
07-08 11:24:44.916  1253  5761 D UmdCamera: Camera submit request
07-08 11:24:44.920  1253  1308 D UmdCamera: ShutterCb 
07-08 11:24:44.946  1253  5761 D UmdCamera: CAMERA_SUBMIT_REQUEST
07-08 11:24:44.946  1253  5761 D UmdCamera: Camera submit request
07-08 11:24:44.951  1253  1308 D UmdCamera: ShutterCb 
07-08 11:24:44.979  1253  5761 D UmdCamera: CAMERA_SUBMIT_REQUEST
07-08 11:24:44.979  1253  5761 D UmdCamera: Camera submit request
07-08 11:24:44.985  1253  1308 D UmdCamera: ShutterCb 
07-08 11:24:45.012  1253  5761 D UmdCamera: CAMERA_SUBMIT_REQUEST
07-08 11:24:45.012  1253  5761 D UmdCamera: Camera submit request
07-08 11:24:45.024  1253  1308 D UmdCamera: ShutterCb 
07-08 11:24:45.049  1253  5761 D UmdCamera: CAMERA_SUBMIT_REQUEST
07-08 11:24:45.049  1253  5761 D UmdCamera: Camera submit request
07-08 11:24:45.052  1253  1308 D UmdCamera: ShutterCb 
07-08 11:24:45.083  1253  5761 D UmdCamera: CAMERA_SUBMIT_REQUEST
07-08 11:24:45.083  1253  5761 D UmdCamera: Camera submit request
07-08 11:24:45.085  1253  1308 D UmdCamera: ShutterCb 
07-08 11:24:45.115  1253  5761 D UmdCamera: CAMERA_SUBMIT_REQUEST
07-08 11:24:45.115  1253  5761 D UmdCamera: Camera submit request
07-08 11:24:45.119  1253  1308 D UmdCamera: ShutterCb 
07-08 11:24:45.150  1253  5761 D UmdCamera: CAMERA_SUBMIT_REQUEST
07-08 11:24:45.150  1253  5761 D UmdCamera: Camera submit request
07-08 11:24:45.153  1253  1308 D UmdCamera: ShutterCb 
07-08 11:24:45.184  1253  5761 D UmdCamera: CAMERA_SUBMIT_REQUEST
07-08 11:24:45.184  1253  5761 D UmdCamera: Camera submit request
07-08 11:24:45.186  1253  1308 D UmdCamera: ShutterCb 
07-08 11:24:45.215  1253  5761 D UmdCamera: CAMERA_SUBMIT_REQUEST
07-08 11:24:45.215  1253  5761 D UmdCamera: Camera submit request
07-08 11:24:45.225  1253  1308 D UmdCamera: ShutterCb 
07-08 11:24:45.248  1253  5761 D UmdCamera: CAMERA_SUBMIT_REQUEST
07-08 11:24:45.248  1253  5761 D UmdCamera: Camera submit request
07-08 11:24:45.254  1253  1308 D UmdCamera: ShutterCb 
07-08 11:24:45.282  1253  5761 D UmdCamera: CAMERA_SUBMIT_REQUEST
07-08 11:24:45.282  1253  5761 D UmdCamera: Camera submit request
07-08 11:24:45.288  1253  1308 D UmdCamera: ShutterCb 
07-08 11:24:45.321  1253  1308 D UmdCamera: ShutterCb 
07-08 11:24:45.326  1253  5761 D UmdCamera: CAMERA_SUBMIT_REQUEST
07-08 11:24:45.327  1253  5761 D UmdCamera: Camera submit request
07-08 11:24:45.352  1253  5761 D UmdCamera: CAMERA_SUBMIT_REQUEST
07-08 11:24:45.352  1253  5761 D UmdCamera: Camera submit request
07-08 11:24:45.357  1253  1308 D UmdCamera: ShutterCb 
07-08 11:24:45.384  1253  5761 D UmdCamera: CAMERA_SUBMIT_REQUEST
07-08 11:24:45.384  1253  5761 D UmdCamera: Camera submit request
07-08 11:24:45.389  1253  1308 D UmdCamera: ShutterCb 
07-08 11:24:45.420  1253  5761 D UmdCamera: CAMERA_SUBMIT_REQUEST
07-08 11:24:45.420  1253  5761 D UmdCamera: Camera submit request
07-08 11:24:45.422  1253  1253 D UmdCamera: ShutterCb 
07-08 11:24:45.452  1253  5761 D UmdCamera: CAMERA_SUBMIT_REQUEST
07-08 11:24:45.453  1253  5761 D UmdCamera: Camera submit request
07-08 11:24:45.456  1253  1253 D UmdCamera: ShutterCb 
07-08 11:24:45.489  1253  1253 D UmdCamera: ShutterCb 
07-08 11:24:45.493  1253  5761 D UmdCamera: CAMERA_SUBMIT_REQUEST
07-08 11:24:45.493  1253  5761 D UmdCamera: Camera submit request
07-08 11:24:45.514  1253  5761 D UmdCamera: CAMERA_SUBMIT_REQUEST
07-08 11:24:45.514  1253  5761 D UmdCamera: Camera submit request
07-08 11:24:45.522  1253  1253 D UmdCamera: ShutterCb 
07-08 11:24:45.552  1253  5761 D UmdCamera: CAMERA_SUBMIT_REQUEST
07-08 11:24:45.552  1253  5761 D UmdCamera: Camera submit request
07-08 11:24:45.556  1253  1253 D UmdCamera: ShutterCb 
07-08 11:24:45.584  1253  5761 D UmdCamera: CAMERA_SUBMIT_REQUEST
07-08 11:24:45.584  1253  5761 D UmdCamera: Camera submit request
07-08 11:24:45.593  1253  1253 D UmdCamera: ShutterCb 
07-08 11:24:45.622  1253  5761 D UmdCamera: CAMERA_SUBMIT_REQUEST
07-08 11:24:45.622  1253  5761 D UmdCamera: Camera submit request
07-08 11:24:45.625  1253  1253 D UmdCamera: ShutterCb 
07-08 11:24:45.656  1253  1253 D UmdCamera: ShutterCb 
07-08 11:24:45.658  1253  5761 D UmdCamera: CAMERA_SUBMIT_REQUEST
07-08 11:24:45.658  1253  5761 D UmdCamera: Camera submit request
07-08 11:24:45.685  1253  5761 D UmdCamera: CAMERA_SUBMIT_REQUEST
07-08 11:24:45.685  1253  5761 D UmdCamera: Camera submit request
07-08 11:24:45.695  1253  1253 D UmdCamera: ShutterCb 
07-08 11:24:45.720  1253  5761 D UmdCamera: CAMERA_SUBMIT_REQUEST
07-08 11:24:45.720  1253  5761 D UmdCamera: Camera submit request
07-08 11:24:45.723  1253  1253 D UmdCamera: ShutterCb 
07-08 11:24:45.756  1253  5761 D UmdCamera: CAMERA_SUBMIT_REQUEST
07-08 11:24:45.756  1253  5761 D UmdCamera: Camera submit request
07-08 11:24:45.759  1253  1253 D UmdCamera: ShutterCb 
07-08 11:24:45.788  1253  5761 D UmdCamera: CAMERA_SUBMIT_REQUEST
07-08 11:24:45.788  1253  5761 D UmdCamera: Camera submit request
07-08 11:24:45.795  1253  1253 D UmdCamera: ShutterCb 
07-08 11:24:45.817  1253  5761 D UmdCamera: CAMERA_SUBMIT_REQUEST
07-08 11:24:45.817  1253  5761 D UmdCamera: Camera submit request
07-08 11:24:45.824  1253  1253 D UmdCamera: ShutterCb 
07-08 11:24:45.853  1253  5761 D UmdCamera: CAMERA_SUBMIT_REQUEST
07-08 11:24:45.853  1253  5761 D UmdCamera: Camera submit request
07-08 11:24:45.859  1253  1253 D UmdCamera: ShutterCb 
07-08 11:24:45.891  1253  1253 D UmdCamera: ShutterCb 
07-08 11:24:45.915  1253  5761 D UmdCamera: CAMERA_SUBMIT_REQUEST
07-08 11:24:45.915  1253  5761 D UmdCamera: Camera submit request
07-08 11:24:45.921  1253  5761 D UmdCamera: CAMERA_SUBMIT_REQUEST
07-08 11:24:45.921  1253  5761 D UmdCamera: Camera submit request
07-08 11:24:45.925  1253  1308 D UmdCamera: ShutterCb 
07-08 11:24:45.953  1253  5761 D UmdCamera: CAMERA_SUBMIT_REQUEST
07-08 11:24:45.958  1253  5761 D UmdCamera: Camera submit request
07-08 11:24:45.959  1253  1308 D UmdCamera: ShutterCb 
07-08 11:24:45.989  1253  5761 D UmdCamera: CAMERA_SUBMIT_REQUEST
07-08 11:24:45.989  1253  5761 D UmdCamera: Camera submit request
07-08 11:24:45.991  1253  1308 D UmdCamera: ShutterCb 
07-08 11:24:46.020  1253  5761 D UmdCamera: CAMERA_SUBMIT_REQUEST
07-08 11:24:46.020  1253  5761 D UmdCamera: Camera submit request
07-08 11:24:46.026  1253  1308 D UmdCamera: ShutterCb 
07-08 11:24:46.052  1253  5761 D UmdCamera: CAMERA_SUBMIT_REQUEST
07-08 11:24:46.053  1253  5761 D UmdCamera: Camera submit request
07-08 11:24:46.059  1253  1308 D UmdCamera: ShutterCb 
07-08 11:24:46.087  1253  5761 D UmdCamera: CAMERA_SUBMIT_REQUEST
07-08 11:24:46.087  1253  5761 D UmdCamera: Camera submit request
07-08 11:24:46.094  1253  1308 D UmdCamera: ShutterCb 
07-08 11:24:46.119  1253  5761 D UmdCamera: CAMERA_SUBMIT_REQUEST
07-08 11:24:46.119  1253  5761 D UmdCamera: Camera submit request
07-08 11:24:46.127  1253  1308 D UmdCamera: ShutterCb 
07-08 11:24:46.159  1253  1308 D UmdCamera: ShutterCb 
07-08 11:24:46.161  1253  5761 D UmdCamera: CAMERA_SUBMIT_REQUEST
07-08 11:24:46.161  1253  5761 D UmdCamera: Camera submit request
07-08 11:24:46.189  1253  5761 D UmdCamera: CAMERA_SUBMIT_REQUEST
07-08 11:24:46.189  1253  5761 D UmdCamera: Camera submit request
07-08 11:24:46.193  1253  1308 D UmdCamera: ShutterCb 
07-08 11:24:46.225  1253  5761 D UmdCamera: CAMERA_SUBMIT_REQUEST
07-08 11:24:46.225  1253  5761 D UmdCamera: Camera submit request
07-08 11:24:46.227  1253  1308 D UmdCamera: ShutterCb 
07-08 11:24:46.257  1253  5761 D UmdCamera: CAMERA_SUBMIT_REQUEST
07-08 11:24:46.257  1253  5761 D UmdCamera: Camera submit request
07-08 11:24:46.261  1253  1308 D UmdCamera: ShutterCb 
07-08 11:24:46.293  1253  5761 D UmdCamera: CAMERA_SUBMIT_REQUEST
07-08 11:24:46.293  1253  5761 D UmdCamera: Camera submit request
07-08 11:24:46.294  1253  1308 D UmdCamera: ShutterCb 
07-08 11:24:46.322  1253  5761 D UmdCamera: CAMERA_SUBMIT_REQUEST
07-08 11:24:46.322  1253  5761 D UmdCamera: Camera submit request
07-08 11:24:46.327  1253  1308 D UmdCamera: ShutterCb 
07-08 11:24:46.361  1253  1308 D UmdCamera: ShutterCb 
07-08 11:24:46.363  1253  5761 D UmdCamera: CAMERA_SUBMIT_REQUEST
07-08 11:24:46.363  1253  5761 D UmdCamera: Camera submit request
07-08 11:24:46.388  1253  5761 D UmdCamera: CAMERA_SUBMIT_REQUEST
07-08 11:24:46.388  1253  5761 D UmdCamera: Camera submit request
07-08 11:24:46.394  1253  1308 D UmdCamera: ShutterCb 
07-08 11:24:46.422  1253  5761 D UmdCamera: CAMERA_SUBMIT_REQUEST
07-08 11:24:46.423  1253  5761 D UmdCamera: Camera submit request
07-08 11:24:46.428  1253  1308 D UmdCamera: ShutterCb 
07-08 11:24:46.454  1253  5761 D UmdCamera: CAMERA_SUBMIT_REQUEST
07-08 11:24:46.454  1253  5761 D UmdCamera: Camera submit request
07-08 11:24:46.462  1253  1308 D UmdCamera: ShutterCb 
07-08 11:24:46.489  1253  5761 D UmdCamera: CAMERA_SUBMIT_REQUEST
07-08 11:24:46.489  1253  5761 D UmdCamera: Camera submit request
07-08 11:24:46.497  1253  1308 D UmdCamera: ShutterCb 
07-08 11:24:46.529  1253  1308 D UmdCamera: ShutterCb 
07-08 11:24:46.534  1253  5761 D UmdCamera: CAMERA_SUBMIT_REQUEST
07-08 11:24:46.534  1253  5761 D UmdCamera: Camera submit request
07-08 11:24:46.563  1253  1308 D UmdCamera: ShutterCb 
07-08 11:24:46.565  1253  5761 D UmdCamera: CAMERA_SUBMIT_REQUEST
07-08 11:24:46.565  1253  5761 D UmdCamera: Camera submit request
07-08 11:24:46.593  1253  5761 D UmdCamera: CAMERA_SUBMIT_REQUEST
07-08 11:24:46.593  1253  5761 D UmdCamera: Camera submit request
07-08 11:24:46.597  1253  1308 D UmdCamera: ShutterCb 
07-08 11:24:46.622  1253  5761 D UmdCamera: CAMERA_SUBMIT_REQUEST
07-08 11:24:46.622  1253  5761 D UmdCamera: Camera submit request
07-08 11:24:46.629  1253  1308 D UmdCamera: ShutterCb 
07-08 11:24:46.663  1253  5761 D UmdCamera: CAMERA_SUBMIT_REQUEST
07-08 11:24:46.663  1253  5761 D UmdCamera: Camera submit request
07-08 11:24:46.665  1253  1308 D UmdCamera: ShutterCb 
07-08 11:24:46.698  1253  5761 D UmdCamera: CAMERA_SUBMIT_REQUEST
07-08 11:24:46.698  1253  5761 D UmdCamera: Camera submit request
07-08 11:24:46.699  1253  1308 D UmdCamera: ShutterCb 
07-08 11:24:46.728  1253  5761 D UmdCamera: CAMERA_SUBMIT_REQUEST
07-08 11:24:46.728  1253  5761 D UmdCamera: Camera submit request
07-08 11:24:46.730  1253  1308 D UmdCamera: ShutterCb 
07-08 11:24:46.763  1253  5761 D UmdCamera: CAMERA_SUBMIT_REQUEST
07-08 11:24:46.763  1253  5761 D UmdCamera: Camera submit request
07-08 11:24:46.765  1253  1308 D UmdCamera: ShutterCb 
07-08 11:24:46.797  1253  5761 D UmdCamera: CAMERA_SUBMIT_REQUEST
07-08 11:24:46.797  1253  1253 D UmdCamera: ShutterCb 
07-08 11:24:46.797  1253  5761 D UmdCamera: Camera submit request
07-08 11:24:46.828  1253  5761 D UmdCamera: CAMERA_SUBMIT_REQUEST
07-08 11:24:46.828  1253  5761 D UmdCamera: Camera submit request
07-08 11:24:46.832  1253  1308 D UmdCamera: ShutterCb 
07-08 11:24:46.860  1253  5761 D UmdCamera: CAMERA_SUBMIT_REQUEST
07-08 11:24:46.860  1253  5761 D UmdCamera: Camera submit request
07-08 11:24:46.865  1253  1308 D UmdCamera: ShutterCb 
07-08 11:24:46.898  1253  5761 D UmdCamera: CAMERA_SUBMIT_REQUEST
07-08 11:24:46.898  1253  5761 D UmdCamera: Camera submit request
07-08 11:24:46.898  1253  1308 D UmdCamera: ShutterCb 
07-08 11:24:46.924  1253  5761 D UmdCamera: CAMERA_SUBMIT_REQUEST
07-08 11:24:46.924  1253  5761 D UmdCamera: Camera submit request
07-08 11:24:46.931  1253  1308 D UmdCamera: ShutterCb 
07-08 11:24:46.962  1253  5761 D UmdCamera: CAMERA_SUBMIT_REQUEST
07-08 11:24:46.962  1253  5761 D UmdCamera: Camera submit request
07-08 11:24:46.981  1253  1308 D UmdCamera: ShutterCb 
07-08 11:24:46.997  1253  5761 D UmdCamera: CAMERA_SUBMIT_REQUEST
07-08 11:24:46.997  1253  5761 D UmdCamera: Camera submit request
07-08 11:24:47.000  1253  1308 D UmdCamera: ShutterCb 
07-08 11:24:47.030  1253  5761 D UmdCamera: CAMERA_SUBMIT_REQUEST
07-08 11:24:47.030  1253  5761 D UmdCamera: Camera submit request
07-08 11:24:47.032  1253  1308 D UmdCamera: ShutterCb 
07-08 11:24:47.060  1253  5761 D UmdCamera: CAMERA_SUBMIT_REQUEST
07-08 11:24:47.060  1253  5761 D UmdCamera: Camera submit request
07-08 11:24:47.066  1253  1308 D UmdCamera: ShutterCb 
07-08 11:24:47.092  1253  5761 D UmdCamera: CAMERA_SUBMIT_REQUEST
07-08 11:24:47.092  1253  5761 D UmdCamera: Camera submit request
07-08 11:24:47.099  1253  1308 D UmdCamera: ShutterCb 
07-08 11:24:47.128  1253  5761 D UmdCamera: CAMERA_SUBMIT_REQUEST
07-08 11:24:47.128  1253  5761 D UmdCamera: Camera submit request
07-08 11:24:47.133  1253  1308 D UmdCamera: ShutterCb 
07-08 11:24:47.161  1253  5761 D UmdCamera: CAMERA_SUBMIT_REQUEST
07-08 11:24:47.161  1253  5761 D UmdCamera: Camera submit request
07-08 11:24:47.168  1253  1308 D UmdCamera: ShutterCb 
07-08 11:24:47.195  1253  5761 D UmdCamera: CAMERA_SUBMIT_REQUEST
07-08 11:24:47.195  1253  5761 D UmdCamera: Camera submit request
07-08 11:24:47.200  1253  1308 D UmdCamera: ShutterCb 
07-08 11:24:47.228  1253  5761 D UmdCamera: CAMERA_SUBMIT_REQUEST
07-08 11:24:47.228  1253  5761 D UmdCamera: Camera submit request
07-08 11:24:47.235  1253  1308 D UmdCamera: ShutterCb 
07-08 11:24:47.269  1253  1308 D UmdCamera: ShutterCb 
07-08 11:24:47.278  1253  5761 D UmdCamera: CAMERA_SUBMIT_REQUEST
07-08 11:24:47.278  1253  5761 D UmdCamera: Camera submit request
07-08 11:24:47.303  1253  1308 D UmdCamera: ShutterCb 
07-08 11:24:47.306  1253  5761 D UmdCamera: CAMERA_SUBMIT_REQUEST
07-08 11:24:47.306  1253  5761 D UmdCamera: Camera submit request
07-08 11:24:47.328  1253  5761 D UmdCamera: CAMERA_SUBMIT_REQUEST
07-08 11:24:47.328  1253  5761 D UmdCamera: Camera submit request
07-08 11:24:47.335  1253  1308 D UmdCamera: ShutterCb 
07-08 11:24:47.360  1253  5761 D UmdCamera: CAMERA_SUBMIT_REQUEST
07-08 11:24:47.364  1253  5761 D UmdCamera: Camera submit request
07-08 11:24:47.367  1253  1308 D UmdCamera: ShutterCb 
07-08 11:24:47.397  1253  5761 D UmdCamera: CAMERA_SUBMIT_REQUEST
07-08 11:24:47.398  1253  5761 D UmdCamera: Camera submit request
07-08 11:24:47.403  1253  1308 D UmdCamera: ShutterCb 
07-08 11:24:47.430  1253  5761 D UmdCamera: CAMERA_SUBMIT_REQUEST
07-08 11:24:47.430  1253  5761 D UmdCamera: Camera submit request
07-08 11:24:47.436  1253  1308 D UmdCamera: ShutterCb 
07-08 11:24:47.461  1253  5761 D UmdCamera: CAMERA_SUBMIT_REQUEST
07-08 11:24:47.461  1253  5761 D UmdCamera: Camera submit request
07-08 11:24:47.468  1253  1308 D UmdCamera: ShutterCb 
07-08 11:24:47.494  1253  5761 D UmdCamera: CAMERA_SUBMIT_REQUEST
07-08 11:24:47.494  1253  5761 D UmdCamera: Camera submit request
07-08 11:24:47.502  1253  1308 D UmdCamera: ShutterCb 
07-08 11:24:47.527  1253  5761 D UmdCamera: CAMERA_SUBMIT_REQUEST
07-08 11:24:47.527  1253  5761 D UmdCamera: Camera submit request
07-08 11:24:47.535  1253  1308 D UmdCamera: ShutterCb 
07-08 11:24:47.564  1253  5761 D UmdCamera: CAMERA_SUBMIT_REQUEST
07-08 11:24:47.564  1253  5761 D UmdCamera: Camera submit request
07-08 11:24:47.582  1253  1308 D UmdCamera: ShutterCb 
07-08 11:24:47.603  1253  5761 D UmdCamera: CAMERA_SUBMIT_REQUEST
07-08 11:24:47.603  1253  5761 D UmdCamera: Camera submit request
07-08 11:24:47.606  1253  1308 D UmdCamera: ShutterCb 
07-08 11:24:47.635  1253  5761 D UmdCamera: CAMERA_SUBMIT_REQUEST
07-08 11:24:47.635  1253  5761 D UmdCamera: Camera submit request
07-08 11:24:47.636  1253  1308 D UmdCamera: ShutterCb 
07-08 11:24:47.666  1253  5761 D UmdCamera: CAMERA_SUBMIT_REQUEST
07-08 11:24:47.667  1253  5761 D UmdCamera: Camera submit request
07-08 11:24:47.670  1253  1308 D UmdCamera: ShutterCb 
07-08 11:24:47.700  1253  5761 D UmdCamera: CAMERA_SUBMIT_REQUEST
07-08 11:24:47.700  1253  5761 D UmdCamera: Camera submit request
07-08 11:24:47.704  1253  1308 D UmdCamera: ShutterCb 
07-08 11:24:47.737  1253  5761 D UmdCamera: CAMERA_SUBMIT_REQUEST
07-08 11:24:47.737  1253  5761 D UmdCamera: Camera submit request
07-08 11:24:47.740  1253  1308 D UmdCamera: ShutterCb 
07-08 11:24:47.767  1253  5761 D UmdCamera: CAMERA_SUBMIT_REQUEST
07-08 11:24:47.767  1253  5761 D UmdCamera: Camera submit request
07-08 11:24:47.771  1253  1308 D UmdCamera: ShutterCb 
07-08 11:24:47.804  1253  1308 D UmdCamera: ShutterCb 
07-08 11:24:47.808  1253  5761 D UmdCamera: CAMERA_SUBMIT_REQUEST
07-08 11:24:47.808  1253  5761 D UmdCamera: Camera submit request
07-08 11:24:47.833  1253  5761 D UmdCamera: CAMERA_SUBMIT_REQUEST
07-08 11:24:47.833  1253  5761 D UmdCamera: Camera submit request
07-08 11:24:47.838  1253  1308 D UmdCamera: ShutterCb 
07-08 11:24:47.869  1253  5761 D UmdCamera: CAMERA_SUBMIT_REQUEST
07-08 11:24:47.869  1253  5761 D UmdCamera: Camera submit request
07-08 11:24:47.872  1253  1308 D UmdCamera: ShutterCb 
07-08 11:24:47.905  1253  1308 D UmdCamera: ShutterCb 
07-08 11:24:47.908  1253  5761 D UmdCamera: CAMERA_SUBMIT_REQUEST
07-08 11:24:47.908  1253  5761 D UmdCamera: Camera submit request
07-08 11:24:47.937  1253  5761 D UmdCamera: CAMERA_SUBMIT_REQUEST
07-08 11:24:47.937  1253  5761 D UmdCamera: Camera submit request
07-08 11:24:47.939  1253  1308 D UmdCamera: ShutterCb 
07-08 11:24:47.972  1253  1308 D UmdCamera: ShutterCb 
07-08 11:24:47.974  1253  5761 D UmdCamera: CAMERA_SUBMIT_REQUEST
07-08 11:24:47.974  1253  5761 D UmdCamera: Camera submit request
07-08 11:24:48.005  1253  1308 D UmdCamera: ShutterCb 
07-08 11:24:48.007  1253  5761 D UmdCamera: CAMERA_SUBMIT_REQUEST
07-08 11:24:48.007  1253  5761 D UmdCamera: Camera submit request
07-08 11:24:48.038  1253  5761 D UmdCamera: CAMERA_SUBMIT_REQUEST
07-08 11:24:48.038  1253  5761 D UmdCamera: Camera submit request
07-08 11:24:48.042  1253  1308 D UmdCamera: ShutterCb 
07-08 11:24:48.071  1253  5761 D UmdCamera: CAMERA_SUBMIT_REQUEST
07-08 11:24:48.071  1253  5761 D UmdCamera: Camera submit request
07-08 11:24:48.072  1253  1308 D UmdCamera: ShutterCb 
07-08 11:24:48.101  1253  5761 D UmdCamera: CAMERA_SUBMIT_REQUEST
07-08 11:24:48.101  1253  5761 D UmdCamera: Camera submit request
07-08 11:24:48.106  1253  1308 D UmdCamera: ShutterCb 
07-08 11:24:48.136  1253  5761 D UmdCamera: CAMERA_SUBMIT_REQUEST
07-08 11:24:48.136  1253  5761 D UmdCamera: Camera submit request
07-08 11:24:48.140  1253  1308 D UmdCamera: ShutterCb 
07-08 11:24:48.168  1253  5761 D UmdCamera: CAMERA_SUBMIT_REQUEST
07-08 11:24:48.168  1253  5761 D UmdCamera: Camera submit request
07-08 11:24:48.174  1253  1308 D UmdCamera: ShutterCb 
07-08 11:24:48.203  1253  5761 D UmdCamera: CAMERA_SUBMIT_REQUEST
07-08 11:24:48.203  1253  5761 D UmdCamera: Camera submit request
07-08 11:24:48.207  1253  1308 D UmdCamera: ShutterCb 
07-08 11:24:48.237  1253  5761 D UmdCamera: CAMERA_SUBMIT_REQUEST
07-08 11:24:48.238  1253  5761 D UmdCamera: Camera submit request
07-08 11:24:48.243  1253  1308 D UmdCamera: ShutterCb 
07-08 11:24:48.271  1253  5761 D UmdCamera: CAMERA_SUBMIT_REQUEST
07-08 11:24:48.272  1253  5761 D UmdCamera: Camera submit request
07-08 11:24:48.274  1253  1308 D UmdCamera: ShutterCb 
07-08 11:24:48.306  1253  5761 D UmdCamera: CAMERA_SUBMIT_REQUEST
07-08 11:24:48.306  1253  5761 D UmdCamera: Camera submit request
07-08 11:24:48.307  1253  1253 D UmdCamera: ShutterCb 
07-08 11:24:48.341  1253  5761 D UmdCamera: CAMERA_SUBMIT_REQUEST
07-08 11:24:48.341  1253  5761 D UmdCamera: Camera submit request
07-08 11:24:48.345  1253  1253 D UmdCamera: ShutterCb 
07-08 11:24:48.371  1253  5761 D UmdCamera: CAMERA_SUBMIT_REQUEST
07-08 11:24:48.371  1253  5761 D UmdCamera: Camera submit request
07-08 11:24:48.375  1253  1253 D UmdCamera: ShutterCb 
07-08 11:24:48.403  1253  5761 D UmdCamera: CAMERA_SUBMIT_REQUEST
07-08 11:24:48.403  1253  5761 D UmdCamera: Camera submit request
07-08 11:24:48.408  1253  1253 D UmdCamera: ShutterCb 
07-08 11:24:48.436  1253  5761 D UmdCamera: CAMERA_SUBMIT_REQUEST
07-08 11:24:48.436  1253  5761 D UmdCamera: Camera submit request
07-08 11:24:48.442  1253  1253 D UmdCamera: ShutterCb 
07-08 11:24:48.468  1253  5761 D UmdCamera: CAMERA_SUBMIT_REQUEST
07-08 11:24:48.469  1253  5761 D UmdCamera: Camera submit request
07-08 11:24:48.476  1253  1253 D UmdCamera: ShutterCb 
07-08 11:24:48.508  1253  5761 D UmdCamera: CAMERA_SUBMIT_REQUEST
07-08 11:24:48.509  1253  5761 D UmdCamera: Camera submit request
07-08 11:24:48.510  1253  1253 D UmdCamera: ShutterCb 
07-08 11:24:48.542  1253  5761 D UmdCamera: CAMERA_SUBMIT_REQUEST
07-08 11:24:48.542  1253  5761 D UmdCamera: Camera submit request
07-08 11:24:48.544  1253  1253 D UmdCamera: ShutterCb 
07-08 11:24:48.576  1253  5761 D UmdCamera: CAMERA_SUBMIT_REQUEST
07-08 11:24:48.576  1253  5761 D UmdCamera: Camera submit request
07-08 11:24:48.578  1253  1253 D UmdCamera: ShutterCb 
07-08 11:24:48.603  1253  5761 D UmdCamera: CAMERA_SUBMIT_REQUEST
07-08 11:24:48.603  1253  5761 D UmdCamera: Camera submit request
07-08 11:24:48.610  1253  1253 D UmdCamera: ShutterCb 
07-08 11:24:48.639  1253  5761 D UmdCamera: CAMERA_SUBMIT_REQUEST
07-08 11:24:48.639  1253  5761 D UmdCamera: Camera submit request
07-08 11:24:48.644  1253  1253 D UmdCamera: ShutterCb 
07-08 11:24:48.676  1253  5761 D UmdCamera: CAMERA_SUBMIT_REQUEST
07-08 11:24:48.676  1253  5761 D UmdCamera: Camera submit request
07-08 11:24:48.678  1253  1253 D UmdCamera: ShutterCb 
07-08 11:24:48.712  1253  5761 D UmdCamera: CAMERA_SUBMIT_REQUEST
07-08 11:24:48.712  1253  5761 D UmdCamera: Camera submit request
07-08 11:24:48.713  1253  1308 D UmdCamera: ShutterCb 
07-08 11:24:48.744  1253  1308 D UmdCamera: ShutterCb 
07-08 11:24:48.739  1253  5761 D UmdCamera: CAMERA_SUBMIT_REQUEST
07-08 11:24:48.746  1253  5761 D UmdCamera: Camera submit request
07-08 11:24:48.777  1253  1308 D UmdCamera: ShutterCb 
07-08 11:24:48.780  1253  5761 D UmdCamera: CAMERA_SUBMIT_REQUEST
07-08 11:24:48.780  1253  5761 D UmdCamera: Camera submit request
07-08 11:24:48.812  1253  1308 D UmdCamera: ShutterCb 
07-08 11:24:48.813  1253  5761 D UmdCamera: CAMERA_SUBMIT_REQUEST
07-08 11:24:48.813  1253  5761 D UmdCamera: Camera submit request
07-08 11:24:48.845  1253  5761 D UmdCamera: CAMERA_SUBMIT_REQUEST
07-08 11:24:48.846  1253  5761 D UmdCamera: Camera submit request
07-08 11:24:48.846  1253  1308 D UmdCamera: ShutterCb 
07-08 11:24:48.875  1253  5761 D UmdCamera: CAMERA_SUBMIT_REQUEST
07-08 11:24:48.878  1253  1308 D UmdCamera: ShutterCb 
07-08 11:24:48.879  1253  5761 D UmdCamera: Camera submit request
07-08 11:24:48.907  1253  5761 D UmdCamera: CAMERA_SUBMIT_REQUEST
07-08 11:24:48.907  1253  5761 D UmdCamera: Camera submit request
07-08 11:24:48.912  1253  1308 D UmdCamera: ShutterCb 
07-08 11:24:48.945  1253  5761 D UmdCamera: CAMERA_SUBMIT_REQUEST
07-08 11:24:48.945  1253  5761 D UmdCamera: Camera submit request
07-08 11:24:48.950  1253  1308 D UmdCamera: ShutterCb 
07-08 11:24:48.976  1253  5761 D UmdCamera: CAMERA_SUBMIT_REQUEST
07-08 11:24:48.976  1253  5761 D UmdCamera: Camera submit request
07-08 11:24:48.983  1253  1308 D UmdCamera: ShutterCb 
07-08 11:24:49.010  1253  5761 D UmdCamera: CAMERA_SUBMIT_REQUEST
07-08 11:24:49.011  1253  5761 D UmdCamera: Camera submit request
07-08 11:24:49.012  1253  1308 D UmdCamera: ShutterCb 
07-08 11:24:49.043  1253  5761 D UmdCamera: CAMERA_SUBMIT_REQUEST
07-08 11:24:49.043  1253  5761 D UmdCamera: Camera submit request
07-08 11:24:49.047  1253  1308 D UmdCamera: ShutterCb 
07-08 11:24:49.073  1253  5761 D UmdCamera: CAMERA_SUBMIT_REQUEST
07-08 11:24:49.073  1253  5761 D UmdCamera: Camera submit request
07-08 11:24:49.081  1253  1308 D UmdCamera: ShutterCb 
07-08 11:24:49.113  1253  5761 D UmdCamera: CAMERA_SUBMIT_REQUEST
07-08 11:24:49.113  1253  5761 D UmdCamera: Camera submit request
07-08 11:24:49.115  1253  1308 D UmdCamera: ShutterCb 
07-08 11:24:49.141  1253  5761 D UmdCamera: CAMERA_SUBMIT_REQUEST
07-08 11:24:49.141  1253  5761 D UmdCamera: Camera submit request
07-08 11:24:49.148  1253  1308 D UmdCamera: ShutterCb 
07-08 11:24:49.174  1253  5761 D UmdCamera: CAMERA_SUBMIT_REQUEST
07-08 11:24:49.174  1253  5761 D UmdCamera: Camera submit request
07-08 11:24:49.180  1253  1308 D UmdCamera: ShutterCb 
07-08 11:24:49.208  1253  5761 D UmdCamera: CAMERA_SUBMIT_REQUEST
07-08 11:24:49.208  1253  5761 D UmdCamera: Camera submit request
07-08 11:24:49.213  1253  1308 D UmdCamera: ShutterCb 
07-08 11:24:49.247  1253  1308 D UmdCamera: ShutterCb 
07-08 11:24:49.258  1253  5761 D UmdCamera: CAMERA_SUBMIT_REQUEST
07-08 11:24:49.258  1253  5761 D UmdCamera: Camera submit request
07-08 11:24:49.281  1253  1308 D UmdCamera: ShutterCb 
07-08 11:24:49.284  1253  5761 D UmdCamera: CAMERA_SUBMIT_REQUEST
07-08 11:24:49.284  1253  5761 D UmdCamera: Camera submit request
07-08 11:24:49.307  1253  5761 D UmdCamera: CAMERA_SUBMIT_REQUEST
07-08 11:24:49.307  1253  5761 D UmdCamera: Camera submit request
07-08 11:24:49.314  1253  1308 D UmdCamera: ShutterCb 
07-08 11:24:49.348  1253  1308 D UmdCamera: ShutterCb 
07-08 11:24:49.352  1253  5761 D UmdCamera: CAMERA_SUBMIT_REQUEST
07-08 11:24:49.352  1253  5761 D UmdCamera: Camera submit request
07-08 11:24:49.378  1253  5761 D UmdCamera: CAMERA_SUBMIT_REQUEST
07-08 11:24:49.379  1253  5761 D UmdCamera: Camera submit request
07-08 11:24:49.384  1253  1308 D UmdCamera: ShutterCb 
07-08 11:24:49.413  1253  5761 D UmdCamera: CAMERA_SUBMIT_REQUEST
07-08 11:24:49.413  1253  5761 D UmdCamera: Camera submit request
07-08 11:24:49.416  1253  1308 D UmdCamera: ShutterCb 
07-08 11:24:49.445  1253  5761 D UmdCamera: CAMERA_SUBMIT_REQUEST
07-08 11:24:49.445  1253  5761 D UmdCamera: Camera submit request
07-08 11:24:49.449  1253  1308 D UmdCamera: ShutterCb 
07-08 11:24:49.478  1253  5761 D UmdCamera: CAMERA_SUBMIT_REQUEST
07-08 11:24:49.478  1253  5761 D UmdCamera: Camera submit request
07-08 11:24:49.483  1253  1308 D UmdCamera: ShutterCb 
07-08 11:24:49.518  1253  5761 D UmdCamera: CAMERA_SUBMIT_REQUEST
07-08 11:24:49.518  1253  5761 D UmdCamera: Camera submit request
07-08 11:24:49.519  1253  1308 D UmdCamera: ShutterCb 
07-08 11:24:49.547  1253  5761 D UmdCamera: CAMERA_SUBMIT_REQUEST
07-08 11:24:49.547  1253  5761 D UmdCamera: Camera submit request
07-08 11:24:49.550  1253  1308 D UmdCamera: ShutterCb 
07-08 11:24:49.577  1253  5761 D UmdCamera: CAMERA_SUBMIT_REQUEST
07-08 11:24:49.577  1253  5761 D UmdCamera: Camera submit request
07-08 11:24:49.583  1253  1308 D UmdCamera: ShutterCb 
07-08 11:24:49.616  1253  1308 D UmdCamera: ShutterCb 
07-08 11:24:49.622  1253  5761 D UmdCamera: CAMERA_SUBMIT_REQUEST
07-08 11:24:49.623  1253  5761 D UmdCamera: Camera submit request
07-08 11:24:49.646  1253  5761 D UmdCamera: CAMERA_SUBMIT_REQUEST
07-08 11:24:49.646  1253  5761 D UmdCamera: Camera submit request
07-08 11:24:49.652  1253  1308 D UmdCamera: ShutterCb 
07-08 11:24:49.677  1253  5761 D UmdCamera: CAMERA_SUBMIT_REQUEST
07-08 11:24:49.677  1253  5761 D UmdCamera: Camera submit request
07-08 11:24:49.683  1253  1308 D UmdCamera: ShutterCb 
07-08 11:24:49.708  1253  5761 D UmdCamera: CAMERA_SUBMIT_REQUEST
07-08 11:24:49.708  1253  5761 D UmdCamera: Camera submit request
07-08 11:24:49.717  1253  1308 D UmdCamera: ShutterCb 
07-08 11:24:49.742  1253  5761 D UmdCamera: CAMERA_SUBMIT_REQUEST
07-08 11:24:49.742  1253  5761 D UmdCamera: Camera submit request
07-08 11:24:49.750  1253  1308 D UmdCamera: ShutterCb 
07-08 11:24:49.776  1253  5761 D UmdCamera: CAMERA_SUBMIT_REQUEST
07-08 11:24:49.776  1253  5761 D UmdCamera: Camera submit request
07-08 11:24:49.785  1253  1308 D UmdCamera: ShutterCb 
07-08 11:24:49.815  1253  5761 D UmdCamera: CAMERA_SUBMIT_REQUEST
07-08 11:24:49.816  1253  5761 D UmdCamera: Camera submit request
07-08 11:24:49.820  1253  1308 D UmdCamera: ShutterCb 
07-08 11:24:49.845  1253  5761 D UmdCamera: CAMERA_SUBMIT_REQUEST
07-08 11:24:49.846  1253  5761 D UmdCamera: Camera submit request
07-08 11:24:49.852  1253  1308 D UmdCamera: ShutterCb 
07-08 11:24:49.885  1253  1308 D UmdCamera: ShutterCb 
07-08 11:24:49.881  1253  5761 D UmdCamera: CAMERA_SUBMIT_REQUEST
07-08 11:24:49.886  1253  5761 D UmdCamera: Camera submit request
07-08 11:24:49.916  1253  5761 D UmdCamera: CAMERA_SUBMIT_REQUEST
07-08 11:24:49.917  1253  5761 D UmdCamera: Camera submit request
07-08 11:24:49.919  1253  1308 D UmdCamera: ShutterCb 
07-08 11:24:49.953  1253  1308 D UmdCamera: ShutterCb 
07-08 11:24:49.955  1253  5761 D UmdCamera: CAMERA_SUBMIT_REQUEST
07-08 11:24:49.955  1253  5761 D UmdCamera: Camera submit request
07-08 11:24:49.980  1253  5761 D UmdCamera: CAMERA_SUBMIT_REQUEST
07-08 11:24:49.980  1253  5761 D UmdCamera: Camera submit request
07-08 11:24:49.987  1253  1308 D UmdCamera: ShutterCb 
07-08 11:24:50.015  1253  5761 D UmdCamera: CAMERA_SUBMIT_REQUEST
07-08 11:24:50.015  1253  5761 D UmdCamera: Camera submit request
07-08 11:24:50.020  1253  1308 D UmdCamera: ShutterCb 
07-08 11:24:50.051  1253  5761 D UmdCamera: CAMERA_SUBMIT_REQUEST
07-08 11:24:50.051  1253  5761 D UmdCamera: Camera submit request
07-08 11:24:50.053  1253  1308 D UmdCamera: ShutterCb 
07-08 11:24:50.084  1253  5761 D UmdCamera: CAMERA_SUBMIT_REQUEST
07-08 11:24:50.084  1253  5761 D UmdCamera: Camera submit request
07-08 11:24:50.089  1253  1308 D UmdCamera: ShutterCb 
07-08 11:24:50.115  1253  5761 D UmdCamera: CAMERA_SUBMIT_REQUEST
07-08 11:24:50.115  1253  5761 D UmdCamera: Camera submit request
07-08 11:24:50.120  1253  1308 D UmdCamera: ShutterCb 
