--------- beginning of main
07-08 11:18:25.932  1262  5290 I UmdCamera: Stream setup: 1280x720@30.00 - H264
07-08 11:18:25.937  1262  5290 D UmdCamera: Stream ON
07-08 11:18:25.937  1262  5291 D UmdCamera: CAMERA_START
07-08 11:18:25.937  1262  5291 D UmdCamera: Camera start
07-08 11:18:26.314  1262  5291 I UmdVideoData: Initializing H264 processor
07-08 11:18:26.314  1262  5291 I UmdVideoData: Successfully set parameter: raw.pixel-format
07-08 11:18:26.315  1262  5291 I UmdVideoData: Successfully set parameter: raw.size
07-08 11:18:26.315  1262  5291 I UmdVideoData: Successfully set parameter: coded.frame-rate
07-08 11:18:26.315  1262  5291 I UmdVideoData: Successfully set parameter: coded.pl
07-08 11:18:26.315  1262  5291 I UmdVideoData: Successfully set parameter: algo.bitrate-mode
07-08 11:18:26.315  1262  5291 I UmdVideoData: Successfully set parameter: coded.bitrate
07-08 11:18:26.316  1262  5291 I UmdVideoData: Successfully set parameter: coding.gop
07-08 11:18:26.316  1262  5291 I UmdVideoData: Successfully set parameter: output.buffers.prepend-header
07-08 11:18:26.316  1262  5291 I UmdVideoData: Successfully set parameter: coding.intra-refresh
07-08 11:18:26.316  1262  5291 I UmdVideoData: Successfully set parameter: algo.priority
07-08 11:18:27.045  1262  1262 D UmdCamera: ShutterCb 
07-08 11:18:27.078  1262  1262 D UmdCamera: ShutterCb 
07-08 11:18:27.099  1262  1262 D UmdVideoData: processData: Generated key for frame no 0 and stream_id 0 is 0
07-08 11:18:27.099  1262  5291 D UmdCamera: CAMERA_SUBMIT_REQUEST
07-08 11:18:27.100  1262  5291 D UmdCamera: Camera submit request
07-08 11:18:27.115  1262  1262 D UmdVideoData: processData: Generated key for frame no 1 and stream_id 0 is 1
07-08 11:18:27.116  1262  5291 D UmdCamera: CAMERA_SUBMIT_REQUEST
07-08 11:18:27.116  1262  5291 D UmdCamera: Camera submit request
07-08 11:18:27.145  1262  1262 D UmdCamera: ShutterCb 
07-08 11:18:27.178  1262  1262 D UmdCamera: ShutterCb 
07-08 11:18:27.183  1262  1262 D UmdVideoData: processData: Generated key for frame no 2 and stream_id 0 is 2
07-08 11:18:27.184  1262  5291 D UmdCamera: CAMERA_SUBMIT_REQUEST
07-08 11:18:27.184  1262  5291 D UmdCamera: Camera submit request
07-08 11:18:27.216  1262  1262 D UmdVideoData: processData: Generated key for frame no 3 and stream_id 0 is 3
07-08 11:18:27.216  1262  5291 D UmdCamera: CAMERA_SUBMIT_REQUEST
07-08 11:18:27.217  1262  5291 D UmdCamera: Camera submit request
07-08 11:18:27.246  1262  1262 D UmdCamera: ShutterCb 
07-08 11:18:27.284  1262  1297 D UmdCamera: ShutterCb 
07-08 11:18:27.287  1262  1297 D UmdVideoData: processData: Generated key for frame no 4 and stream_id 0 is 4
07-08 11:18:27.288  1262  5291 D UmdCamera: CAMERA_SUBMIT_REQUEST
07-08 11:18:27.288  1262  5291 D UmdCamera: Camera submit request
07-08 11:18:27.329  1262  1297 D UmdVideoData: processData: Generated key for frame no 5 and stream_id 0 is 5
07-08 11:18:27.329  1262  5291 D UmdCamera: CAMERA_SUBMIT_REQUEST
07-08 11:18:27.329  1262  5291 D UmdCamera: Camera submit request
07-08 11:18:27.347  1262  1297 D UmdCamera: ShutterCb 
07-08 11:18:27.380  1262  1297 D UmdCamera: ShutterCb 
07-08 11:18:27.387  1262  1297 D UmdVideoData: processData: Generated key for frame no 6 and stream_id 0 is 6
07-08 11:18:27.387  1262  5291 D UmdCamera: CAMERA_SUBMIT_REQUEST
07-08 11:18:27.387  1262  5291 D UmdCamera: Camera submit request
07-08 11:18:27.422  1262  1297 D UmdVideoData: processData: Generated key for frame no 7 and stream_id 0 is 7
07-08 11:18:27.422  1262  5291 D UmdCamera: CAMERA_SUBMIT_REQUEST
07-08 11:18:27.422  1262  5291 D UmdCamera: Camera submit request
07-08 11:18:27.447  1262  1297 D UmdCamera: ShutterCb 
07-08 11:18:27.481  1262  1297 D UmdCamera: ShutterCb 
07-08 11:18:27.502  1262  1297 D UmdVideoData: processData: Generated key for frame no 8 and stream_id 0 is 8
07-08 11:18:27.503  1262  5291 D UmdCamera: CAMERA_SUBMIT_REQUEST
07-08 11:18:27.503  1262  5291 D UmdCamera: Camera submit request
07-08 11:18:27.521  1262  1297 D UmdVideoData: processData: Generated key for frame no 9 and stream_id 0 is 9
07-08 11:18:27.521  1262  5291 D UmdCamera: CAMERA_SUBMIT_REQUEST
07-08 11:18:27.521  1262  5291 D UmdCamera: Camera submit request
07-08 11:18:27.547  1262  1262 D UmdCamera: ShutterCb 
07-08 11:18:27.581  1262  1262 D UmdCamera: ShutterCb 
07-08 11:18:27.588  1262  1262 D UmdVideoData: processData: Generated key for frame no 10 and stream_id 0 is 10
07-08 11:18:27.588  1262  5291 D UmdCamera: CAMERA_SUBMIT_REQUEST
07-08 11:18:27.588  1262  5291 D UmdCamera: Camera submit request
07-08 11:18:27.621  1262  1262 D UmdVideoData: processData: Generated key for frame no 11 and stream_id 0 is 11
07-08 11:18:27.621  1262  5291 D UmdCamera: CAMERA_SUBMIT_REQUEST
07-08 11:18:27.621  1262  5291 D UmdCamera: Camera submit request
07-08 11:18:27.648  1262  1262 D UmdCamera: ShutterCb 
07-08 11:18:27.682  1262  1262 D UmdCamera: ShutterCb 
07-08 11:18:27.689  1262  1262 D UmdVideoData: processData: Generated key for frame no 12 and stream_id 0 is 12
07-08 11:18:27.690  1262  5291 D UmdCamera: CAMERA_SUBMIT_REQUEST
07-08 11:18:27.690  1262  5291 D UmdCamera: Camera submit request
07-08 11:18:27.720  1262  1262 D UmdVideoData: processData: Generated key for frame no 13 and stream_id 0 is 13
07-08 11:18:27.720  1262  5291 D UmdCamera: CAMERA_SUBMIT_REQUEST
07-08 11:18:27.720  1262  5291 D UmdCamera: Camera submit request
07-08 11:18:27.749  1262  1297 D UmdCamera: ShutterCb 
07-08 11:18:27.782  1262  1297 D UmdCamera: ShutterCb 
07-08 11:18:27.789  1262  1297 D UmdVideoData: processData: Generated key for frame no 14 and stream_id 0 is 14
07-08 11:18:27.789  1262  5291 D UmdCamera: CAMERA_SUBMIT_REQUEST
07-08 11:18:27.789  1262  5291 D UmdCamera: Camera submit request
07-08 11:18:27.819  1262  1262 D UmdVideoData: processData: Generated key for frame no 15 and stream_id 0 is 15
07-08 11:18:27.819  1262  5291 D UmdCamera: CAMERA_SUBMIT_REQUEST
07-08 11:18:27.819  1262  5291 D UmdCamera: Camera submit request
07-08 11:18:27.850  1262  1262 D UmdCamera: ShutterCb 
07-08 11:18:27.883  1262  1262 D UmdCamera: ShutterCb 
07-08 11:18:27.891  1262  1262 D UmdVideoData: processData: Generated key for frame no 16 and stream_id 0 is 16
07-08 11:18:27.891  1262  5291 D UmdCamera: CAMERA_SUBMIT_REQUEST
07-08 11:18:27.891  1262  5291 D UmdCamera: Camera submit request
07-08 11:18:27.928  1262  1262 D UmdVideoData: processData: Generated key for frame no 17 and stream_id 0 is 17
07-08 11:18:27.928  1262  5291 D UmdCamera: CAMERA_SUBMIT_REQUEST
07-08 11:18:27.928  1262  5291 D UmdCamera: Camera submit request
07-08 11:18:27.950  1262  1262 D UmdCamera: ShutterCb 
07-08 11:18:27.984  1262  1262 D UmdCamera: ShutterCb 
07-08 11:18:27.992  1262  1262 D UmdVideoData: processData: Generated key for frame no 18 and stream_id 0 is 18
07-08 11:18:27.992  1262  5291 D UmdCamera: CAMERA_SUBMIT_REQUEST
07-08 11:18:27.992  1262  5291 D UmdCamera: Camera submit request
07-08 11:18:28.028  1262  1262 D UmdVideoData: processData: Generated key for frame no 19 and stream_id 0 is 19
07-08 11:18:28.028  1262  5291 D UmdCamera: CAMERA_SUBMIT_REQUEST
07-08 11:18:28.028  1262  5291 D UmdCamera: Camera submit request
07-08 11:18:28.051  1262  1262 D UmdCamera: ShutterCb 
07-08 11:18:28.086  1262  1262 D UmdCamera: ShutterCb 
07-08 11:18:28.092  1262  1262 D UmdVideoData: processData: Generated key for frame no 20 and stream_id 0 is 20
07-08 11:18:28.093  1262  5291 D UmdCamera: CAMERA_SUBMIT_REQUEST
07-08 11:18:28.093  1262  5291 D UmdCamera: Camera submit request
07-08 11:18:28.126  1262  1262 D UmdVideoData: processData: Generated key for frame no 21 and stream_id 0 is 21
07-08 11:18:28.126  1262  5291 D UmdCamera: CAMERA_SUBMIT_REQUEST
07-08 11:18:28.126  1262  5291 D UmdCamera: Camera submit request
07-08 11:18:28.151  1262  1262 D UmdCamera: ShutterCb 
07-08 11:18:28.184  1262  1262 D UmdCamera: ShutterCb 
07-08 11:18:28.194  1262  1262 D UmdVideoData: processData: Generated key for frame no 22 and stream_id 0 is 22
07-08 11:18:28.194  1262  5291 D UmdCamera: CAMERA_SUBMIT_REQUEST
07-08 11:18:28.194  1262  5291 D UmdCamera: Camera submit request
07-08 11:18:28.218  1262  1262 D UmdCamera: ShutterCb 
07-08 11:18:28.227  1262  1262 D UmdVideoData: processData: Generated key for frame no 23 and stream_id 0 is 23
07-08 11:18:28.227  1262  5291 D UmdCamera: CAMERA_SUBMIT_REQUEST
07-08 11:18:28.227  1262  5291 D UmdCamera: Camera submit request
07-08 11:18:28.251  1262  1262 D UmdCamera: ShutterCb 
07-08 11:18:28.260  1262  1262 D UmdVideoData: processData: Generated key for frame no 24 and stream_id 0 is 24
07-08 11:18:28.260  1262  5291 D UmdCamera: CAMERA_SUBMIT_REQUEST
07-08 11:18:28.260  1262  5291 D UmdCamera: Camera submit request
07-08 11:18:28.284  1262  1262 D UmdCamera: ShutterCb 
07-08 11:18:28.292  1262  1262 D UmdVideoData: processData: Generated key for frame no 25 and stream_id 0 is 25
07-08 11:18:28.292  1262  5291 D UmdCamera: CAMERA_SUBMIT_REQUEST
07-08 11:18:28.292  1262  5291 D UmdCamera: Camera submit request
07-08 11:18:28.317  1262  1262 D UmdCamera: ShutterCb 
07-08 11:18:28.325  1262  1262 D UmdVideoData: processData: Generated key for frame no 26 and stream_id 0 is 26
07-08 11:18:28.325  1262  5291 D UmdCamera: CAMERA_SUBMIT_REQUEST
07-08 11:18:28.325  1262  5291 D UmdCamera: Camera submit request
07-08 11:18:28.351  1262  1262 D UmdCamera: ShutterCb 
07-08 11:18:28.360  1262  1262 D UmdVideoData: processData: Generated key for frame no 27 and stream_id 0 is 27
07-08 11:18:28.360  1262  5291 D UmdCamera: CAMERA_SUBMIT_REQUEST
07-08 11:18:28.361  1262  5291 D UmdCamera: Camera submit request
07-08 11:18:28.384  1262  1262 D UmdCamera: ShutterCb 
07-08 11:18:28.392  1262  1262 D UmdVideoData: processData: Generated key for frame no 28 and stream_id 0 is 28
07-08 11:18:28.392  1262  5291 D UmdCamera: CAMERA_SUBMIT_REQUEST
07-08 11:18:28.392  1262  5291 D UmdCamera: Camera submit request
07-08 11:18:28.418  1262  1262 D UmdCamera: ShutterCb 
07-08 11:18:28.428  1262  1262 D UmdVideoData: processData: Generated key for frame no 29 and stream_id 0 is 29
07-08 11:18:28.428  1262  5291 D UmdCamera: CAMERA_SUBMIT_REQUEST
07-08 11:18:28.428  1262  5291 D UmdCamera: Camera submit request
07-08 11:18:28.450  1262  1262 D UmdCamera: ShutterCb 
07-08 11:18:28.461  1262  1262 D UmdVideoData: processData: Generated key for frame no 30 and stream_id 0 is 30
07-08 11:18:28.461  1262  5291 D UmdCamera: CAMERA_SUBMIT_REQUEST
07-08 11:18:28.461  1262  5291 D UmdCamera: Camera submit request
07-08 11:18:28.484  1262  1262 D UmdCamera: ShutterCb 
07-08 11:18:28.494  1262  1262 D UmdVideoData: processData: Generated key for frame no 31 and stream_id 0 is 31
07-08 11:18:28.495  1262  5291 D UmdCamera: CAMERA_SUBMIT_REQUEST
07-08 11:18:28.495  1262  5291 D UmdCamera: Camera submit request
07-08 11:18:28.517  1262  1262 D UmdCamera: ShutterCb 
07-08 11:18:28.527  1262  1262 D UmdVideoData: processData: Generated key for frame no 32 and stream_id 0 is 32
07-08 11:18:28.528  1262  5291 D UmdCamera: CAMERA_SUBMIT_REQUEST
07-08 11:18:28.528  1262  5291 D UmdCamera: Camera submit request
07-08 11:18:28.551  1262  1262 D UmdCamera: ShutterCb 
07-08 11:18:28.560  1262  1262 D UmdVideoData: processData: Generated key for frame no 33 and stream_id 0 is 33
07-08 11:18:28.560  1262  5291 D UmdCamera: CAMERA_SUBMIT_REQUEST
07-08 11:18:28.561  1262  5291 D UmdCamera: Camera submit request
07-08 11:18:28.584  1262  1262 D UmdCamera: ShutterCb 
07-08 11:18:28.590  1262  1262 D UmdVideoData: processData: Generated key for frame no 34 and stream_id 0 is 34
07-08 11:18:28.590  1262  5291 D UmdCamera: CAMERA_SUBMIT_REQUEST
07-08 11:18:28.590  1262  5291 D UmdCamera: Camera submit request
07-08 11:18:28.618  1262  1262 D UmdCamera: ShutterCb 
07-08 11:18:28.624  1262  1262 D UmdVideoData: processData: Generated key for frame no 35 and stream_id 0 is 35
07-08 11:18:28.624  1262  5291 D UmdCamera: CAMERA_SUBMIT_REQUEST
07-08 11:18:28.624  1262  5291 D UmdCamera: Camera submit request
07-08 11:18:28.651  1262  1297 D UmdCamera: ShutterCb 
07-08 11:18:28.659  1262  1297 D UmdVideoData: processData: Generated key for frame no 36 and stream_id 0 is 36
07-08 11:18:28.659  1262  5291 D UmdCamera: CAMERA_SUBMIT_REQUEST
07-08 11:18:28.659  1262  5291 D UmdCamera: Camera submit request
07-08 11:18:28.684  1262  1297 D UmdCamera: ShutterCb 
07-08 11:18:28.692  1262  1297 D UmdVideoData: processData: Generated key for frame no 37 and stream_id 0 is 37
07-08 11:18:28.692  1262  5291 D UmdCamera: CAMERA_SUBMIT_REQUEST
07-08 11:18:28.693  1262  5291 D UmdCamera: Camera submit request
07-08 11:18:28.717  1262  1297 D UmdCamera: ShutterCb 
07-08 11:18:28.726  1262  1297 D UmdVideoData: processData: Generated key for frame no 38 and stream_id 0 is 38
07-08 11:18:28.726  1262  5291 D UmdCamera: CAMERA_SUBMIT_REQUEST
07-08 11:18:28.726  1262  5291 D UmdCamera: Camera submit request
07-08 11:18:28.751  1262  1297 D UmdCamera: ShutterCb 
07-08 11:18:28.758  1262  1297 D UmdVideoData: processData: Generated key for frame no 39 and stream_id 0 is 39
07-08 11:18:28.758  1262  5291 D UmdCamera: CAMERA_SUBMIT_REQUEST
07-08 11:18:28.758  1262  5291 D UmdCamera: Camera submit request
07-08 11:18:28.784  1262  1297 D UmdCamera: ShutterCb 
07-08 11:18:28.792  1262  1297 D UmdVideoData: processData: Generated key for frame no 40 and stream_id 0 is 40
07-08 11:18:28.792  1262  5291 D UmdCamera: CAMERA_SUBMIT_REQUEST
07-08 11:18:28.792  1262  5291 D UmdCamera: Camera submit request
07-08 11:18:28.818  1262  1297 D UmdCamera: ShutterCb 
07-08 11:18:28.824  1262  1297 D UmdVideoData: processData: Generated key for frame no 41 and stream_id 0 is 41
07-08 11:18:28.824  1262  5291 D UmdCamera: CAMERA_SUBMIT_REQUEST
07-08 11:18:28.824  1262  5291 D UmdCamera: Camera submit request
07-08 11:18:28.850  1262  1297 D UmdCamera: ShutterCb 
07-08 11:18:28.861  1262  1297 D UmdVideoData: processData: Generated key for frame no 42 and stream_id 0 is 42
07-08 11:18:28.861  1262  5291 D UmdCamera: CAMERA_SUBMIT_REQUEST
07-08 11:18:28.861  1262  5291 D UmdCamera: Camera submit request
07-08 11:18:28.884  1262  1297 D UmdCamera: ShutterCb 
07-08 11:18:28.892  1262  1297 D UmdVideoData: processData: Generated key for frame no 43 and stream_id 0 is 43
07-08 11:18:28.892  1262  5291 D UmdCamera: CAMERA_SUBMIT_REQUEST
07-08 11:18:28.892  1262  5291 D UmdCamera: Camera submit request
07-08 11:18:28.918  1262  1297 D UmdCamera: ShutterCb 
07-08 11:18:28.924  1262  1297 D UmdVideoData: processData: Generated key for frame no 44 and stream_id 0 is 44
07-08 11:18:28.924  1262  5291 D UmdCamera: CAMERA_SUBMIT_REQUEST
07-08 11:18:28.924  1262  5291 D UmdCamera: Camera submit request
07-08 11:18:28.952  1262  1297 D UmdCamera: ShutterCb 
07-08 11:18:28.960  1262  1297 D UmdVideoData: processData: Generated key for frame no 45 and stream_id 0 is 45
07-08 11:18:28.960  1262  5291 D UmdCamera: CAMERA_SUBMIT_REQUEST
07-08 11:18:28.960  1262  5291 D UmdCamera: Camera submit request
07-08 11:18:28.984  1262  1262 D UmdCamera: ShutterCb 
07-08 11:18:28.988  1262  1262 D UmdVideoData: processData: Generated key for frame no 46 and stream_id 0 is 46
07-08 11:18:28.990  1262  5291 D UmdCamera: CAMERA_SUBMIT_REQUEST
07-08 11:18:28.990  1262  5291 D UmdCamera: Camera submit request
07-08 11:18:29.017  1262  1262 D UmdCamera: ShutterCb 
07-08 11:18:29.024  1262  1262 D UmdVideoData: processData: Generated key for frame no 47 and stream_id 0 is 47
07-08 11:18:29.024  1262  5291 D UmdCamera: CAMERA_SUBMIT_REQUEST
07-08 11:18:29.024  1262  5291 D UmdCamera: Camera submit request
07-08 11:18:29.051  1262  1262 D UmdCamera: ShutterCb 
07-08 11:18:29.058  1262  1262 D UmdVideoData: processData: Generated key for frame no 48 and stream_id 0 is 48
07-08 11:18:29.058  1262  5291 D UmdCamera: CAMERA_SUBMIT_REQUEST
07-08 11:18:29.058  1262  5291 D UmdCamera: Camera submit request
07-08 11:18:29.084  1262  1262 D UmdCamera: ShutterCb 
07-08 11:18:29.092  1262  1262 D UmdVideoData: processData: Generated key for frame no 49 and stream_id 0 is 49
07-08 11:18:29.092  1262  5291 D UmdCamera: CAMERA_SUBMIT_REQUEST
07-08 11:18:29.093  1262  5291 D UmdCamera: Camera submit request
07-08 11:18:29.117  1262  1262 D UmdCamera: ShutterCb 
07-08 11:18:29.125  1262  1262 D UmdVideoData: processData: Generated key for frame no 50 and stream_id 0 is 50
07-08 11:18:29.125  1262  5291 D UmdCamera: CAMERA_SUBMIT_REQUEST
07-08 11:18:29.125  1262  5291 D UmdCamera: Camera submit request
07-08 11:18:29.151  1262  1262 D UmdCamera: ShutterCb 
07-08 11:18:29.157  1262  1262 D UmdVideoData: processData: Generated key for frame no 51 and stream_id 0 is 51
07-08 11:18:29.158  1262  5291 D UmdCamera: CAMERA_SUBMIT_REQUEST
07-08 11:18:29.158  1262  5291 D UmdCamera: Camera submit request
07-08 11:18:29.184  1262  1262 D UmdCamera: ShutterCb 
07-08 11:18:29.192  1262  1262 D UmdVideoData: processData: Generated key for frame no 52 and stream_id 0 is 52
07-08 11:18:29.193  1262  5291 D UmdCamera: CAMERA_SUBMIT_REQUEST
07-08 11:18:29.193  1262  5291 D UmdCamera: Camera submit request
07-08 11:18:29.218  1262  1262 D UmdCamera: ShutterCb 
07-08 11:18:29.226  1262  1262 D UmdVideoData: processData: Generated key for frame no 53 and stream_id 0 is 53
07-08 11:18:29.226  1262  5291 D UmdCamera: CAMERA_SUBMIT_REQUEST
07-08 11:18:29.226  1262  5291 D UmdCamera: Camera submit request
07-08 11:18:29.252  1262  1262 D UmdCamera: ShutterCb 
07-08 11:18:29.260  1262  1262 D UmdVideoData: processData: Generated key for frame no 54 and stream_id 0 is 54
07-08 11:18:29.261  1262  5291 D UmdCamera: CAMERA_SUBMIT_REQUEST
07-08 11:18:29.261  1262  5291 D UmdCamera: Camera submit request
07-08 11:18:29.284  1262  1262 D UmdCamera: ShutterCb 
07-08 11:18:29.291  1262  1262 D UmdVideoData: processData: Generated key for frame no 55 and stream_id 0 is 55
07-08 11:18:29.292  1262  5291 D UmdCamera: CAMERA_SUBMIT_REQUEST
07-08 11:18:29.292  1262  5291 D UmdCamera: Camera submit request
07-08 11:18:29.317  1262  1262 D UmdCamera: ShutterCb 
07-08 11:18:29.322  1262  1262 D UmdVideoData: processData: Generated key for frame no 56 and stream_id 0 is 56
07-08 11:18:29.322  1262  5291 D UmdCamera: CAMERA_SUBMIT_REQUEST
07-08 11:18:29.322  1262  5291 D UmdCamera: Camera submit request
07-08 11:18:29.350  1262  1262 D UmdCamera: ShutterCb 
07-08 11:18:29.356  1262  1262 D UmdVideoData: processData: Generated key for frame no 57 and stream_id 0 is 57
07-08 11:18:29.357  1262  5291 D UmdCamera: CAMERA_SUBMIT_REQUEST
07-08 11:18:29.357  1262  5291 D UmdCamera: Camera submit request
07-08 11:18:29.384  1262  1262 D UmdCamera: ShutterCb 
07-08 11:18:29.391  1262  1262 D UmdVideoData: processData: Generated key for frame no 58 and stream_id 0 is 58
07-08 11:18:29.392  1262  5291 D UmdCamera: CAMERA_SUBMIT_REQUEST
07-08 11:18:29.392  1262  5291 D UmdCamera: Camera submit request
07-08 11:18:29.417  1262  1262 D UmdCamera: ShutterCb 
07-08 11:18:29.423  1262  1262 D UmdVideoData: processData: Generated key for frame no 59 and stream_id 0 is 59
07-08 11:18:29.423  1262  5291 D UmdCamera: CAMERA_SUBMIT_REQUEST
07-08 11:18:29.423  1262  5291 D UmdCamera: Camera submit request
07-08 11:18:29.450  1262  1262 D UmdCamera: ShutterCb 
07-08 11:18:29.459  1262  1262 D UmdVideoData: processData: Generated key for frame no 60 and stream_id 0 is 60
07-08 11:18:29.459  1262  5291 D UmdCamera: CAMERA_SUBMIT_REQUEST
07-08 11:18:29.459  1262  5291 D UmdCamera: Camera submit request
07-08 11:18:29.484  1262  1262 D UmdCamera: ShutterCb 
07-08 11:18:29.492  1262  1262 D UmdVideoData: processData: Generated key for frame no 61 and stream_id 0 is 61
07-08 11:18:29.493  1262  5291 D UmdCamera: CAMERA_SUBMIT_REQUEST
07-08 11:18:29.493  1262  5291 D UmdCamera: Camera submit request
07-08 11:18:29.518  1262  1297 D UmdCamera: ShutterCb 
07-08 11:18:29.523  1262  1297 D UmdVideoData: processData: Generated key for frame no 62 and stream_id 0 is 62
07-08 11:18:29.523  1262  5291 D UmdCamera: CAMERA_SUBMIT_REQUEST
07-08 11:18:29.523  1262  5291 D UmdCamera: Camera submit request
07-08 11:18:29.551  1262  1297 D UmdCamera: ShutterCb 
07-08 11:18:29.557  1262  1297 D UmdVideoData: processData: Generated key for frame no 63 and stream_id 0 is 63
07-08 11:18:29.558  1262  5291 D UmdCamera: CAMERA_SUBMIT_REQUEST
07-08 11:18:29.558  1262  5291 D UmdCamera: Camera submit request
07-08 11:18:29.584  1262  1297 D UmdCamera: ShutterCb 
07-08 11:18:29.591  1262  1297 D UmdVideoData: processData: Generated key for frame no 64 and stream_id 0 is 64
07-08 11:18:29.591  1262  5291 D UmdCamera: CAMERA_SUBMIT_REQUEST
07-08 11:18:29.592  1262  5291 D UmdCamera: Camera submit request
07-08 11:18:29.618  1262  1297 D UmdCamera: ShutterCb 
07-08 11:18:29.625  1262  1297 D UmdVideoData: processData: Generated key for frame no 65 and stream_id 0 is 65
07-08 11:18:29.625  1262  5291 D UmdCamera: CAMERA_SUBMIT_REQUEST
07-08 11:18:29.625  1262  5291 D UmdCamera: Camera submit request
07-08 11:18:29.651  1262  1297 D UmdCamera: ShutterCb 
07-08 11:18:29.657  1262  1297 D UmdVideoData: processData: Generated key for frame no 66 and stream_id 0 is 66
07-08 11:18:29.657  1262  5291 D UmdCamera: CAMERA_SUBMIT_REQUEST
07-08 11:18:29.657  1262  5291 D UmdCamera: Camera submit request
07-08 11:18:29.684  1262  1297 D UmdCamera: ShutterCb 
07-08 11:18:29.689  1262  1297 D UmdVideoData: processData: Generated key for frame no 67 and stream_id 0 is 67
07-08 11:18:29.689  1262  5291 D UmdCamera: CAMERA_SUBMIT_REQUEST
07-08 11:18:29.689  1262  5291 D UmdCamera: Camera submit request
07-08 11:18:29.717  1262  1297 D UmdCamera: ShutterCb 
07-08 11:18:29.724  1262  1297 D UmdVideoData: processData: Generated key for frame no 68 and stream_id 0 is 68
07-08 11:18:29.724  1262  5291 D UmdCamera: CAMERA_SUBMIT_REQUEST
07-08 11:18:29.725  1262  5291 D UmdCamera: Camera submit request
07-08 11:18:29.750  1262  1297 D UmdCamera: ShutterCb 
07-08 11:18:29.758  1262  1297 D UmdVideoData: processData: Generated key for frame no 69 and stream_id 0 is 69
07-08 11:18:29.758  1262  5291 D UmdCamera: CAMERA_SUBMIT_REQUEST
07-08 11:18:29.758  1262  5291 D UmdCamera: Camera submit request
07-08 11:18:29.784  1262  1297 D UmdCamera: ShutterCb 
07-08 11:18:29.794  1262  1297 D UmdVideoData: processData: Generated key for frame no 70 and stream_id 0 is 70
07-08 11:18:29.794  1262  5291 D UmdCamera: CAMERA_SUBMIT_REQUEST
07-08 11:18:29.794  1262  5291 D UmdCamera: Camera submit request
07-08 11:18:29.818  1262  1297 D UmdCamera: ShutterCb 
07-08 11:18:29.825  1262  1297 D UmdVideoData: processData: Generated key for frame no 71 and stream_id 0 is 71
07-08 11:18:29.826  1262  5291 D UmdCamera: CAMERA_SUBMIT_REQUEST
07-08 11:18:29.826  1262  5291 D UmdCamera: Camera submit request
07-08 11:18:29.851  1262  1297 D UmdCamera: ShutterCb 
07-08 11:18:29.862  1262  1262 D UmdVideoData: processData: Generated key for frame no 72 and stream_id 0 is 72
07-08 11:18:29.862  1262  5291 D UmdCamera: CAMERA_SUBMIT_REQUEST
07-08 11:18:29.862  1262  5291 D UmdCamera: Camera submit request
07-08 11:18:29.885  1262  1297 D UmdCamera: ShutterCb 
07-08 11:18:29.897  1262  1297 D UmdVideoData: processData: Generated key for frame no 73 and stream_id 0 is 73
07-08 11:18:29.897  1262  5291 D UmdCamera: CAMERA_SUBMIT_REQUEST
07-08 11:18:29.897  1262  5291 D UmdCamera: Camera submit request
07-08 11:18:29.917  1262  1297 D UmdCamera: ShutterCb 
07-08 11:18:29.927  1262  1297 D UmdVideoData: processData: Generated key for frame no 74 and stream_id 0 is 74
07-08 11:18:29.927  1262  5291 D UmdCamera: CAMERA_SUBMIT_REQUEST
07-08 11:18:29.927  1262  5291 D UmdCamera: Camera submit request
07-08 11:18:29.951  1262  1297 D UmdCamera: ShutterCb 
07-08 11:18:29.958  1262  1297 D UmdVideoData: processData: Generated key for frame no 75 and stream_id 0 is 75
07-08 11:18:29.958  1262  5291 D UmdCamera: CAMERA_SUBMIT_REQUEST
07-08 11:18:29.958  1262  5291 D UmdCamera: Camera submit request
07-08 11:18:29.984  1262  1297 D UmdCamera: ShutterCb 
07-08 11:18:29.989  1262  1297 D UmdVideoData: processData: Generated key for frame no 76 and stream_id 0 is 76
07-08 11:18:29.989  1262  5291 D UmdCamera: CAMERA_SUBMIT_REQUEST
07-08 11:18:29.989  1262  5291 D UmdCamera: Camera submit request
07-08 11:18:30.017  1262  1297 D UmdCamera: ShutterCb 
07-08 11:18:30.023  1262  1297 D UmdVideoData: processData: Generated key for frame no 77 and stream_id 0 is 77
07-08 11:18:30.023  1262  5291 D UmdCamera: CAMERA_SUBMIT_REQUEST
07-08 11:18:30.023  1262  5291 D UmdCamera: Camera submit request
07-08 11:18:30.050  1262  1297 D UmdCamera: ShutterCb 
07-08 11:18:30.058  1262  1297 D UmdVideoData: processData: Generated key for frame no 78 and stream_id 0 is 78
07-08 11:18:30.058  1262  5291 D UmdCamera: CAMERA_SUBMIT_REQUEST
07-08 11:18:30.058  1262  5291 D UmdCamera: Camera submit request
07-08 11:18:30.084  1262  1297 D UmdCamera: ShutterCb 
07-08 11:18:30.092  1262  1297 D UmdVideoData: processData: Generated key for frame no 79 and stream_id 0 is 79
07-08 11:18:30.092  1262  5291 D UmdCamera: CAMERA_SUBMIT_REQUEST
07-08 11:18:30.092  1262  5291 D UmdCamera: Camera submit request
07-08 11:18:30.117  1262  1297 D UmdCamera: ShutterCb 
07-08 11:18:30.125  1262  1297 D UmdVideoData: processData: Generated key for frame no 80 and stream_id 0 is 80
07-08 11:18:30.125  1262  5291 D UmdCamera: CAMERA_SUBMIT_REQUEST
07-08 11:18:30.125  1262  1297 I UmdVideoData: Encoded FPS = 26.44
07-08 11:18:30.125  1262  5291 D UmdCamera: Camera submit request
07-08 11:18:30.151  1262  1297 D UmdCamera: ShutterCb 
07-08 11:18:30.159  1262  1297 D UmdVideoData: processData: Generated key for frame no 81 and stream_id 0 is 81
07-08 11:18:30.159  1262  5291 D UmdCamera: CAMERA_SUBMIT_REQUEST
07-08 11:18:30.159  1262  5291 D UmdCamera: Camera submit request
07-08 11:18:30.184  1262  1297 D UmdCamera: ShutterCb 
07-08 11:18:30.188  1262  1297 D UmdVideoData: processData: Generated key for frame no 82 and stream_id 0 is 82
07-08 11:18:30.188  1262  5291 D UmdCamera: CAMERA_SUBMIT_REQUEST
07-08 11:18:30.188  1262  5291 D UmdCamera: Camera submit request
07-08 11:18:30.217  1262  1297 D UmdCamera: ShutterCb 
07-08 11:18:30.227  1262  1297 D UmdVideoData: processData: Generated key for frame no 83 and stream_id 0 is 83
07-08 11:18:30.227  1262  5291 D UmdCamera: CAMERA_SUBMIT_REQUEST
07-08 11:18:30.227  1262  5291 D UmdCamera: Camera submit request
07-08 11:18:30.250  1262  1297 D UmdCamera: ShutterCb 
07-08 11:18:30.257  1262  1297 D UmdVideoData: processData: Generated key for frame no 84 and stream_id 0 is 84
07-08 11:18:30.257  1262  5291 D UmdCamera: CAMERA_SUBMIT_REQUEST
07-08 11:18:30.257  1262  5291 D UmdCamera: Camera submit request
07-08 11:18:30.284  1262  1297 D UmdCamera: ShutterCb 
07-08 11:18:30.291  1262  1297 D UmdVideoData: processData: Generated key for frame no 85 and stream_id 0 is 85
07-08 11:18:30.291  1262  5291 D UmdCamera: CAMERA_SUBMIT_REQUEST
07-08 11:18:30.291  1262  5291 D UmdCamera: Camera submit request
07-08 11:18:30.317  1262  1297 D UmdCamera: ShutterCb 
07-08 11:18:30.324  1262  1297 D UmdVideoData: processData: Generated key for frame no 86 and stream_id 0 is 86
07-08 11:18:30.324  1262  5291 D UmdCamera: CAMERA_SUBMIT_REQUEST
07-08 11:18:30.324  1262  5291 D UmdCamera: Camera submit request
07-08 11:18:30.350  1262  1297 D UmdCamera: ShutterCb 
07-08 11:18:30.359  1262  1297 D UmdVideoData: processData: Generated key for frame no 87 and stream_id 0 is 87
07-08 11:18:30.359  1262  5291 D UmdCamera: CAMERA_SUBMIT_REQUEST
07-08 11:18:30.359  1262  5291 D UmdCamera: Camera submit request
07-08 11:18:30.384  1262  1297 D UmdCamera: ShutterCb 
07-08 11:18:30.394  1262  1297 D UmdVideoData: processData: Generated key for frame no 88 and stream_id 0 is 88
07-08 11:18:30.394  1262  5291 D UmdCamera: CAMERA_SUBMIT_REQUEST
07-08 11:18:30.394  1262  5291 D UmdCamera: Camera submit request
07-08 11:18:30.418  1262  1297 D UmdCamera: ShutterCb 
07-08 11:18:30.427  1262  1297 D UmdVideoData: processData: Generated key for frame no 89 and stream_id 0 is 89
07-08 11:18:30.427  1262  5291 D UmdCamera: CAMERA_SUBMIT_REQUEST
07-08 11:18:30.427  1262  5291 D UmdCamera: Camera submit request
07-08 11:18:30.451  1262  1297 D UmdCamera: ShutterCb 
07-08 11:18:30.459  1262  1297 D UmdVideoData: processData: Generated key for frame no 90 and stream_id 0 is 90
07-08 11:18:30.460  1262  5291 D UmdCamera: CAMERA_SUBMIT_REQUEST
07-08 11:18:30.460  1262  5291 D UmdCamera: Camera submit request
07-08 11:18:30.484  1262  1297 D UmdCamera: ShutterCb 
07-08 11:18:30.492  1262  1297 D UmdVideoData: processData: Generated key for frame no 91 and stream_id 0 is 91
07-08 11:18:30.492  1262  5291 D UmdCamera: CAMERA_SUBMIT_REQUEST
07-08 11:18:30.492  1262  5291 D UmdCamera: Camera submit request
07-08 11:18:30.518  1262  1262 D UmdCamera: ShutterCb 
07-08 11:18:30.524  1262  1262 D UmdVideoData: processData: Generated key for frame no 92 and stream_id 0 is 92
07-08 11:18:30.524  1262  5291 D UmdCamera: CAMERA_SUBMIT_REQUEST
07-08 11:18:30.524  1262  5291 D UmdCamera: Camera submit request
07-08 11:18:30.551  1262  1262 D UmdCamera: ShutterCb 
07-08 11:18:30.557  1262  1262 D UmdVideoData: processData: Generated key for frame no 93 and stream_id 0 is 93
07-08 11:18:30.557  1262  5291 D UmdCamera: CAMERA_SUBMIT_REQUEST
07-08 11:18:30.557  1262  5291 D UmdCamera: Camera submit request
07-08 11:18:30.584  1262  1262 D UmdCamera: ShutterCb 
07-08 11:18:30.590  1262  1262 D UmdVideoData: processData: Generated key for frame no 94 and stream_id 0 is 94
07-08 11:18:30.590  1262  5291 D UmdCamera: CAMERA_SUBMIT_REQUEST
07-08 11:18:30.590  1262  5291 D UmdCamera: Camera submit request
07-08 11:18:30.617  1262  1262 D UmdCamera: ShutterCb 
07-08 11:18:30.625  1262  1262 D UmdVideoData: processData: Generated key for frame no 95 and stream_id 0 is 95
07-08 11:18:30.626  1262  5291 D UmdCamera: CAMERA_SUBMIT_REQUEST
07-08 11:18:30.626  1262  5291 D UmdCamera: Camera submit request
07-08 11:18:30.650  1262  1262 D UmdCamera: ShutterCb 
07-08 11:18:30.656  1262  1262 D UmdVideoData: processData: Generated key for frame no 96 and stream_id 0 is 96
07-08 11:18:30.657  1262  5291 D UmdCamera: CAMERA_SUBMIT_REQUEST
07-08 11:18:30.657  1262  5291 D UmdCamera: Camera submit request
07-08 11:18:30.684  1262  1262 D UmdCamera: ShutterCb 
07-08 11:18:30.693  1262  1262 D UmdVideoData: processData: Generated key for frame no 97 and stream_id 0 is 97
07-08 11:18:30.693  1262  5291 D UmdCamera: CAMERA_SUBMIT_REQUEST
07-08 11:18:30.694  1262  5291 D UmdCamera: Camera submit request
07-08 11:18:30.717  1262  1262 D UmdCamera: ShutterCb 
07-08 11:18:30.723  1262  1262 D UmdVideoData: processData: Generated key for frame no 98 and stream_id 0 is 98
07-08 11:18:30.723  1262  5291 D UmdCamera: CAMERA_SUBMIT_REQUEST
07-08 11:18:30.723  1262  5291 D UmdCamera: Camera submit request
07-08 11:18:30.751  1262  1262 D UmdCamera: ShutterCb 
07-08 11:18:30.758  1262  1262 D UmdVideoData: processData: Generated key for frame no 99 and stream_id 0 is 99
07-08 11:18:30.758  1262  5291 D UmdCamera: CAMERA_SUBMIT_REQUEST
07-08 11:18:30.758  1262  5291 D UmdCamera: Camera submit request
07-08 11:18:30.784  1262  1262 D UmdCamera: ShutterCb 
07-08 11:18:30.791  1262  1262 D UmdVideoData: processData: Generated key for frame no 100 and stream_id 0 is 100
07-08 11:18:30.791  1262  5291 D UmdCamera: CAMERA_SUBMIT_REQUEST
07-08 11:18:30.791  1262  5291 D UmdCamera: Camera submit request
07-08 11:18:30.817  1262  1262 D UmdCamera: ShutterCb 
07-08 11:18:30.825  1262  1262 D UmdVideoData: processData: Generated key for frame no 101 and stream_id 0 is 101
07-08 11:18:30.825  1262  5291 D UmdCamera: CAMERA_SUBMIT_REQUEST
07-08 11:18:30.825  1262  5291 D UmdCamera: Camera submit request
07-08 11:18:30.851  1262  1297 D UmdCamera: ShutterCb 
07-08 11:18:30.857  1262  1297 D UmdVideoData: processData: Generated key for frame no 102 and stream_id 0 is 102
07-08 11:18:30.857  1262  5291 D UmdCamera: CAMERA_SUBMIT_REQUEST
07-08 11:18:30.857  1262  5291 D UmdCamera: Camera submit request
07-08 11:18:30.884  1262  1297 D UmdCamera: ShutterCb 
07-08 11:18:30.892  1262  1297 D UmdVideoData: processData: Generated key for frame no 103 and stream_id 0 is 103
07-08 11:18:30.892  1262  5291 D UmdCamera: CAMERA_SUBMIT_REQUEST
07-08 11:18:30.892  1262  5291 D UmdCamera: Camera submit request
07-08 11:18:30.917  1262  1297 D UmdCamera: ShutterCb 
07-08 11:18:30.926  1262  1297 D UmdVideoData: processData: Generated key for frame no 104 and stream_id 0 is 104
07-08 11:18:30.927  1262  5291 D UmdCamera: CAMERA_SUBMIT_REQUEST
07-08 11:18:30.927  1262  5291 D UmdCamera: Camera submit request
07-08 11:18:30.950  1262  1297 D UmdCamera: ShutterCb 
07-08 11:18:30.957  1262  1297 D UmdVideoData: processData: Generated key for frame no 105 and stream_id 0 is 105
07-08 11:18:30.958  1262  5291 D UmdCamera: CAMERA_SUBMIT_REQUEST
07-08 11:18:30.958  1262  5291 D UmdCamera: Camera submit request
07-08 11:18:30.983  1262  1297 D UmdCamera: ShutterCb 
07-08 11:18:30.991  1262  1297 D UmdVideoData: processData: Generated key for frame no 106 and stream_id 0 is 106
07-08 11:18:30.991  1262  5291 D UmdCamera: CAMERA_SUBMIT_REQUEST
07-08 11:18:30.991  1262  5291 D UmdCamera: Camera submit request
07-08 11:18:31.019  1262  1297 D UmdCamera: ShutterCb 
07-08 11:18:31.023  1262  1297 D UmdVideoData: processData: Generated key for frame no 107 and stream_id 0 is 107
07-08 11:18:31.024  1262  5291 D UmdCamera: CAMERA_SUBMIT_REQUEST
07-08 11:18:31.024  1262  5291 D UmdCamera: Camera submit request
07-08 11:18:31.051  1262  1262 D UmdCamera: ShutterCb 
07-08 11:18:31.058  1262  1262 D UmdVideoData: processData: Generated key for frame no 108 and stream_id 0 is 108
07-08 11:18:31.058  1262  5291 D UmdCamera: CAMERA_SUBMIT_REQUEST
07-08 11:18:31.058  1262  5291 D UmdCamera: Camera submit request
07-08 11:18:31.084  1262  1262 D UmdCamera: ShutterCb 
07-08 11:18:31.092  1262  1262 D UmdVideoData: processData: Generated key for frame no 109 and stream_id 0 is 109
07-08 11:18:31.093  1262  5291 D UmdCamera: CAMERA_SUBMIT_REQUEST
07-08 11:18:31.093  1262  5291 D UmdCamera: Camera submit request
07-08 11:18:31.118  1262  1262 D UmdCamera: ShutterCb 
07-08 11:18:31.123  1262  1262 D UmdVideoData: processData: Generated key for frame no 110 and stream_id 0 is 110
07-08 11:18:31.124  1262  5291 D UmdCamera: CAMERA_SUBMIT_REQUEST
07-08 11:18:31.124  1262  5291 D UmdCamera: Camera submit request
07-08 11:18:31.151  1262  1262 D UmdCamera: ShutterCb 
07-08 11:18:31.158  1262  1262 D UmdVideoData: processData: Generated key for frame no 111 and stream_id 0 is 111
07-08 11:18:31.158  1262  5291 D UmdCamera: CAMERA_SUBMIT_REQUEST
07-08 11:18:31.159  1262  5291 D UmdCamera: Camera submit request
07-08 11:18:31.184  1262  1262 D UmdCamera: ShutterCb 
07-08 11:18:31.191  1262  1262 D UmdVideoData: processData: Generated key for frame no 112 and stream_id 0 is 112
07-08 11:18:31.191  1262  5291 D UmdCamera: CAMERA_SUBMIT_REQUEST
07-08 11:18:31.191  1262  5291 D UmdCamera: Camera submit request
07-08 11:18:31.217  1262  1262 D UmdCamera: ShutterCb 
07-08 11:18:31.224  1262  1262 D UmdVideoData: processData: Generated key for frame no 113 and stream_id 0 is 113
07-08 11:18:31.224  1262  5291 D UmdCamera: CAMERA_SUBMIT_REQUEST
07-08 11:18:31.224  1262  5291 D UmdCamera: Camera submit request
07-08 11:18:31.250  1262  1262 D UmdCamera: ShutterCb 
07-08 11:18:31.257  1262  1262 D UmdVideoData: processData: Generated key for frame no 114 and stream_id 0 is 114
07-08 11:18:31.258  1262  5291 D UmdCamera: CAMERA_SUBMIT_REQUEST
07-08 11:18:31.258  1262  5291 D UmdCamera: Camera submit request
07-08 11:18:31.284  1262  1262 D UmdCamera: ShutterCb 
07-08 11:18:31.291  1262  1262 D UmdVideoData: processData: Generated key for frame no 115 and stream_id 0 is 115
07-08 11:18:31.291  1262  5291 D UmdCamera: CAMERA_SUBMIT_REQUEST
07-08 11:18:31.292  1262  5291 D UmdCamera: Camera submit request
07-08 11:18:31.317  1262  1262 D UmdCamera: ShutterCb 
07-08 11:18:31.327  1262  1262 D UmdVideoData: processData: Generated key for frame no 116 and stream_id 0 is 116
07-08 11:18:31.327  1262  5291 D UmdCamera: CAMERA_SUBMIT_REQUEST
07-08 11:18:31.327  1262  5291 D UmdCamera: Camera submit request
07-08 11:18:31.350  1262  1262 D UmdCamera: ShutterCb 
07-08 11:18:31.359  1262  1262 D UmdVideoData: processData: Generated key for frame no 117 and stream_id 0 is 117
07-08 11:18:31.360  1262  5291 D UmdCamera: CAMERA_SUBMIT_REQUEST
07-08 11:18:31.360  1262  5291 D UmdCamera: Camera submit request
07-08 11:18:31.384  1262  1262 D UmdCamera: ShutterCb 
07-08 11:18:31.391  1262  1262 D UmdVideoData: processData: Generated key for frame no 118 and stream_id 0 is 118
07-08 11:18:31.391  1262  5291 D UmdCamera: CAMERA_SUBMIT_REQUEST
07-08 11:18:31.392  1262  5291 D UmdCamera: Camera submit request
07-08 11:18:31.417  1262  1262 D UmdCamera: ShutterCb 
07-08 11:18:31.425  1262  1262 D UmdVideoData: processData: Generated key for frame no 119 and stream_id 0 is 119
07-08 11:18:31.425  1262  5291 D UmdCamera: CAMERA_SUBMIT_REQUEST
07-08 11:18:31.425  1262  5291 D UmdCamera: Camera submit request
07-08 11:18:31.451  1262  1262 D UmdCamera: ShutterCb 
07-08 11:18:31.457  1262  1262 D UmdVideoData: processData: Generated key for frame no 120 and stream_id 0 is 120
07-08 11:18:31.458  1262  5291 D UmdCamera: CAMERA_SUBMIT_REQUEST
07-08 11:18:31.458  1262  5291 D UmdCamera: Camera submit request
07-08 11:18:31.483  1262  1262 D UmdCamera: ShutterCb 
07-08 11:18:31.492  1262  1262 D UmdVideoData: processData: Generated key for frame no 121 and stream_id 0 is 121
07-08 11:18:31.492  1262  5291 D UmdCamera: CAMERA_SUBMIT_REQUEST
07-08 11:18:31.492  1262  5291 D UmdCamera: Camera submit request
07-08 11:18:31.518  1262  1262 D UmdCamera: ShutterCb 
07-08 11:18:31.526  1262  1262 D UmdVideoData: processData: Generated key for frame no 122 and stream_id 0 is 122
07-08 11:18:31.526  1262  5291 D UmdCamera: CAMERA_SUBMIT_REQUEST
07-08 11:18:31.527  1262  5291 D UmdCamera: Camera submit request
07-08 11:18:31.550  1262  1262 D UmdCamera: ShutterCb 
07-08 11:18:31.558  1262  1262 D UmdVideoData: processData: Generated key for frame no 123 and stream_id 0 is 123
07-08 11:18:31.558  1262  5291 D UmdCamera: CAMERA_SUBMIT_REQUEST
07-08 11:18:31.558  1262  5291 D UmdCamera: Camera submit request
07-08 11:18:31.583  1262  1262 D UmdCamera: ShutterCb 
07-08 11:18:31.589  1262  1262 D UmdVideoData: processData: Generated key for frame no 124 and stream_id 0 is 124
07-08 11:18:31.589  1262  5291 D UmdCamera: CAMERA_SUBMIT_REQUEST
07-08 11:18:31.589  1262  5291 D UmdCamera: Camera submit request
07-08 11:18:31.617  1262  1262 D UmdCamera: ShutterCb 
07-08 11:18:31.624  1262  1262 D UmdVideoData: processData: Generated key for frame no 125 and stream_id 0 is 125
07-08 11:18:31.624  1262  5291 D UmdCamera: CAMERA_SUBMIT_REQUEST
07-08 11:18:31.624  1262  5291 D UmdCamera: Camera submit request
07-08 11:18:31.651  1262  1262 D UmdCamera: ShutterCb 
07-08 11:18:31.659  1262  1262 D UmdVideoData: processData: Generated key for frame no 126 and stream_id 0 is 126
07-08 11:18:31.659  1262  5291 D UmdCamera: CAMERA_SUBMIT_REQUEST
07-08 11:18:31.659  1262  5291 D UmdCamera: Camera submit request
07-08 11:18:31.684  1262  1262 D UmdCamera: ShutterCb 
07-08 11:18:31.698  1262  1262 D UmdVideoData: processData: Generated key for frame no 127 and stream_id 0 is 127
07-08 11:18:31.698  1262  5291 D UmdCamera: CAMERA_SUBMIT_REQUEST
07-08 11:18:31.698  1262  5291 D UmdCamera: Camera submit request
07-08 11:18:31.717  1262  1262 D UmdCamera: ShutterCb 
07-08 11:18:31.730  1262  1262 D UmdVideoData: processData: Generated key for frame no 128 and stream_id 0 is 128
07-08 11:18:31.730  1262  5291 D UmdCamera: CAMERA_SUBMIT_REQUEST
07-08 11:18:31.731  1262  5291 D UmdCamera: Camera submit request
07-08 11:18:31.750  1262  1262 D UmdCamera: ShutterCb 
07-08 11:18:31.760  1262  1262 D UmdVideoData: processData: Generated key for frame no 129 and stream_id 0 is 129
07-08 11:18:31.761  1262  5291 D UmdCamera: CAMERA_SUBMIT_REQUEST
07-08 11:18:31.761  1262  5291 D UmdCamera: Camera submit request
07-08 11:18:31.783  1262  1262 D UmdCamera: ShutterCb 
07-08 11:18:31.791  1262  1262 D UmdVideoData: processData: Generated key for frame no 130 and stream_id 0 is 130
07-08 11:18:31.792  1262  5291 D UmdCamera: CAMERA_SUBMIT_REQUEST
07-08 11:18:31.792  1262  5291 D UmdCamera: Camera submit request
07-08 11:18:31.817  1262  1262 D UmdCamera: ShutterCb 
07-08 11:18:31.824  1262  1262 D UmdVideoData: processData: Generated key for frame no 131 and stream_id 0 is 131
07-08 11:18:31.824  1262  5291 D UmdCamera: CAMERA_SUBMIT_REQUEST
07-08 11:18:31.824  1262  5291 D UmdCamera: Camera submit request
07-08 11:18:31.850  1262  1262 D UmdCamera: ShutterCb 
07-08 11:18:31.860  1262  1262 D UmdVideoData: processData: Generated key for frame no 132 and stream_id 0 is 132
07-08 11:18:31.860  1262  5291 D UmdCamera: CAMERA_SUBMIT_REQUEST
07-08 11:18:31.860  1262  5291 D UmdCamera: Camera submit request
07-08 11:18:31.884  1262  1262 D UmdCamera: ShutterCb 
07-08 11:18:31.893  1262  1262 D UmdVideoData: processData: Generated key for frame no 133 and stream_id 0 is 133
07-08 11:18:31.893  1262  5291 D UmdCamera: CAMERA_SUBMIT_REQUEST
07-08 11:18:31.893  1262  5291 D UmdCamera: Camera submit request
07-08 11:18:31.917  1262  1262 D UmdCamera: ShutterCb 
07-08 11:18:31.926  1262  1262 D UmdVideoData: processData: Generated key for frame no 134 and stream_id 0 is 134
07-08 11:18:31.926  1262  5291 D UmdCamera: CAMERA_SUBMIT_REQUEST
07-08 11:18:31.926  1262  5291 D UmdCamera: Camera submit request
07-08 11:18:31.951  1262  1262 D UmdCamera: ShutterCb 
07-08 11:18:31.957  1262  1262 D UmdVideoData: processData: Generated key for frame no 135 and stream_id 0 is 135
07-08 11:18:31.957  1262  5291 D UmdCamera: CAMERA_SUBMIT_REQUEST
07-08 11:18:31.958  1262  5291 D UmdCamera: Camera submit request
07-08 11:18:31.983  1262  1262 D UmdCamera: ShutterCb 
07-08 11:18:31.992  1262  1262 D UmdVideoData: processData: Generated key for frame no 136 and stream_id 0 is 136
07-08 11:18:31.992  1262  5291 D UmdCamera: CAMERA_SUBMIT_REQUEST
07-08 11:18:31.992  1262  5291 D UmdCamera: Camera submit request
07-08 11:18:32.017  1262  1262 D UmdCamera: ShutterCb 
07-08 11:18:32.023  1262  5291 D UmdCamera: CAMERA_SUBMIT_REQUEST
07-08 11:18:32.023  1262  5291 D UmdCamera: Camera submit request
07-08 11:18:32.024  1262  1262 D UmdVideoData: processData: Generated key for frame no 137 and stream_id 0 is 137
07-08 11:18:32.052  1262  1262 D UmdCamera: ShutterCb 
07-08 11:18:32.072  1262  1262 D UmdVideoData: processData: Generated key for frame no 138 and stream_id 0 is 138
07-08 11:18:32.072  1262  5291 D UmdCamera: CAMERA_SUBMIT_REQUEST
07-08 11:18:32.072  1262  5291 D UmdCamera: Camera submit request
07-08 11:18:32.083  1262  1262 D UmdCamera: ShutterCb 
07-08 11:18:32.090  1262  1262 D UmdVideoData: processData: Generated key for frame no 139 and stream_id 0 is 139
07-08 11:18:32.090  1262  5291 D UmdCamera: CAMERA_SUBMIT_REQUEST
07-08 11:18:32.090  1262  5291 D UmdCamera: Camera submit request
07-08 11:18:32.118  1262  1262 D UmdCamera: ShutterCb 
07-08 11:18:32.125  1262  1262 D UmdVideoData: processData: Generated key for frame no 140 and stream_id 0 is 140
07-08 11:18:32.125  1262  5291 D UmdCamera: CAMERA_SUBMIT_REQUEST
07-08 11:18:32.126  1262  5291 D UmdCamera: Camera submit request
07-08 11:18:32.151  1262  1262 D UmdCamera: ShutterCb 
07-08 11:18:32.158  1262  1262 D UmdVideoData: processData: Generated key for frame no 141 and stream_id 0 is 141
07-08 11:18:32.158  1262  5291 D UmdCamera: CAMERA_SUBMIT_REQUEST
07-08 11:18:32.158  1262  5291 D UmdCamera: Camera submit request
07-08 11:18:32.185  1262  1262 D UmdCamera: ShutterCb 
07-08 11:18:32.190  1262  1262 D UmdVideoData: processData: Generated key for frame no 142 and stream_id 0 is 142
07-08 11:18:32.190  1262  5291 D UmdCamera: CAMERA_SUBMIT_REQUEST
07-08 11:18:32.190  1262  5291 D UmdCamera: Camera submit request
07-08 11:18:32.217  1262  1262 D UmdCamera: ShutterCb 
07-08 11:18:32.223  1262  1262 D UmdVideoData: processData: Generated key for frame no 143 and stream_id 0 is 143
07-08 11:18:32.223  1262  5291 D UmdCamera: CAMERA_SUBMIT_REQUEST
07-08 11:18:32.224  1262  5291 D UmdCamera: Camera submit request
07-08 11:18:32.250  1262  1262 D UmdCamera: ShutterCb 
07-08 11:18:32.258  1262  1262 D UmdVideoData: processData: Generated key for frame no 144 and stream_id 0 is 144
07-08 11:18:32.258  1262  5291 D UmdCamera: CAMERA_SUBMIT_REQUEST
07-08 11:18:32.258  1262  5291 D UmdCamera: Camera submit request
07-08 11:18:32.284  1262  1262 D UmdCamera: ShutterCb 
07-08 11:18:32.289  1262  1262 D UmdVideoData: processData: Generated key for frame no 145 and stream_id 0 is 145
07-08 11:18:32.290  1262  5291 D UmdCamera: CAMERA_SUBMIT_REQUEST
07-08 11:18:32.290  1262  5291 D UmdCamera: Camera submit request
07-08 11:18:32.316  1262  1262 D UmdCamera: ShutterCb 
07-08 11:18:32.323  1262  1262 D UmdVideoData: processData: Generated key for frame no 146 and stream_id 0 is 146
07-08 11:18:32.323  1262  5291 D UmdCamera: CAMERA_SUBMIT_REQUEST
07-08 11:18:32.323  1262  5291 D UmdCamera: Camera submit request
07-08 11:18:32.350  1262  1262 D UmdCamera: ShutterCb 
07-08 11:18:32.358  1262  1262 D UmdVideoData: processData: Generated key for frame no 147 and stream_id 0 is 147
07-08 11:18:32.358  1262  5291 D UmdCamera: CAMERA_SUBMIT_REQUEST
07-08 11:18:32.358  1262  5291 D UmdCamera: Camera submit request
07-08 11:18:32.384  1262  1262 D UmdCamera: ShutterCb 
07-08 11:18:32.392  1262  1262 D UmdVideoData: processData: Generated key for frame no 148 and stream_id 0 is 148
07-08 11:18:32.392  1262  5291 D UmdCamera: CAMERA_SUBMIT_REQUEST
07-08 11:18:32.392  1262  5291 D UmdCamera: Camera submit request
07-08 11:18:32.418  1262  1262 D UmdCamera: ShutterCb 
07-08 11:18:32.424  1262  1262 D UmdVideoData: processData: Generated key for frame no 149 and stream_id 0 is 149
07-08 11:18:32.424  1262  5291 D UmdCamera: CAMERA_SUBMIT_REQUEST
07-08 11:18:32.424  1262  5291 D UmdCamera: Camera submit request
07-08 11:18:32.450  1262  1262 D UmdCamera: ShutterCb 
07-08 11:18:32.462  1262  1262 D UmdVideoData: processData: Generated key for frame no 150 and stream_id 0 is 150
07-08 11:18:32.462  1262  5291 D UmdCamera: CAMERA_SUBMIT_REQUEST
07-08 11:18:32.462  1262  5291 D UmdCamera: Camera submit request
07-08 11:18:32.484  1262  1262 D UmdCamera: ShutterCb 
07-08 11:18:32.494  1262  1262 D UmdVideoData: processData: Generated key for frame no 151 and stream_id 0 is 151
07-08 11:18:32.494  1262  5291 D UmdCamera: CAMERA_SUBMIT_REQUEST
07-08 11:18:32.494  1262  5291 D UmdCamera: Camera submit request
07-08 11:18:32.525  1262  1262 D UmdVideoData: processData: Generated key for frame no 152 and stream_id 0 is 152
07-08 11:18:32.526  1262  5291 D UmdCamera: CAMERA_SUBMIT_REQUEST
07-08 11:18:32.526  1262  5291 D UmdCamera: Camera submit request
07-08 11:18:32.530  1262  1262 D UmdCamera: ShutterCb 
07-08 11:18:32.551  1262  1262 D UmdCamera: ShutterCb 
07-08 11:18:32.560  1262  1262 D UmdVideoData: processData: Generated key for frame no 153 and stream_id 0 is 153
07-08 11:18:32.560  1262  5291 D UmdCamera: CAMERA_SUBMIT_REQUEST
07-08 11:18:32.560  1262  5291 D UmdCamera: Camera submit request
07-08 11:18:32.583  1262  1262 D UmdCamera: ShutterCb 
07-08 11:18:32.591  1262  1262 D UmdVideoData: processData: Generated key for frame no 154 and stream_id 0 is 154
07-08 11:18:32.592  1262  5291 D UmdCamera: CAMERA_SUBMIT_REQUEST
07-08 11:18:32.592  1262  5291 D UmdCamera: Camera submit request
07-08 11:18:32.616  1262  1262 D UmdCamera: ShutterCb 
07-08 11:18:32.624  1262  1262 D UmdVideoData: processData: Generated key for frame no 155 and stream_id 0 is 155
07-08 11:18:32.624  1262  5291 D UmdCamera: CAMERA_SUBMIT_REQUEST
07-08 11:18:32.624  1262  5291 D UmdCamera: Camera submit request
07-08 11:18:32.650  1262  1262 D UmdCamera: ShutterCb 
07-08 11:18:32.659  1262  1262 D UmdVideoData: processData: Generated key for frame no 156 and stream_id 0 is 156
07-08 11:18:32.659  1262  5291 D UmdCamera: CAMERA_SUBMIT_REQUEST
07-08 11:18:32.659  1262  5291 D UmdCamera: Camera submit request
07-08 11:18:32.683  1262  1262 D UmdCamera: ShutterCb 
07-08 11:18:32.689  1262  1262 D UmdVideoData: processData: Generated key for frame no 157 and stream_id 0 is 157
07-08 11:18:32.690  1262  5291 D UmdCamera: CAMERA_SUBMIT_REQUEST
07-08 11:18:32.690  1262  5291 D UmdCamera: Camera submit request
07-08 11:18:32.716  1262  1262 D UmdCamera: ShutterCb 
07-08 11:18:32.724  1262  1262 D UmdVideoData: processData: Generated key for frame no 158 and stream_id 0 is 158
07-08 11:18:32.724  1262  5291 D UmdCamera: CAMERA_SUBMIT_REQUEST
07-08 11:18:32.724  1262  5291 D UmdCamera: Camera submit request
07-08 11:18:32.758  1262  1262 D UmdVideoData: processData: Generated key for frame no 159 and stream_id 0 is 159
07-08 11:18:32.759  1262  5291 D UmdCamera: CAMERA_SUBMIT_REQUEST
07-08 11:18:32.759  1262  5291 D UmdCamera: Camera submit request
07-08 11:18:32.784  1262  1262 D UmdCamera: ShutterCb 
07-08 11:18:32.791  1262  1262 D UmdVideoData: processData: Generated key for frame no 160 and stream_id 0 is 160
07-08 11:18:32.791  1262  5291 D UmdCamera: CAMERA_SUBMIT_REQUEST
07-08 11:18:32.791  1262  5291 D UmdCamera: Camera submit request
07-08 11:18:32.816  1262  1262 D UmdCamera: ShutterCb 
07-08 11:18:32.824  1262  1262 D UmdVideoData: processData: Generated key for frame no 161 and stream_id 0 is 161
07-08 11:18:32.824  1262  5291 D UmdCamera: CAMERA_SUBMIT_REQUEST
07-08 11:18:32.824  1262  5291 D UmdCamera: Camera submit request
07-08 11:18:32.851  1262  1262 D UmdCamera: ShutterCb 
