07-08 14:35:16.555  1271  1327 E vendor.qti.hardware.umd-camera-service: Perform: Unrecognized action to perform.
07-08 14:35:16.556  1271 31945 D UmdCamera: ShutterCb 
07-08 14:35:16.557  1271  6516 D UmdCamera: CAMERA_SUBMIT_REQUEST
07-08 14:35:16.557  1271  6516 D UmdCamera: Camera submit request
07-08 14:35:16.584  1271 31945 E vendor.qti.hardware.umd-camera-service: Perform: Unrecognized action to perform.
07-08 14:35:16.585  1271  6516 D UmdCamera: CAMERA_SUBMIT_REQUEST
07-08 14:35:16.585  1271  6516 D UmdCamera: Camera submit request
07-08 14:35:16.589  1271 31945 D UmdCamera: ShutterCb 
07-08 14:35:16.620  1271 31945 E vendor.qti.hardware.umd-camera-service: Perform: Unrecognized action to perform.
07-08 14:35:16.621  1271  6516 D UmdCamera: CAMERA_SUBMIT_REQUEST
07-08 14:35:16.621  1271  6516 D UmdCamera: Camera submit request
07-08 14:35:16.622  1271  1327 D UmdCamera: ShutterCb 
07-08 14:35:16.652  1271 31945 E vendor.qti.hardware.umd-camera-service: Perform: Unrecognized action to perform.
07-08 14:35:16.653  1271  6516 D UmdCamera: CAMERA_SUBMIT_REQUEST
07-08 14:35:16.653  1271  6516 D UmdCamera: Camera submit request
07-08 14:35:16.655  1271 31945 D UmdCamera: ShutterCb 
07-08 14:35:16.688  1271 31945 D UmdCamera: ShutterCb 
07-08 14:35:16.691  1271 31945 E vendor.qti.hardware.umd-camera-service: Perform: Unrecognized action to perform.
07-08 14:35:16.692  1271  6516 D UmdCamera: CAMERA_SUBMIT_REQUEST
07-08 14:35:16.692  1271  6516 D UmdCamera: Camera submit request
07-08 14:35:16.717  1271 31945 E vendor.qti.hardware.umd-camera-service: Perform: Unrecognized action to perform.
07-08 14:35:16.717  1271  6516 D UmdCamera: CAMERA_SUBMIT_REQUEST
07-08 14:35:16.718  1271  6516 D UmdCamera: Camera submit request
07-08 14:35:16.721  1271 31945 D UmdCamera: ShutterCb 
07-08 14:35:16.749  1271 31945 E vendor.qti.hardware.umd-camera-service: Perform: Unrecognized action to perform.
07-08 14:35:16.749  1271  6516 D UmdCamera: CAMERA_SUBMIT_REQUEST
07-08 14:35:16.749  1271  6516 D UmdCamera: Camera submit request
07-08 14:35:16.755  1271 31945 D UmdCamera: ShutterCb 
07-08 14:35:16.783  1271 31945 E vendor.qti.hardware.umd-camera-service: Perform: Unrecognized action to perform.
07-08 14:35:16.784  1271  6516 D UmdCamera: CAMERA_SUBMIT_REQUEST
07-08 14:35:16.784  1271  6516 D UmdCamera: Camera submit request
07-08 14:35:16.788  1271 31945 D UmdCamera: ShutterCb 
07-08 14:35:16.815  1271 31945 E vendor.qti.hardware.umd-camera-service: Perform: Unrecognized action to perform.
07-08 14:35:16.815  1271  6516 D UmdCamera: CAMERA_SUBMIT_REQUEST
07-08 14:35:16.815  1271  6516 D UmdCamera: Camera submit request
07-08 14:35:16.821  1271 31945 D UmdCamera: ShutterCb 
07-08 14:35:16.851  1271 31945 E vendor.qti.hardware.umd-camera-service: Perform: Unrecognized action to perform.
07-08 14:35:16.851  1271  6516 D UmdCamera: CAMERA_SUBMIT_REQUEST
07-08 14:35:16.851  1271  6516 D UmdCamera: Camera submit request
07-08 14:35:16.855  1271 31945 D UmdCamera: ShutterCb 
07-08 14:35:16.885  1271 31945 E vendor.qti.hardware.umd-camera-service: Perform: Unrecognized action to perform.
07-08 14:35:16.885  1271  6516 D UmdCamera: CAMERA_SUBMIT_REQUEST
07-08 14:35:16.885  1271  6516 D UmdCamera: Camera submit request
07-08 14:35:16.893  1271 31945 D UmdCamera: ShutterCb 
07-08 14:35:16.916  1271 31945 E vendor.qti.hardware.umd-camera-service: Perform: Unrecognized action to perform.
07-08 14:35:16.917  1271  6516 D UmdCamera: CAMERA_SUBMIT_REQUEST
07-08 14:35:16.917  1271  6516 D UmdCamera: Camera submit request
07-08 14:35:16.921  1271 31945 D UmdCamera: ShutterCb 
07-08 14:35:16.941  1271  6515 D vendor.qti.hardware.umd-camera-service: umd_video_process_event_streamoff: Disabling UVC stream
07-08 14:35:16.941  1271  6515 D UmdCamera: Stream Off
07-08 14:35:16.942  1271  6516 D UmdCamera: CAMERA_STOP
07-08 14:35:16.942  1271  6516 D UmdCamera: Camera stop
07-08 14:35:16.942  1271  6516 I UmdCamera: CameraStop: Preview request cancelled last frame number: 341069
07-08 14:35:16.985  6471  6471 I configfs-gadget.g1 gadget.0: uvc: uvc_function_set_alt(3, 0)
07-08 14:35:16.948  1271 31945 E vendor.qti.hardware.umd-camera-service: Perform: Unrecognized action to perform.
07-08 14:35:16.954  1271  6515 I vendor.qti.hardware.umd-camera-service: umd_video_process_event_streamoff: UVC stream is OFF
07-08 14:35:16.955  1271 31945 D UmdCamera: ShutterCb 
07-08 14:35:16.984  1271 31945 E vendor.qti.hardware.umd-camera-service: Perform: Unrecognized action to perform.
07-08 14:35:16.989  1271 31945 D UmdCamera: ShutterCb 
07-08 14:35:17.022  1271 31945 E vendor.qti.hardware.umd-camera-service: Perform: Unrecognized action to perform.
07-08 14:35:17.023  1271  6515 D vendor.qti.hardware.umd-camera-service: umd_video_process_streaming_setup: Class Request Type - Streaming with PROBE mode
07-08 14:35:17.024  1271  6515 D vendor.qti.hardware.umd-camera-service: umd_video_process_streaming_setup: Class Request Type - Streaming with PROBE mode
07-08 14:35:17.024  1271  6515 D vendor.qti.hardware.umd-camera-service: umd_video_process_event_data: Setting PROBE Streaming control
07-08 14:35:17.024  1271  6515 D vendor.qti.hardware.umd-camera-service: umd_video_process_event_data: Host requested: Format 1, Frame 1,  Interval 333333
07-08 14:35:17.024  1271  6515 D vendor.qti.hardware.umd-camera-service: umd_video_process_event_data: Returning : Format 1, Frame 1,  Interval 333333
07-08 14:35:17.024  1271  6515 D vendor.qti.hardware.umd-camera-service: umd_fill_streaming_control: Max payload size is 21504
07-08 14:35:17.024  1271 31945 D UmdCamera: ShutterCb 
07-08 14:35:17.024  1271  6515 D vendor.qti.hardware.umd-camera-service: umd_video_process_streaming_setup: Class Request Type - Streaming with PROBE mode
07-08 14:35:17.025  1271  6515 D vendor.qti.hardware.umd-camera-service: umd_video_process_streaming_setup: Class Request Type - Streaming with PROBE mode
07-08 14:35:17.026  1271  6515 D vendor.qti.hardware.umd-camera-service: umd_video_process_streaming_setup: Class Request Type - Streaming with PROBE mode
07-08 14:35:17.054  1271 31945 E vendor.qti.hardware.umd-camera-service: Perform: Unrecognized action to perform.
07-08 14:35:17.056  1271 31945 D UmdCamera: ShutterCb 
07-08 14:35:17.088  1271 31945 E vendor.qti.hardware.umd-camera-service: Perform: Unrecognized action to perform.
07-08 14:35:17.091  1271  1327 D UmdCamera: ShutterCb 
07-08 14:35:17.128  1271  1327 E vendor.qti.hardware.umd-camera-service: Perform: Unrecognized action to perform.
07-08 14:35:17.129  1271  6513 D UmdCamera: IdleCb: Idle state notification
07-08 14:35:17.133  1271  6516 I UmdVideoData: Deinitializing YUY2 processor
07-08 14:35:17.134  1271 25001 E UmdVideoData: Video buffer timeout!
07-08 14:35:17.134  1271 25001 I UmdVideoData: videoBufferLoop terminate!
07-08 14:35:17.135  1271  6516 D UmdCamera: CAMERA_SUBMIT_REQUEST
07-08 14:35:17.135  1271  6516 D UmdCamera: Camera submit request
07-08 14:35:17.135  1271  6516 E UmdCamera: Camera SubmitRequest failed!
07-08 14:35:17.135  1271  6516 E UmdCamera: Camera submit request failed.
07-08 14:35:17.135  1271  6516 D UmdCamera: CAMERA_SUBMIT_REQUEST
07-08 14:35:17.135  1271  6516 D UmdCamera: Camera submit request
07-08 14:35:17.136  1271  6516 E UmdCamera: Camera SubmitRequest failed!
07-08 14:35:17.136  1271  6516 E UmdCamera: Camera submit request failed.
07-08 14:35:17.136  1271  6516 D UmdCamera: CAMERA_SUBMIT_REQUEST
07-08 14:35:17.136  1271  6516 D UmdCamera: Camera submit request
07-08 14:35:17.136  1271  6516 E UmdCamera: Camera SubmitRequest failed!
07-08 14:35:17.136  1271  6516 E UmdCamera: Camera submit request failed.
07-08 14:35:17.136  1271  6516 D UmdCamera: CAMERA_SUBMIT_REQUEST
07-08 14:35:17.136  1271  6516 D UmdCamera: Camera submit request
07-08 14:35:17.136  1271  6516 E UmdCamera: Camera SubmitRequest failed!
07-08 14:35:17.137  1271  6516 E UmdCamera: Camera submit request failed.
07-08 14:35:17.137  1271  6516 D UmdCamera: CAMERA_SUBMIT_REQUEST
07-08 14:35:17.137  1271  6516 D UmdCamera: Camera submit request
07-08 14:35:17.137  1271  6516 E UmdCamera: Camera SubmitRequest failed!
07-08 14:35:17.137  1271  6516 E UmdCamera: Camera submit request failed.
07-08 14:35:17.137  1271  6516 D UmdCamera: CAMERA_SUBMIT_REQUEST
07-08 14:35:17.137  1271  6516 D UmdCamera: Camera submit request
07-08 14:35:17.137  1271  6516 E UmdCamera: Camera SubmitRequest failed!
07-08 14:35:17.137  1271  6516 E UmdCamera: Camera submit request failed.
07-08 14:35:17.239  1271  6515 D vendor.qti.hardware.umd-camera-service: umd_video_process_streaming_setup: Class Request Type - Streaming with PROBE mode
07-08 14:35:17.240  1271  6515 D vendor.qti.hardware.umd-camera-service: umd_video_process_event_data: Setting PROBE Streaming control
07-08 14:35:17.240  1271  6515 D vendor.qti.hardware.umd-camera-service: umd_video_process_event_data: Host requested: Format 1, Frame 1,  Interval 333333
07-08 14:35:17.240  1271  6515 D vendor.qti.hardware.umd-camera-service: umd_video_process_event_data: Returning : Format 1, Frame 1,  Interval 333333
07-08 14:35:17.240  1271  6515 D vendor.qti.hardware.umd-camera-service: umd_fill_streaming_control: Max payload size is 21504
07-08 14:35:17.240  1271  6515 D vendor.qti.hardware.umd-camera-service: umd_video_process_streaming_setup: Class Request Type - Streaming with PROBE mode
07-08 14:35:17.241  1271  6515 D vendor.qti.hardware.umd-camera-service: umd_video_process_streaming_setup: Class Request Type - Streaming with COMMIT mode
07-08 14:35:17.241  1271  6515 D vendor.qti.hardware.umd-camera-service: umd_video_process_event_data: Setting COMMIT Streaming control
07-08 14:35:17.241  1271  6515 D vendor.qti.hardware.umd-camera-service: umd_video_process_event_data: Host requested: Format 1, Frame 1,  Interval 333333
07-08 14:35:17.241  1271  6515 D vendor.qti.hardware.umd-camera-service: umd_video_process_event_data: Setting : Format 1, Frame 1,  Interval 333333
07-08 14:35:17.241  1271  6515 D vendor.qti.hardware.umd-camera-service: umd_fill_streaming_control: Max payload size is 21504
07-08 14:35:17.241  1271  6515 D vendor.qti.hardware.umd-camera-service: umd_video_set_format: Setting format: 640x360 - YUYV
07-08 14:35:17.241  1271  6515 I UmdCamera: Stream setup: 640x360@30.00 - YUYV
07-08 14:35:17.241  1271  6515 D vendor.qti.hardware.umd-camera-service: umd_video_set_format: Stream format configured
07-08 14:35:17.243  1271  6515 D vendor.qti.hardware.umd-camera-service: umd_video_process_event_streamon: Enabling UVC stream
07-08 14:35:17.287  6471  6471 I configfs-gadget.g1 gadget.0: uvc: uvc_function_set_alt(3, 1)
07-08 14:35:17.287  6471  6471 I configfs-gadget.g1 gadget.0: uvc: reset UVC
07-08 14:35:17.243  1271  6515 I vendor.qti.hardware.umd-camera-service: umd_video_request_buffers: Queried buffer at idx 0 with length: 460800 and offset: 0
07-08 14:35:17.243  1271  6515 I vendor.qti.hardware.umd-camera-service: umd_video_request_buffers: Buffer 0 mapped at address 0x703d08b000
07-08 14:35:17.243  1271  6515 I vendor.qti.hardware.umd-camera-service: umd_video_request_buffers: Queried buffer at idx 1 with length: 460800 and offset: 32768
07-08 14:35:17.243  1271  6515 I vendor.qti.hardware.umd-camera-service: umd_video_request_buffers: Buffer 1 mapped at address 0x703d01a000
07-08 14:35:17.243  1271  6515 I vendor.qti.hardware.umd-camera-service: umd_video_request_buffers: Queried buffer at idx 2 with length: 460800 and offset: 65536
07-08 14:35:17.243  1271  6515 I vendor.qti.hardware.umd-camera-service: umd_video_request_buffers: Buffer 2 mapped at address 0x7038f8f000
07-08 14:35:17.243  1271  6515 I vendor.qti.hardware.umd-camera-service: umd_video_request_buffers: Queried buffer at idx 3 with length: 460800 and offset: 98304
07-08 14:35:17.244  1271  6515 I vendor.qti.hardware.umd-camera-service: umd_video_request_buffers: Buffer 3 mapped at address 0x7036787000
07-08 14:35:17.245  1271  6515 D UmdCamera: Stream ON
07-08 14:35:17.245  1271  6515 I vendor.qti.hardware.umd-camera-service: umd_video_process_event_streamon: UVC stream is ON
07-08 14:35:17.245  1271  6516 D UmdCamera: CAMERA_START
07-08 14:35:17.245  1271  6516 D UmdCamera: Camera start
07-08 14:35:17.247  1271  6516 I UmdVideoData: Initializing YUY2 processor
07-08 14:35:17.248  1271  6516 I vendor.qti.hardware.umd-camera-service: AidlAllocDevice: AidlAllocDevice initialised (GraphicBufferAllocator/Mapper)
07-08 14:35:17.715  1271 31945 D UmdCamera: ShutterCb 
07-08 14:35:17.750  1271 31945 D UmdCamera: ShutterCb 
07-08 14:35:17.757  1271 31945 E vendor.qti.hardware.umd-camera-service: Perform: Unrecognized action to perform.
07-08 14:35:17.757  1271  6516 D UmdCamera: CAMERA_SUBMIT_REQUEST
07-08 14:35:17.757  1271  6516 D UmdCamera: Camera submit request
07-08 14:35:17.775  1271 31945 E vendor.qti.hardware.umd-camera-service: Perform: Unrecognized action to perform.
07-08 14:35:17.776  1271  6516 D UmdCamera: CAMERA_SUBMIT_REQUEST
07-08 14:35:17.776  1271  6516 D UmdCamera: Camera submit request
07-08 14:35:17.815  1271 31945 D UmdCamera: ShutterCb 
07-08 14:35:17.841  1271 31945 E vendor.qti.hardware.umd-camera-service: Perform: Unrecognized action to perform.
07-08 14:35:17.842  1271  6516 D UmdCamera: CAMERA_SUBMIT_REQUEST
07-08 14:35:17.842  1271  6516 D UmdCamera: Camera submit request
07-08 14:35:17.851  1271 31945 D UmdCamera: ShutterCb 
07-08 14:35:17.887  1271 31945 E vendor.qti.hardware.umd-camera-service: Perform: Unrecognized action to perform.
07-08 14:35:17.887  1271  6516 D UmdCamera: CAMERA_SUBMIT_REQUEST
07-08 14:35:17.888  1271  6516 D UmdCamera: Camera submit request
07-08 14:35:17.915  1271 31945 D UmdCamera: ShutterCb 
07-08 14:35:17.945  1271 31945 E vendor.qti.hardware.umd-camera-service: Perform: Unrecognized action to perform.
07-08 14:35:17.945  1271  6516 D UmdCamera: CAMERA_SUBMIT_REQUEST
07-08 14:35:17.945  1271  6516 D UmdCamera: Camera submit request
07-08 14:35:17.949  1271 31945 D UmdCamera: ShutterCb 
07-08 14:35:17.981  1271 31945 E vendor.qti.hardware.umd-camera-service: Perform: Unrecognized action to perform.
07-08 14:35:17.982  1271  6516 D UmdCamera: CAMERA_SUBMIT_REQUEST
07-08 14:35:17.982  1271  6516 D UmdCamera: Camera submit request
07-08 14:35:18.015  1271 31945 D UmdCamera: ShutterCb 
07-08 14:35:18.047  1271 31945 E vendor.qti.hardware.umd-camera-service: Perform: Unrecognized action to perform.
07-08 14:35:18.048  1271  6516 D UmdCamera: CAMERA_SUBMIT_REQUEST
07-08 14:35:18.048  1271  6516 D UmdCamera: Camera submit request
07-08 14:35:18.051  1271 31945 D UmdCamera: ShutterCb 
07-08 14:35:18.075  1271 31945 E vendor.qti.hardware.umd-camera-service: Perform: Unrecognized action to perform.
07-08 14:35:18.076  1271  6516 D UmdCamera: CAMERA_SUBMIT_REQUEST
07-08 14:35:18.076  1271  6516 D UmdCamera: Camera submit request
07-08 14:35:18.115  1271 31945 D UmdCamera: ShutterCb 
07-08 14:35:18.150  1271 31945 D UmdCamera: ShutterCb 
07-08 14:35:18.156  1271 31945 E vendor.qti.hardware.umd-camera-service: Perform: Unrecognized action to perform.
07-08 14:35:18.157  1271  6516 D UmdCamera: CAMERA_SUBMIT_REQUEST
07-08 14:35:18.157  1271  6516 D UmdCamera: Camera submit request
07-08 14:35:18.174  1271 31945 E vendor.qti.hardware.umd-camera-service: Perform: Unrecognized action to perform.
07-08 14:35:18.175  1271  6516 D UmdCamera: CAMERA_SUBMIT_REQUEST
07-08 14:35:18.175  1271  6516 D UmdCamera: Camera submit request
07-08 14:35:18.215  1271 31945 D UmdCamera: ShutterCb 
07-08 14:35:18.247  1271 31945 E vendor.qti.hardware.umd-camera-service: Perform: Unrecognized action to perform.
07-08 14:35:18.247  1271  6516 D UmdCamera: CAMERA_SUBMIT_REQUEST
07-08 14:35:18.248  1271  6516 D UmdCamera: Camera submit request
07-08 14:35:18.249  1271  1327 D UmdCamera: ShutterCb 
07-08 14:35:18.275  1271  1327 E vendor.qti.hardware.umd-camera-service: Perform: Unrecognized action to perform.
07-08 14:35:18.276  1271  6516 D UmdCamera: CAMERA_SUBMIT_REQUEST
07-08 14:35:18.280  1271  6516 D UmdCamera: Camera submit request
07-08 14:35:18.315  1271  1327 D UmdCamera: ShutterCb 
07-08 14:35:18.344  1271  1327 E vendor.qti.hardware.umd-camera-service: Perform: Unrecognized action to perform.
07-08 14:35:18.345  1271  6516 D UmdCamera: CAMERA_SUBMIT_REQUEST
07-08 14:35:18.345  1271  6516 D UmdCamera: Camera submit request
07-08 14:35:18.350  1271  1327 D UmdCamera: ShutterCb 
07-08 14:35:18.376  1271  1327 E vendor.qti.hardware.umd-camera-service: Perform: Unrecognized action to perform.
07-08 14:35:18.376  1271  6516 D UmdCamera: CAMERA_SUBMIT_REQUEST
07-08 14:35:18.376  1271  6516 D UmdCamera: Camera submit request
07-08 14:35:18.415  1271  1327 D UmdCamera: ShutterCb 
07-08 14:35:18.442  1271  1327 E vendor.qti.hardware.umd-camera-service: Perform: Unrecognized action to perform.
07-08 14:35:18.443  1271  6516 D UmdCamera: CAMERA_SUBMIT_REQUEST
07-08 14:35:18.443  1271  6516 D UmdCamera: Camera submit request
07-08 14:35:18.448  1271  1327 D UmdCamera: ShutterCb 
07-08 14:35:18.477  1271  1327 E vendor.qti.hardware.umd-camera-service: Perform: Unrecognized action to perform.
07-08 14:35:18.478  1271  6516 D UmdCamera: CAMERA_SUBMIT_REQUEST
07-08 14:35:18.478  1271  6516 D UmdCamera: Camera submit request
07-08 14:35:18.515  1271  1327 D UmdCamera: ShutterCb 
07-08 14:35:18.542  1271  1327 E vendor.qti.hardware.umd-camera-service: Perform: Unrecognized action to perform.
07-08 14:35:18.543  1271  6516 D UmdCamera: CAMERA_SUBMIT_REQUEST
07-08 14:35:18.544  1271  6516 D UmdCamera: Camera submit request
07-08 14:35:18.548  1271  1327 D UmdCamera: ShutterCb 
07-08 14:35:18.574  1271  1327 E vendor.qti.hardware.umd-camera-service: Perform: Unrecognized action to perform.
07-08 14:35:18.575  1271  6516 D UmdCamera: CAMERA_SUBMIT_REQUEST
07-08 14:35:18.575  1271  6516 D UmdCamera: Camera submit request
07-08 14:35:18.615  1271  1327 D UmdCamera: ShutterCb 
07-08 14:35:18.646  1271  1327 E vendor.qti.hardware.umd-camera-service: Perform: Unrecognized action to perform.
07-08 14:35:18.647  1271  6516 D UmdCamera: CAMERA_SUBMIT_REQUEST
07-08 14:35:18.647  1271  6516 D UmdCamera: Camera submit request
07-08 14:35:18.649  1271  1327 D UmdCamera: ShutterCb 
07-08 14:35:18.680  1271  1327 E vendor.qti.hardware.umd-camera-service: Perform: Unrecognized action to perform.
07-08 14:35:18.681  1271  6516 D UmdCamera: CAMERA_SUBMIT_REQUEST
07-08 14:35:18.681  1271  6516 D UmdCamera: Camera submit request
07-08 14:35:18.715  1271  1327 D UmdCamera: ShutterCb 
07-08 14:35:18.749  1271  1327 E vendor.qti.hardware.umd-camera-service: Perform: Unrecognized action to perform.
07-08 14:35:18.750  1271  6516 D UmdCamera: CAMERA_SUBMIT_REQUEST
07-08 14:35:18.750  1271  6516 D UmdCamera: Camera submit request
07-08 14:35:18.752  1271  1327 D UmdCamera: ShutterCb 
07-08 14:35:18.774  1271  1327 E vendor.qti.hardware.umd-camera-service: Perform: Unrecognized action to perform.
07-08 14:35:18.775  1271  6516 D UmdCamera: CAMERA_SUBMIT_REQUEST
07-08 14:35:18.775  1271  6516 D UmdCamera: Camera submit request
07-08 14:35:18.815  1271  1327 D UmdCamera: ShutterCb 
07-08 14:35:18.847  1271  1327 E vendor.qti.hardware.umd-camera-service: Perform: Unrecognized action to perform.
07-08 14:35:18.847  1271  6516 D UmdCamera: CAMERA_SUBMIT_REQUEST
07-08 14:35:18.848  1271  6516 D UmdCamera: Camera submit request
07-08 14:35:18.850  1271  1327 D UmdCamera: ShutterCb 
07-08 14:35:18.876  1271  1327 E vendor.qti.hardware.umd-camera-service: Perform: Unrecognized action to perform.
07-08 14:35:18.877  1271  6516 D UmdCamera: CAMERA_SUBMIT_REQUEST
07-08 14:35:18.877  1271  6516 D UmdCamera: Camera submit request
07-08 14:35:18.915  1271  1327 D UmdCamera: ShutterCb 
07-08 14:35:18.944  1271  1327 E vendor.qti.hardware.umd-camera-service: Perform: Unrecognized action to perform.
07-08 14:35:18.945  1271  6516 D UmdCamera: CAMERA_SUBMIT_REQUEST
07-08 14:35:18.945  1271  6516 D UmdCamera: Camera submit request
07-08 14:35:18.948  1271  1327 D UmdCamera: ShutterCb 
07-08 14:35:18.974  1271  1327 E vendor.qti.hardware.umd-camera-service: Perform: Unrecognized action to perform.
07-08 14:35:18.975  1271  6516 D UmdCamera: CAMERA_SUBMIT_REQUEST
07-08 14:35:18.975  1271  6516 D UmdCamera: Camera submit request
07-08 14:35:18.981  1271  1327 D UmdCamera: ShutterCb 
07-08 14:35:19.012  1271  1327 E vendor.qti.hardware.umd-camera-service: Perform: Unrecognized action to perform.
07-08 14:35:19.012  1271  6516 D UmdCamera: CAMERA_SUBMIT_REQUEST
07-08 14:35:19.013  1271  6516 D UmdCamera: Camera submit request
07-08 14:35:19.015  1271  1327 D UmdCamera: ShutterCb 
07-08 14:35:19.046  1271  1327 E vendor.qti.hardware.umd-camera-service: Perform: Unrecognized action to perform.
07-08 14:35:19.046  1271  6516 D UmdCamera: CAMERA_SUBMIT_REQUEST
07-08 14:35:19.046  1271  6516 D UmdCamera: Camera submit request
07-08 14:35:19.048  1271  1327 D UmdCamera: ShutterCb 
07-08 14:35:19.080  1271  1327 E vendor.qti.hardware.umd-camera-service: Perform: Unrecognized action to perform.
07-08 14:35:19.081  1271  6516 D UmdCamera: CAMERA_SUBMIT_REQUEST
07-08 14:35:19.081  1271  6516 D UmdCamera: Camera submit request
07-08 14:35:19.083  1271 31945 D UmdCamera: ShutterCb 
07-08 14:35:19.110  1271 31945 E vendor.qti.hardware.umd-camera-service: Perform: Unrecognized action to perform.
07-08 14:35:19.112  1271  6516 D UmdCamera: CAMERA_SUBMIT_REQUEST
07-08 14:35:19.112  1271  6516 D UmdCamera: Camera submit request
07-08 14:35:19.117  1271 31945 D UmdCamera: ShutterCb 
07-08 14:35:19.144  1271 31945 E vendor.qti.hardware.umd-camera-service: Perform: Unrecognized action to perform.
07-08 14:35:19.145  1271  6516 D UmdCamera: CAMERA_SUBMIT_REQUEST
07-08 14:35:19.145  1271  6516 D UmdCamera: Camera submit request
07-08 14:35:19.149  1271 31945 D UmdCamera: ShutterCb 
07-08 14:35:19.181  1271 31945 D UmdCamera: ShutterCb 
07-08 14:35:19.182  1271 31945 E vendor.qti.hardware.umd-camera-service: Perform: Unrecognized action to perform.
07-08 14:35:19.183  1271  6516 D UmdCamera: CAMERA_SUBMIT_REQUEST
07-08 14:35:19.183  1271  6516 D UmdCamera: Camera submit request
07-08 14:35:19.211  1271 31945 E vendor.qti.hardware.umd-camera-service: Perform: Unrecognized action to perform.
07-08 14:35:19.212  1271  6516 D UmdCamera: CAMERA_SUBMIT_REQUEST
07-08 14:35:19.213  1271  6516 D UmdCamera: Camera submit request
07-08 14:35:19.215  1271 31945 D UmdCamera: ShutterCb 
07-08 14:35:19.244  1271 31945 E vendor.qti.hardware.umd-camera-service: Perform: Unrecognized action to perform.
07-08 14:35:19.245  1271  6516 D UmdCamera: CAMERA_SUBMIT_REQUEST
07-08 14:35:19.245  1271  6516 D UmdCamera: Camera submit request
07-08 14:35:19.248  1271 31945 D UmdCamera: ShutterCb 
07-08 14:35:19.279  1271 31945 E vendor.qti.hardware.umd-camera-service: Perform: Unrecognized action to perform.
07-08 14:35:19.279  1271  6516 D UmdCamera: CAMERA_SUBMIT_REQUEST
07-08 14:35:19.280  1271  6516 D UmdCamera: Camera submit request
07-08 14:35:19.281  1271 31945 D UmdCamera: ShutterCb 
07-08 14:35:19.313  1271 31945 E vendor.qti.hardware.umd-camera-service: Perform: Unrecognized action to perform.
07-08 14:35:19.313  1271  6516 D UmdCamera: CAMERA_SUBMIT_REQUEST
07-08 14:35:19.313  1271  6516 D UmdCamera: Camera submit request
07-08 14:35:19.315  1271 31945 D UmdCamera: ShutterCb 
07-08 14:35:19.343  1271 31945 E vendor.qti.hardware.umd-camera-service: Perform: Unrecognized action to perform.
07-08 14:35:19.344  1271  6516 D UmdCamera: CAMERA_SUBMIT_REQUEST
07-08 14:35:19.344  1271  6516 D UmdCamera: Camera submit request
07-08 14:35:19.348  1271 31945 D UmdCamera: ShutterCb 
07-08 14:35:19.375  1271 31945 E vendor.qti.hardware.umd-camera-service: Perform: Unrecognized action to perform.
07-08 14:35:19.375  1271  6516 D UmdCamera: CAMERA_SUBMIT_REQUEST
07-08 14:35:19.376  1271  6516 D UmdCamera: Camera submit request
07-08 14:35:19.381  1271 31945 D UmdCamera: ShutterCb 
07-08 14:35:19.408  1271 31945 E vendor.qti.hardware.umd-camera-service: Perform: Unrecognized action to perform.
07-08 14:35:19.409  1271  6516 D UmdCamera: CAMERA_SUBMIT_REQUEST
07-08 14:35:19.409  1271  6516 D UmdCamera: Camera submit request
07-08 14:35:19.414  1271 31945 D UmdCamera: ShutterCb 
07-08 14:35:19.442  1271 31945 E vendor.qti.hardware.umd-camera-service: Perform: Unrecognized action to perform.
07-08 14:35:19.443  1271  6516 D UmdCamera: CAMERA_SUBMIT_REQUEST
07-08 14:35:19.444  1271  6516 D UmdCamera: Camera submit request
07-08 14:35:19.448  1271 31945 D UmdCamera: ShutterCb 
07-08 14:35:19.479  1271 31945 E vendor.qti.hardware.umd-camera-service: Perform: Unrecognized action to perform.
07-08 14:35:19.480  1271  6516 D UmdCamera: CAMERA_SUBMIT_REQUEST
07-08 14:35:19.480  1271  6516 D UmdCamera: Camera submit request
07-08 14:35:19.481  1271 31945 D UmdCamera: ShutterCb 
07-08 14:35:19.508  1271 31945 E vendor.qti.hardware.umd-camera-service: Perform: Unrecognized action to perform.
07-08 14:35:19.509  1271  6516 D UmdCamera: CAMERA_SUBMIT_REQUEST
07-08 14:35:19.509  1271  6516 D UmdCamera: Camera submit request
07-08 14:35:19.516  1271 31945 D UmdCamera: ShutterCb 
07-08 14:35:19.545  1271 31945 E vendor.qti.hardware.umd-camera-service: Perform: Unrecognized action to perform.
07-08 14:35:19.545  1271  6516 D UmdCamera: CAMERA_SUBMIT_REQUEST
07-08 14:35:19.545  1271  6516 D UmdCamera: Camera submit request
07-08 14:35:19.550  1271 31945 D UmdCamera: ShutterCb 
07-08 14:35:19.578  1271 31945 E vendor.qti.hardware.umd-camera-service: Perform: Unrecognized action to perform.
07-08 14:35:19.578  1271  6516 D UmdCamera: CAMERA_SUBMIT_REQUEST
07-08 14:35:19.578  1271  6516 D UmdCamera: Camera submit request
07-08 14:35:19.581  1271 31945 D UmdCamera: ShutterCb 
07-08 14:35:19.611  1271 31945 E vendor.qti.hardware.umd-camera-service: Perform: Unrecognized action to perform.
07-08 14:35:19.612  1271  6516 D UmdCamera: CAMERA_SUBMIT_REQUEST
07-08 14:35:19.612  1271  6516 D UmdCamera: Camera submit request
07-08 14:35:19.617  1271 31945 D UmdCamera: ShutterCb 
07-08 14:35:19.642  1271 31945 E vendor.qti.hardware.umd-camera-service: Perform: Unrecognized action to perform.
07-08 14:35:19.643  1271  6516 D UmdCamera: CAMERA_SUBMIT_REQUEST
07-08 14:35:19.643  1271  6516 D UmdCamera: Camera submit request
07-08 14:35:19.648  1271 31945 D UmdCamera: ShutterCb 
07-08 14:35:19.678  1271 31945 E vendor.qti.hardware.umd-camera-service: Perform: Unrecognized action to perform.
07-08 14:35:19.678  1271  6516 D UmdCamera: CAMERA_SUBMIT_REQUEST
07-08 14:35:19.678  1271  6516 D UmdCamera: Camera submit request
07-08 14:35:19.682  1271 31945 D UmdCamera: ShutterCb 
07-08 14:35:19.709  1271 31945 E vendor.qti.hardware.umd-camera-service: Perform: Unrecognized action to perform.
07-08 14:35:19.709  1271  6516 D UmdCamera: CAMERA_SUBMIT_REQUEST
07-08 14:35:19.709  1271  6516 D UmdCamera: Camera submit request
07-08 14:35:19.714  1271 31945 D UmdCamera: ShutterCb 
07-08 14:35:19.742  1271 31945 E vendor.qti.hardware.umd-camera-service: Perform: Unrecognized action to perform.
07-08 14:35:19.742  1271  6516 D UmdCamera: CAMERA_SUBMIT_REQUEST
07-08 14:35:19.742  1271  6516 D UmdCamera: Camera submit request
07-08 14:35:19.748  1271 31945 D UmdCamera: ShutterCb 
07-08 14:35:19.774  1271 31945 E vendor.qti.hardware.umd-camera-service: Perform: Unrecognized action to perform.
07-08 14:35:19.774  1271  6516 D UmdCamera: CAMERA_SUBMIT_REQUEST
07-08 14:35:19.775  1271  6516 D UmdCamera: Camera submit request
07-08 14:35:19.781  1271 31945 D UmdCamera: ShutterCb 
07-08 14:35:19.813  1271 31945 E vendor.qti.hardware.umd-camera-service: Perform: Unrecognized action to perform.
07-08 14:35:19.813  1271  6516 D UmdCamera: CAMERA_SUBMIT_REQUEST
07-08 14:35:19.813  1271  6516 D UmdCamera: Camera submit request
07-08 14:35:19.815  1271 31945 D UmdCamera: ShutterCb 
07-08 14:35:19.848  1271 31945 E vendor.qti.hardware.umd-camera-service: Perform: Unrecognized action to perform.
07-08 14:35:19.849  1271  6516 D UmdCamera: CAMERA_SUBMIT_REQUEST
07-08 14:35:19.849  1271  6516 D UmdCamera: Camera submit request
07-08 14:35:19.854  1271 31945 D UmdCamera: ShutterCb 
07-08 14:35:19.876  1271 31945 E vendor.qti.hardware.umd-camera-service: Perform: Unrecognized action to perform.
07-08 14:35:19.877  1271  6516 D UmdCamera: CAMERA_SUBMIT_REQUEST
07-08 14:35:19.877  1271  6516 D UmdCamera: Camera submit request
07-08 14:35:19.881  1271 31945 D UmdCamera: ShutterCb 
07-08 14:35:19.910  1271 31945 E vendor.qti.hardware.umd-camera-service: Perform: Unrecognized action to perform.
07-08 14:35:19.915  1271  6516 D UmdCamera: CAMERA_SUBMIT_REQUEST
07-08 14:35:19.915  1271  6516 D UmdCamera: Camera submit request
07-08 14:35:19.915  1271 31945 D UmdCamera: ShutterCb 
07-08 14:35:19.945  1271 31945 E vendor.qti.hardware.umd-camera-service: Perform: Unrecognized action to perform.
07-08 14:35:19.946  1271  6516 D UmdCamera: CAMERA_SUBMIT_REQUEST
07-08 14:35:19.946  1271  6516 D UmdCamera: Camera submit request
07-08 14:35:19.950  1271 31945 D UmdCamera: ShutterCb 
07-08 14:35:19.974  1271 31945 E vendor.qti.hardware.umd-camera-service: Perform: Unrecognized action to perform.
07-08 14:35:19.975  1271  6516 D UmdCamera: CAMERA_SUBMIT_REQUEST
07-08 14:35:19.975  1271  6516 D UmdCamera: Camera submit request
07-08 14:35:19.981  1271 31945 D UmdCamera: ShutterCb 
07-08 14:35:20.008  1271 31945 E vendor.qti.hardware.umd-camera-service: Perform: Unrecognized action to perform.
07-08 14:35:20.009  1271  6516 D UmdCamera: CAMERA_SUBMIT_REQUEST
07-08 14:35:20.009  1271  6516 D UmdCamera: Camera submit request
07-08 14:35:20.014  1271 31945 D UmdCamera: ShutterCb 
07-08 14:35:20.041  1271 31945 E vendor.qti.hardware.umd-camera-service: Perform: Unrecognized action to perform.
07-08 14:35:20.041  1271  6516 D UmdCamera: CAMERA_SUBMIT_REQUEST
07-08 14:35:20.041  1271  6516 D UmdCamera: Camera submit request
07-08 14:35:20.048  1271 31945 D UmdCamera: ShutterCb 
07-08 14:35:20.080  1271 31945 E vendor.qti.hardware.umd-camera-service: Perform: Unrecognized action to perform.
07-08 14:35:20.081  1271  6516 D UmdCamera: CAMERA_SUBMIT_REQUEST
07-08 14:35:20.081  1271  6516 D UmdCamera: Camera submit request
07-08 14:35:20.085  1271 31945 D UmdCamera: ShutterCb 
07-08 14:35:20.112  1271 31945 E vendor.qti.hardware.umd-camera-service: Perform: Unrecognized action to perform.
07-08 14:35:20.112  1271  6516 D UmdCamera: CAMERA_SUBMIT_REQUEST
07-08 14:35:20.112  1271  6516 D UmdCamera: Camera submit request
07-08 14:35:20.114  1271 31945 D UmdCamera: ShutterCb 
07-08 14:35:20.144  1271 31945 E vendor.qti.hardware.umd-camera-service: Perform: Unrecognized action to perform.
07-08 14:35:20.144  1271  6516 D UmdCamera: CAMERA_SUBMIT_REQUEST
07-08 14:35:20.144  1271  6516 D UmdCamera: Camera submit request
07-08 14:35:20.148  1271 31945 D UmdCamera: ShutterCb 
07-08 14:35:20.178  1271 31945 E vendor.qti.hardware.umd-camera-service: Perform: Unrecognized action to perform.
07-08 14:35:20.183  1271 31945 D UmdCamera: ShutterCb 
07-08 14:35:20.183  1271  6516 D UmdCamera: CAMERA_SUBMIT_REQUEST
07-08 14:35:20.183  1271  6516 D UmdCamera: Camera submit request
07-08 14:35:20.213  1271 31945 E vendor.qti.hardware.umd-camera-service: Perform: Unrecognized action to perform.
07-08 14:35:20.213  1271  6516 D UmdCamera: CAMERA_SUBMIT_REQUEST
07-08 14:35:20.214  1271  6516 D UmdCamera: Camera submit request
07-08 14:35:20.215  1271 31945 D UmdCamera: ShutterCb 
07-08 14:35:20.243  1271 31945 E vendor.qti.hardware.umd-camera-service: Perform: Unrecognized action to perform.
07-08 14:35:20.244  1271  6516 D UmdCamera: CAMERA_SUBMIT_REQUEST
07-08 14:35:20.244  1271  6516 D UmdCamera: Camera submit request
07-08 14:35:20.248  1271 31945 D UmdCamera: ShutterCb 
07-08 14:35:20.278  1271 31945 E vendor.qti.hardware.umd-camera-service: Perform: Unrecognized action to perform.
07-08 14:35:20.278  1271  6516 D UmdCamera: CAMERA_SUBMIT_REQUEST
07-08 14:35:20.279  1271  6516 D UmdCamera: Camera submit request
07-08 14:35:20.283  1271 31945 D UmdCamera: ShutterCb 
07-08 14:35:20.309  1271 31945 E vendor.qti.hardware.umd-camera-service: Perform: Unrecognized action to perform.
07-08 14:35:20.310  1271  6516 D UmdCamera: CAMERA_SUBMIT_REQUEST
07-08 14:35:20.310  1271  6516 D UmdCamera: Camera submit request
07-08 14:35:20.314  1271 31945 D UmdCamera: ShutterCb 
07-08 14:35:20.343  1271 31945 E vendor.qti.hardware.umd-camera-service: Perform: Unrecognized action to perform.
07-08 14:35:20.344  1271  6516 D UmdCamera: CAMERA_SUBMIT_REQUEST
07-08 14:35:20.344  1271  6516 D UmdCamera: Camera submit request
07-08 14:35:20.348  1271 31945 D UmdCamera: ShutterCb 
07-08 14:35:20.376  1271 31945 E vendor.qti.hardware.umd-camera-service: Perform: Unrecognized action to perform.
07-08 14:35:20.376  1271  6516 D UmdCamera: CAMERA_SUBMIT_REQUEST
07-08 14:35:20.376  1271  6516 D UmdCamera: Camera submit request
07-08 14:35:20.381  1271 31945 D UmdCamera: ShutterCb 
07-08 14:35:20.412  1271 31945 E vendor.qti.hardware.umd-camera-service: Perform: Unrecognized action to perform.
07-08 14:35:20.413  1271  6516 D UmdCamera: CAMERA_SUBMIT_REQUEST
07-08 14:35:20.413  1271  6516 D UmdCamera: Camera submit request
07-08 14:35:20.415  1271 31945 D UmdCamera: ShutterCb 
07-08 14:35:20.447  1271 31945 E vendor.qti.hardware.umd-camera-service: Perform: Unrecognized action to perform.
07-08 14:35:20.447  1271  6516 D UmdCamera: CAMERA_SUBMIT_REQUEST
07-08 14:35:20.447  1271  6516 D UmdCamera: Camera submit request
07-08 14:35:20.454  1271 31945 D UmdCamera: ShutterCb 
07-08 14:35:20.480  1271 31945 E vendor.qti.hardware.umd-camera-service: Perform: Unrecognized action to perform.
07-08 14:35:20.480  1271  6516 D UmdCamera: CAMERA_SUBMIT_REQUEST
07-08 14:35:20.480  1271  6516 D UmdCamera: Camera submit request
07-08 14:35:20.482  1271 31945 D UmdCamera: ShutterCb 
07-08 14:35:20.511  1271 31945 E vendor.qti.hardware.umd-camera-service: Perform: Unrecognized action to perform.
07-08 14:35:20.516  1271 31945 D UmdCamera: ShutterCb 
07-08 14:35:20.516  1271  6516 D UmdCamera: CAMERA_SUBMIT_REQUEST
07-08 14:35:20.516  1271  6516 D UmdCamera: Camera submit request
07-08 14:35:20.542  1271 31945 E vendor.qti.hardware.umd-camera-service: Perform: Unrecognized action to perform.
07-08 14:35:20.543  1271  6516 D UmdCamera: CAMERA_SUBMIT_REQUEST
07-08 14:35:20.543  1271  6516 D UmdCamera: Camera submit request
07-08 14:35:20.549  1271 31945 D UmdCamera: ShutterCb 
07-08 14:35:20.578  1271 31945 E vendor.qti.hardware.umd-camera-service: Perform: Unrecognized action to perform.
07-08 14:35:20.579  1271  6516 D UmdCamera: CAMERA_SUBMIT_REQUEST
07-08 14:35:20.579  1271  6516 D UmdCamera: Camera submit request
07-08 14:35:20.581  1271 31945 D UmdCamera: ShutterCb 
07-08 14:35:20.609  1271 31945 E vendor.qti.hardware.umd-camera-service: Perform: Unrecognized action to perform.
07-08 14:35:20.610  1271  6516 D UmdCamera: CAMERA_SUBMIT_REQUEST
07-08 14:35:20.610  1271  6516 D UmdCamera: Camera submit request
07-08 14:35:20.615  1271 31945 D UmdCamera: ShutterCb 
07-08 14:35:20.646  1271 31945 E vendor.qti.hardware.umd-camera-service: Perform: Unrecognized action to perform.
07-08 14:35:20.648  1271 31945 D UmdCamera: ShutterCb 
07-08 14:35:20.652  1271  6516 D UmdCamera: CAMERA_SUBMIT_REQUEST
07-08 14:35:20.652  1271  6516 D UmdCamera: Camera submit request
07-08 14:35:20.676  1271 31945 E vendor.qti.hardware.umd-camera-service: Perform: Unrecognized action to perform.
07-08 14:35:20.681  1271  6516 D UmdCamera: CAMERA_SUBMIT_REQUEST
07-08 14:35:20.681  1271 31945 D UmdCamera: ShutterCb 
07-08 14:35:20.681  1271  6516 D UmdCamera: Camera submit request
07-08 14:35:20.712  1271 31945 E vendor.qti.hardware.umd-camera-service: Perform: Unrecognized action to perform.
07-08 14:35:20.712  1271  6516 D UmdCamera: CAMERA_SUBMIT_REQUEST
07-08 14:35:20.712  1271  6516 D UmdCamera: Camera submit request
07-08 14:35:20.717  1271 31945 D UmdCamera: ShutterCb 
07-08 14:35:20.742  1271 31945 E vendor.qti.hardware.umd-camera-service: Perform: Unrecognized action to perform.
07-08 14:35:20.746  1271  6516 D UmdCamera: CAMERA_SUBMIT_REQUEST
07-08 14:35:20.746  1271  6516 D UmdCamera: Camera submit request
07-08 14:35:20.748  1271 31945 D UmdCamera: ShutterCb 
07-08 14:35:20.777  1271 31945 E vendor.qti.hardware.umd-camera-service: Perform: Unrecognized action to perform.
07-08 14:35:20.777  1271  6516 D UmdCamera: CAMERA_SUBMIT_REQUEST
07-08 14:35:20.777  1271  6516 D UmdCamera: Camera submit request
07-08 14:35:20.781  1271 31945 D UmdCamera: ShutterCb 
07-08 14:35:20.811  1271 31945 E vendor.qti.hardware.umd-camera-service: Perform: Unrecognized action to perform.
07-08 14:35:20.812  1271  6516 D UmdCamera: CAMERA_SUBMIT_REQUEST
07-08 14:35:20.813  1271  6516 D UmdCamera: Camera submit request
07-08 14:35:20.816  1271 31945 D UmdCamera: ShutterCb 
07-08 14:35:20.841  1271 31945 E vendor.qti.hardware.umd-camera-service: Perform: Unrecognized action to perform.
07-08 14:35:20.846  1271  6516 D UmdCamera: CAMERA_SUBMIT_REQUEST
07-08 14:35:20.846  1271  6516 D UmdCamera: Camera submit request
07-08 14:35:20.848  1271 31945 D UmdCamera: ShutterCb 
07-08 14:35:20.881  1271 31945 E vendor.qti.hardware.umd-camera-service: Perform: Unrecognized action to perform.
07-08 14:35:20.883  1271  1327 D UmdCamera: ShutterCb 
07-08 14:35:20.881  1271  6516 D UmdCamera: CAMERA_SUBMIT_REQUEST
07-08 14:35:20.885  1271  6516 D UmdCamera: Camera submit request
07-08 14:35:20.910  1271  1327 E vendor.qti.hardware.umd-camera-service: Perform: Unrecognized action to perform.
07-08 14:35:20.910  1271  6516 D UmdCamera: CAMERA_SUBMIT_REQUEST
07-08 14:35:20.911  1271  6516 D UmdCamera: Camera submit request
07-08 14:35:20.917  1271  1327 D UmdCamera: ShutterCb 
07-08 14:35:20.948  1271  1327 D UmdCamera: ShutterCb 
07-08 14:35:20.950  1271  1327 E vendor.qti.hardware.umd-camera-service: Perform: Unrecognized action to perform.
07-08 14:35:20.950  1271  6516 D UmdCamera: CAMERA_SUBMIT_REQUEST
07-08 14:35:20.951  1271  6516 D UmdCamera: Camera submit request
07-08 14:35:20.976  1271  1327 E vendor.qti.hardware.umd-camera-service: Perform: Unrecognized action to perform.
07-08 14:35:20.976  1271  6516 D UmdCamera: CAMERA_SUBMIT_REQUEST
07-08 14:35:20.976  1271  6516 D UmdCamera: Camera submit request
07-08 14:35:20.981  1271  1327 D UmdCamera: ShutterCb 
07-08 14:35:21.008  1271  1327 E vendor.qti.hardware.umd-camera-service: Perform: Unrecognized action to perform.
07-08 14:35:21.008  1271  6516 D UmdCamera: CAMERA_SUBMIT_REQUEST
07-08 14:35:21.008  1271  6516 D UmdCamera: Camera submit request
07-08 14:35:21.014  1271  1327 D UmdCamera: ShutterCb 
07-08 14:35:21.044  1271  1327 E vendor.qti.hardware.umd-camera-service: Perform: Unrecognized action to perform.
07-08 14:35:21.044  1271  6516 D UmdCamera: CAMERA_SUBMIT_REQUEST
07-08 14:35:21.048  1271  6516 D UmdCamera: Camera submit request
07-08 14:35:21.048  1271  1327 D UmdCamera: ShutterCb 
07-08 14:35:21.076  1271  1327 E vendor.qti.hardware.umd-camera-service: Perform: Unrecognized action to perform.
07-08 14:35:21.076  1271  6516 D UmdCamera: CAMERA_SUBMIT_REQUEST
07-08 14:35:21.076  1271  6516 D UmdCamera: Camera submit request
07-08 14:35:21.081  1271  1327 D UmdCamera: ShutterCb 
07-08 14:35:21.111  1271  1327 E vendor.qti.hardware.umd-camera-service: Perform: Unrecognized action to perform.
07-08 14:35:21.112  1271  6516 D UmdCamera: CAMERA_SUBMIT_REQUEST
07-08 14:35:21.112  1271  6516 D UmdCamera: Camera submit request
07-08 14:35:21.116  1271  1327 D UmdCamera: ShutterCb 
07-08 14:35:21.142  1271  1327 E vendor.qti.hardware.umd-camera-service: Perform: Unrecognized action to perform.
07-08 14:35:21.142  1271  6516 D UmdCamera: CAMERA_SUBMIT_REQUEST
07-08 14:35:21.142  1271  6516 D UmdCamera: Camera submit request
07-08 14:35:21.147  1271  1327 D UmdCamera: ShutterCb 
07-08 14:35:21.178  1271  1327 E vendor.qti.hardware.umd-camera-service: Perform: Unrecognized action to perform.
07-08 14:35:21.183  1271  6516 D UmdCamera: CAMERA_SUBMIT_REQUEST
07-08 14:35:21.183  1271  6516 D UmdCamera: Camera submit request
07-08 14:35:21.184  1271  1327 D UmdCamera: ShutterCb 
07-08 14:35:21.211  1271  1327 E vendor.qti.hardware.umd-camera-service: Perform: Unrecognized action to perform.
07-08 14:35:21.211  1271  6516 D UmdCamera: CAMERA_SUBMIT_REQUEST
07-08 14:35:21.211  1271  6516 D UmdCamera: Camera submit request
07-08 14:35:21.215  1271  1327 D UmdCamera: ShutterCb 
07-08 14:35:21.241  1271 31945 E vendor.qti.hardware.umd-camera-service: Perform: Unrecognized action to perform.
07-08 14:35:21.242  1271  6516 D UmdCamera: CAMERA_SUBMIT_REQUEST
07-08 14:35:21.242  1271  6516 D UmdCamera: Camera submit request
07-08 14:35:21.248  1271 31945 D UmdCamera: ShutterCb 
07-08 14:35:21.278  1271 31945 E vendor.qti.hardware.umd-camera-service: Perform: Unrecognized action to perform.
07-08 14:35:21.278  1271  6516 D UmdCamera: CAMERA_SUBMIT_REQUEST
07-08 14:35:21.278  1271  6516 D UmdCamera: Camera submit request
07-08 14:35:21.284  1271 31945 D UmdCamera: ShutterCb 
07-08 14:35:21.310  1271 31945 E vendor.qti.hardware.umd-camera-service: Perform: Unrecognized action to perform.
07-08 14:35:21.310  1271  6516 D UmdCamera: CAMERA_SUBMIT_REQUEST
07-08 14:35:21.310  1271  6516 D UmdCamera: Camera submit request
07-08 14:35:21.315  1271 31945 D UmdCamera: ShutterCb 
07-08 14:35:21.347  1271 31945 E vendor.qti.hardware.umd-camera-service: Perform: Unrecognized action to perform.
07-08 14:35:21.347  1271  6516 D UmdCamera: CAMERA_SUBMIT_REQUEST
07-08 14:35:21.347  1271  6516 D UmdCamera: Camera submit request
07-08 14:35:21.348  1271  1327 D UmdCamera: ShutterCb 
07-08 14:35:21.379  1271  1327 E vendor.qti.hardware.umd-camera-service: Perform: Unrecognized action to perform.
07-08 14:35:21.380  1271  6516 D UmdCamera: CAMERA_SUBMIT_REQUEST
07-08 14:35:21.380  1271  6516 D UmdCamera: Camera submit request
07-08 14:35:21.382  1271 31945 D UmdCamera: ShutterCb 
07-08 14:35:21.411  1271 31945 E vendor.qti.hardware.umd-camera-service: Perform: Unrecognized action to perform.
07-08 14:35:21.411  1271  6516 D UmdCamera: CAMERA_SUBMIT_REQUEST
07-08 14:35:21.411  1271  6516 D UmdCamera: Camera submit request
07-08 14:35:21.416  1271 31945 D UmdCamera: ShutterCb 
07-08 14:35:21.442  1271 31945 E vendor.qti.hardware.umd-camera-service: Perform: Unrecognized action to perform.
07-08 14:35:21.443  1271  6516 D UmdCamera: CAMERA_SUBMIT_REQUEST
07-08 14:35:21.443  1271  6516 D UmdCamera: Camera submit request
07-08 14:35:21.447  1271 31945 D UmdCamera: ShutterCb 
07-08 14:35:21.475  1271 31945 E vendor.qti.hardware.umd-camera-service: Perform: Unrecognized action to perform.
07-08 14:35:21.476  1271  6516 D UmdCamera: CAMERA_SUBMIT_REQUEST
07-08 14:35:21.476  1271  6516 D UmdCamera: Camera submit request
07-08 14:35:21.481  1271 31945 D UmdCamera: ShutterCb 
07-08 14:35:21.509  1271 31945 E vendor.qti.hardware.umd-camera-service: Perform: Unrecognized action to perform.
07-08 14:35:21.510  1271  6516 D UmdCamera: CAMERA_SUBMIT_REQUEST
07-08 14:35:21.510  1271  6516 D UmdCamera: Camera submit request
07-08 14:35:21.515  1271 31945 D UmdCamera: ShutterCb 
07-08 14:35:21.544  1271 31945 E vendor.qti.hardware.umd-camera-service: Perform: Unrecognized action to perform.
07-08 14:35:21.544  1271  6516 D UmdCamera: CAMERA_SUBMIT_REQUEST
07-08 14:35:21.544  1271  6516 D UmdCamera: Camera submit request
07-08 14:35:21.550  1271 31945 D UmdCamera: ShutterCb 
07-08 14:35:21.576  1271 31945 E vendor.qti.hardware.umd-camera-service: Perform: Unrecognized action to perform.
07-08 14:35:21.577  1271  6516 D UmdCamera: CAMERA_SUBMIT_REQUEST
07-08 14:35:21.578  1271  6516 D UmdCamera: Camera submit request
07-08 14:35:21.581  1271 31945 D UmdCamera: ShutterCb 
07-08 14:35:21.612  1271 31945 E vendor.qti.hardware.umd-camera-service: Perform: Unrecognized action to perform.
07-08 14:35:21.612  1271  6516 D UmdCamera: CAMERA_SUBMIT_REQUEST
07-08 14:35:21.612  1271  6516 D UmdCamera: Camera submit request
07-08 14:35:21.614  1271 31945 D UmdCamera: ShutterCb 
07-08 14:35:21.645  1271 31945 E vendor.qti.hardware.umd-camera-service: Perform: Unrecognized action to perform.
07-08 14:35:21.645  1271  6516 D UmdCamera: CAMERA_SUBMIT_REQUEST
07-08 14:35:21.646  1271  6516 D UmdCamera: Camera submit request
07-08 14:35:21.647  1271 31945 D UmdCamera: ShutterCb 
07-08 14:35:21.678  1271 31945 E vendor.qti.hardware.umd-camera-service: Perform: Unrecognized action to perform.
07-08 14:35:21.679  1271  6516 D UmdCamera: CAMERA_SUBMIT_REQUEST
07-08 14:35:21.679  1271  6516 D UmdCamera: Camera submit request
07-08 14:35:21.684  1271 31945 D UmdCamera: ShutterCb 
07-08 14:35:21.711  1271 31945 E vendor.qti.hardware.umd-camera-service: Perform: Unrecognized action to perform.
07-08 14:35:21.711  1271  6516 D UmdCamera: CAMERA_SUBMIT_REQUEST
07-08 14:35:21.711  1271  6516 D UmdCamera: Camera submit request
07-08 14:35:21.714  1271 31945 D UmdCamera: ShutterCb 
07-08 14:35:21.747  1271 31945 E vendor.qti.hardware.umd-camera-service: Perform: Unrecognized action to perform.
07-08 14:35:21.747  1271  6516 D UmdCamera: CAMERA_SUBMIT_REQUEST
07-08 14:35:21.747  1271  6516 D UmdCamera: Camera submit request
07-08 14:35:21.749  1271 31945 D UmdCamera: ShutterCb 
07-08 14:35:21.775  1271 31945 E vendor.qti.hardware.umd-camera-service: Perform: Unrecognized action to perform.
07-08 14:35:21.776  1271  6516 D UmdCamera: CAMERA_SUBMIT_REQUEST
07-08 14:35:21.776  1271  6516 D UmdCamera: Camera submit request
07-08 14:35:21.781  1271 31945 D UmdCamera: ShutterCb 
07-08 14:35:21.810  1271 31945 E vendor.qti.hardware.umd-camera-service: Perform: Unrecognized action to perform.
07-08 14:35:21.810  1271  6516 D UmdCamera: CAMERA_SUBMIT_REQUEST
07-08 14:35:21.811  1271  6516 D UmdCamera: Camera submit request
07-08 14:35:21.816  1271 31945 D UmdCamera: ShutterCb 
07-08 14:35:21.842  1271 31945 E vendor.qti.hardware.umd-camera-service: Perform: Unrecognized action to perform.
07-08 14:35:21.843  1271  6516 D UmdCamera: CAMERA_SUBMIT_REQUEST
07-08 14:35:21.843  1271  6516 D UmdCamera: Camera submit request
07-08 14:35:21.848  1271 31945 D UmdCamera: ShutterCb 
07-08 14:35:21.879  1271 31945 E vendor.qti.hardware.umd-camera-service: Perform: Unrecognized action to perform.
07-08 14:35:21.879  1271  6516 D UmdCamera: CAMERA_SUBMIT_REQUEST
07-08 14:35:21.879  1271  6516 D UmdCamera: Camera submit request
07-08 14:35:21.880  1271 31945 D UmdCamera: ShutterCb 
07-08 14:35:21.910  1271 31945 E vendor.qti.hardware.umd-camera-service: Perform: Unrecognized action to perform.
07-08 14:35:21.911  1271  6516 D UmdCamera: CAMERA_SUBMIT_REQUEST
07-08 14:35:21.911  1271  6516 D UmdCamera: Camera submit request
07-08 14:35:21.915  1271 31945 D UmdCamera: ShutterCb 
07-08 14:35:21.942  1271 31945 E vendor.qti.hardware.umd-camera-service: Perform: Unrecognized action to perform.
07-08 14:35:21.943  1271  6516 D UmdCamera: CAMERA_SUBMIT_REQUEST
07-08 14:35:21.943  1271  6516 D UmdCamera: Camera submit request
07-08 14:35:21.948  1271 31945 D UmdCamera: ShutterCb 
07-08 14:35:21.978  1271 31945 E vendor.qti.hardware.umd-camera-service: Perform: Unrecognized action to perform.
07-08 14:35:21.978  1271  6516 D UmdCamera: CAMERA_SUBMIT_REQUEST
07-08 14:35:21.978  1271  6516 D UmdCamera: Camera submit request
07-08 14:35:21.981  1271 31945 D UmdCamera: ShutterCb 
07-08 14:35:22.011  1271 31945 E vendor.qti.hardware.umd-camera-service: Perform: Unrecognized action to perform.
07-08 14:35:22.011  1271  6516 D UmdCamera: CAMERA_SUBMIT_REQUEST
07-08 14:35:22.011  1271  6516 D UmdCamera: Camera submit request
07-08 14:35:22.015  1271 31945 D UmdCamera: ShutterCb 
07-08 14:35:22.047  1271 31945 E vendor.qti.hardware.umd-camera-service: Perform: Unrecognized action to perform.
07-08 14:35:22.048  1271  6516 D UmdCamera: CAMERA_SUBMIT_REQUEST
07-08 14:35:22.048  1271  6516 D UmdCamera: Camera submit request
07-08 14:35:22.049  1271 31945 D UmdCamera: ShutterCb 
07-08 14:35:22.077  1271 31945 E vendor.qti.hardware.umd-camera-service: Perform: Unrecognized action to perform.
07-08 14:35:22.080  1271 31945 D UmdCamera: ShutterCb 
07-08 14:35:22.082  1271  6516 D UmdCamera: CAMERA_SUBMIT_REQUEST
07-08 14:35:22.082  1271  6516 D UmdCamera: Camera submit request
07-08 14:35:22.110  1271 31945 E vendor.qti.hardware.umd-camera-service: Perform: Unrecognized action to perform.
07-08 14:35:22.110  1271  6516 D UmdCamera: CAMERA_SUBMIT_REQUEST
07-08 14:35:22.111  1271  6516 D UmdCamera: Camera submit request
07-08 14:35:22.114  1271 31945 D UmdCamera: ShutterCb 
07-08 14:35:22.143  1271 31945 E vendor.qti.hardware.umd-camera-service: Perform: Unrecognized action to perform.
07-08 14:35:22.143  1271  6516 D UmdCamera: CAMERA_SUBMIT_REQUEST
07-08 14:35:22.143  1271  6516 D UmdCamera: Camera submit request
07-08 14:35:22.148  1271 31945 D UmdCamera: ShutterCb 
07-08 14:35:22.177  1271 31945 E vendor.qti.hardware.umd-camera-service: Perform: Unrecognized action to perform.
07-08 14:35:22.177  1271  6516 D UmdCamera: CAMERA_SUBMIT_REQUEST
07-08 14:35:22.177  1271  6516 D UmdCamera: Camera submit request
07-08 14:35:22.181  1271 31945 D UmdCamera: ShutterCb 
07-08 14:35:22.211  1271 31945 E vendor.qti.hardware.umd-camera-service: Perform: Unrecognized action to perform.
07-08 14:35:22.212  1271  6516 D UmdCamera: CAMERA_SUBMIT_REQUEST
07-08 14:35:22.212  1271  6516 D UmdCamera: Camera submit request
07-08 14:35:22.219  1271 31945 D UmdCamera: ShutterCb 
07-08 14:35:22.242  1271 31945 E vendor.qti.hardware.umd-camera-service: Perform: Unrecognized action to perform.
07-08 14:35:22.243  1271  6516 D UmdCamera: CAMERA_SUBMIT_REQUEST
07-08 14:35:22.243  1271  6516 D UmdCamera: Camera submit request
07-08 14:35:22.249  1271 31945 D UmdCamera: ShutterCb 
07-08 14:35:22.276  1271 31945 E vendor.qti.hardware.umd-camera-service: Perform: Unrecognized action to perform.
